Archive member included because of file (symbol)

/home/ubuntu/NXT/nxtOSEK/ecrobot/../ecrobot/libecrobot.a(ecrobot_interface.o)
                              build/ecrobot_base.o (ecrobot_get_battery_voltage)
/home/ubuntu/NXT/nxtOSEK/ecrobot/../ecrobot/libecrobot.a(colorsensor.o)
                              /home/ubuntu/NXT/nxtOSEK/ecrobot/../ecrobot/libecrobot.a(ecrobot_interface.o) (colorsensor_init)
/home/ubuntu/NXT/nxtOSEK/ecrobot/../ecrobot/libecrobot.a(osek_hook.o)
                              build/kernel/osctl.o (StartupHook)
/home/ubuntu/NXT/nxtOSEK/ecrobot/../ecrobot/libecrobot.a(uart.oram)
                              build/config/at91sam7s-gnu/irq.oram (uart_isr_C_0)
/home/ubuntu/NXT/nxtOSEK/ecrobot/../ecrobot/libecrobot.a(systick.oram)
                              build/syslib/at91sam7s-gnu/lego_nxt/hw_sys_timer.oram (systick_low_priority_C)
/home/ubuntu/NXT/nxtOSEK/ecrobot/../ecrobot/libecrobot.a(byte_fifo.oram)
                              /home/ubuntu/NXT/nxtOSEK/ecrobot/../ecrobot/libecrobot.a(uart.oram) (byte_fifo_put)
/home/ubuntu/NXT/nxtOSEK/ecrobot/../ecrobot/libecrobot.a(aic.oram)
                              /home/ubuntu/NXT/nxtOSEK/ecrobot/../ecrobot/libecrobot.a(uart.oram) (aic_set_vector)
/home/ubuntu/NXT/nxtOSEK/ecrobot/../ecrobot/libecrobot.a(udp.oram)
                              build/config/at91sam7s-gnu/irq.oram (udp_isr_C)
/home/ubuntu/NXT/nxtOSEK/ecrobot/../ecrobot/libecrobot.a(twi.oram)
                              build/config/at91sam7s-gnu/irq.oram (twi_isr_C)
/home/ubuntu/NXT/nxtOSEK/ecrobot/../ecrobot/libecrobot.a(nxt_spi.oram)
                              build/config/at91sam7s-gnu/irq.oram (spi_isr_C)
/home/ubuntu/NXT/nxtOSEK/ecrobot/../ecrobot/libecrobot.a(nxt_motors.oram)
                              build/BRO_spam_client.o (nxt_motor_get_count)
/home/ubuntu/NXT/nxtOSEK/ecrobot/../ecrobot/libecrobot.a(data_abort.oram)
                              build/ecrobot_init.o (data_abort_C)
/home/ubuntu/NXT/nxtOSEK/ecrobot/../ecrobot/libecrobot.a(display.oram)
                              build/ecrobot_base.o (display_update)
/home/ubuntu/NXT/nxtOSEK/ecrobot/../ecrobot/libecrobot.a(i2c.oram)
                              build/config/at91sam7s-gnu/irq.oram (i2c_timer_isr_C)
/home/ubuntu/NXT/nxtOSEK/ecrobot/../ecrobot/libecrobot.a(sound.oram)
                              /home/ubuntu/NXT/nxtOSEK/ecrobot/../ecrobot/libecrobot.a(ecrobot_interface.o) (sound_get_time)
/home/ubuntu/NXT/nxtOSEK/ecrobot/../ecrobot/libecrobot.a(bt.oram)
                              build/ecrobot_bluetooth.o (bt_send)
/home/ubuntu/NXT/nxtOSEK/ecrobot/../ecrobot/libecrobot.a(nxt_avr.oram)
                              build/ecrobot_base.o (nxt_avr_power_down)
/home/ubuntu/NXT/nxtOSEK/ecrobot/../ecrobot/libecrobot.a(sensors.oram)
                              /home/ubuntu/NXT/nxtOSEK/ecrobot/../ecrobot/libecrobot.a(ecrobot_interface.o) (unset_digi0)
/home/ubuntu/NXT/nxtOSEK/ecrobot/../ecrobot/libecrobot.a(sensors1.oram)
                              /home/ubuntu/NXT/nxtOSEK/ecrobot/../ecrobot/libecrobot.a(colorsensor.o) (sensor_pins)
/home/ubuntu/NXT/nxtOSEK/ecrobot/../ecrobot/libecrobot.a(nxt_lcd.oram)
                              /home/ubuntu/NXT/nxtOSEK/ecrobot/../ecrobot/libecrobot.a(display.oram) (nxt_lcd_force_update)
/home/ubuntu/NXT/nxtOSEK/ecrobot/../ecrobot/libecrobot.a(flash_loader.oram)
                              build/ecrobot_base.o (set_flash_request)
/home/ubuntu/NXT/nxtOSEK/ecrobot/../ecrobot/libecrobot.a(interrupts.oram)
                              /home/ubuntu/NXT/nxtOSEK/ecrobot/../ecrobot/libecrobot.a(uart.oram) (interrupts_get_and_disable)
/home/ubuntu/NXT/nxtOSEK/ecrobot/../ecrobot/libecrobot.a(nxtosek_splash.obmp)
                              build/ecrobot_base.o (nxtosek_splash_bmp_start)
/home/ubuntu/NXT/nxtOSEK/ecrobot/../ecrobot/libecrobot.a(ecrobot_usb.o)
                              /home/ubuntu/NXT/nxtOSEK/ecrobot/../ecrobot/libecrobot.a(flash_loader.oram) (ecrobot_init_usb)
/home/ubuntu/NXT/nxtOSEK/ecrobot/../ecrobot/libecrobot.a(flashprog.oram)
                              /home/ubuntu/NXT/nxtOSEK/ecrobot/../ecrobot/libecrobot.a(flash_loader.oram) (flash_write_page)
/home/ubuntu/NXT/gnuarm/lib/gcc/arm-elf/4.4.2/../../../../arm-elf/lib/thumb/interwork/libm.a(lib_a-sf_sin.o)
                              build/common/simul_config.o (sinf)
/home/ubuntu/NXT/gnuarm/lib/gcc/arm-elf/4.4.2/../../../../arm-elf/lib/thumb/interwork/libm.a(lib_a-s_round.o)
                              build/common/simul_config.o (round)
/home/ubuntu/NXT/gnuarm/lib/gcc/arm-elf/4.4.2/../../../../arm-elf/lib/thumb/interwork/libm.a(lib_a-ef_rem_pio2.o)
                              /home/ubuntu/NXT/gnuarm/lib/gcc/arm-elf/4.4.2/../../../../arm-elf/lib/thumb/interwork/libm.a(lib_a-sf_sin.o) (__ieee754_rem_pio2f)
/home/ubuntu/NXT/gnuarm/lib/gcc/arm-elf/4.4.2/../../../../arm-elf/lib/thumb/interwork/libm.a(lib_a-kf_cos.o)
[...]
Memory Configuration

Name             Origin             Length             Attributes
vector_ram       0x00200000         0x00000040
ram              0x00200040         0x0000ffc0
*default*        0x00000000         0xffffffff

Linker script and memory map

LOAD build/kernel/alarm.o
LOAD build/kernel/event.o
LOAD build/kernel/interrupt.o
LOAD build/kernel/osctl.o
LOAD build/kernel/resource.o
LOAD build/kernel/task.o
LOAD build/kernel/task_manage.o
LOAD build/config/at91sam7s-gnu/cpu_config.o
LOAD build/config/at91sam7s-gnu/lego_nxt/sys_config.o
LOAD build/./kernel_cfg.o
LOAD build/syscalls.o
LOAD build/ecrobot_bluetooth.o
LOAD build/ecrobot_base.o
LOAD build/ecrobot.o
LOAD build/BRO_spam_client.o
LOAD build/common/bt_comm.o
LOAD build/common/simul_config.o
LOAD build/syslib/at91sam7s-gnu/lego_nxt/hw_sys_timer.oram
LOAD build/nxtvm/platform/nxt/vectors.o
LOAD build/config/at91sam7s-gnu/debug.o
LOAD build/config/at91sam7s-gnu/lego_nxt/sys_support.o
LOAD build/nxt_binary_header.o
LOAD build/nxt_entry_point.o
LOAD build/ecrobot_init.o
LOAD build/config/at91sam7s-gnu/cpu_support.oram
LOAD build/config/at91sam7s-gnu/irq.oram
LOAD /home/ubuntu/NXT/nxtOSEK/ecrobot/../c++/liblejososek.a
LOAD /home/ubuntu/NXT/nxtOSEK/ecrobot/../ecrobot/libecrobot.a
LOAD /home/ubuntu/NXT/gnuarm/lib/gcc/arm-elf/4.4.2/../../../../arm-elf/lib/thumb/interwork/libstdc++.a
LOAD /home/ubuntu/NXT/gnuarm/lib/gcc/arm-elf/4.4.2/../../../../arm-elf/lib/thumb/interwork/libm.a
START GROUP
LOAD /home/ubuntu/NXT/gnuarm/lib/gcc/arm-elf/4.4.2/thumb/interwork/libgcc.a
LOAD /home/ubuntu/NXT/gnuarm/lib/gcc/arm-elf/4.4.2/../../../../arm-elf/lib/thumb/interwork/libc.a
END GROUP
                0x00200000                RAM_BASE = 0x200000
                0x00010000                RAM_SIZE = 0x10000

.samba_reserved
                0x00200040     0x1fc0
                0x00202000                . = 0x1fc0
 *fill*         0x00200040     0x1fc0 00
                0x00200040                __samba_ram_start__ = ADDR (.samba_reserved)
                0x00202000                __samba_ram_end__ = (__samba_ram_start__ + SIZEOF (.samba_reserved))

.vectors        0x00200000       0x40 load address 0x00202000
 vectors.o(*.text *.text.*)
 .text          0x00200000       0x38 build/nxtvm/platform/nxt/vectors.o
                0x00200040                . = ALIGN (0x10)
 *fill*         0x00200038        0x8 00
                0x00200000                __vectors_ram_start__ = ADDR (.vectors)
                0x00200040                __vectors_ram_end__ = (ADDR (.vectors) + SIZEOF (.vectors))
                0x00202000                __vectors_load_start__ = LOADADDR (.vectors)
                0x00202040                __vectors_load_end__ = (LOADADDR (.vectors) + SIZEOF (.vectors))

.init           0x00202040      0x280
 *ecrobot_init.o(*.text *.text.*)
 .text          0x00202040      0x280 build/ecrobot_init.o
                0x00202040                start
                0x002021ac                undef_handler
                0x002021b0                swi_handler
                0x002021b4                prefetch_abort_handler
                0x002021b8                data_abort_handler
                0x002021d4                reserved_handler
                0x002022c0                . = ALIGN (0x10)

.ram_text       0x002022c0     0x3400
                0x002022c0                . = ALIGN (0x10)
 *.oram(*.text *.text.* *.glue*)
 .text.systick_isr_C1
                0x002022c0       0x28 build/syslib/at91sam7s-gnu/lego_nxt/hw_sys_timer.oram
                0x002022c0                systick_isr_C1
 *fill*         0x002022e8        0x8 00
 .text          0x002022f0      0x230 build/config/at91sam7s-gnu/cpu_support.oram
                0x002022f0                dispatch
                0x00202330                activate_r
                0x00202360                exit_and_dispatch
                0x00202370                start_dispatch
                0x0020242c                _interrupt
                0x0020249c                int_return
                0x002024c8                disable_int
                0x002024d0                enable_int
                0x002024d8                nop
 .text          0x00202520      0x2c0 build/config/at91sam7s-gnu/irq.oram
                0x00202520                default_isr
                0x00202520                default_fiq
                0x00202520                spurious_isr
                0x00202524                systick_isr_entry
                0x0020256c                systick_low_priority_entry
                0x002025ac                udp_isr_entry
                0x002025ec                spi_isr_entry
                0x0020262c                twi_isr_entry
                0x0020266c                sound_isr_entry
                0x002026ac                uart_isr_entry_0
                0x002026ec                uart_isr_entry_1
                0x0020272c                nxt_motor_isr_entry
                0x0020276c                i2c_timer_isr_entry
 .text.uart_process_isr
                0x002027e0       0x88 /home/ubuntu/NXT/nxtOSEK/ecrobot/../ecrobot/libecrobot.a(uart.oram)
 .text.uart_isr_C_0
                0x00202868        0xc /home/ubuntu/NXT/nxtOSEK/ecrobot/../ecrobot/libecrobot.a(uart.oram)
                0x00202868                uart_isr_C_0
 .text.uart_isr_C_1
                0x00202874        0xc /home/ubuntu/NXT/nxtOSEK/ecrobot/../ecrobot/libecrobot.a(uart.oram)
                0x00202874                uart_isr_C_1
 .text.systick_low_priority_C
                0x00202880       0x1c /home/ubuntu/NXT/nxtOSEK/ecrobot/../ecrobot/libecrobot.a(systick.oram)
                0x00202880                systick_low_priority_C
 .text.systick_isr_C
                0x0020289c       0x24 /home/ubuntu/NXT/nxtOSEK/ecrobot/../ecrobot/libecrobot.a(systick.oram)
                0x0020289c                systick_isr_C
 .text.systick_get_ms
                0x002028c0        0xc /home/ubuntu/NXT/nxtOSEK/ecrobot/../ecrobot/libecrobot.a(systick.oram)
                0x002028c0                systick_get_ms
 .text.systick_wait_ms
                0x002028cc       0x1c /home/ubuntu/NXT/nxtOSEK/ecrobot/../ecrobot/libecrobot.a(systick.oram)
                0x002028cc                systick_wait_ms
 .text.systick_wait_ns
                0x002028e8       0x1c /home/ubuntu/NXT/nxtOSEK/ecrobot/../ecrobot/libecrobot.a(systick.oram)
                0x002028e8                systick_wait_ns
 .text.systick_init
                0x00202904       0x58 /home/ubuntu/NXT/nxtOSEK/ecrobot/../ecrobot/libecrobot.a(systick.oram)
                0x00202904                systick_init
 .text.systick_suspend
                0x0020295c        0xc /home/ubuntu/NXT/nxtOSEK/ecrobot/../ecrobot/libecrobot.a(systick.oram)
                0x0020295c                systick_suspend
 .text.systick_resume
                0x00202968        0xc /home/ubuntu/NXT/nxtOSEK/ecrobot/../ecrobot/libecrobot.a(systick.oram)
                0x00202968                systick_resume
 .text.byte_fifo_put
                0x00202974       0x58 /home/ubuntu/NXT/nxtOSEK/ecrobot/../ecrobot/libecrobot.a(byte_fifo.oram)
                0x00202974                byte_fifo_put
 .text.byte_fifo_get
                0x002029cc       0x2c /home/ubuntu/NXT/nxtOSEK/ecrobot/../ecrobot/libecrobot.a(byte_fifo.oram)
                0x002029cc                byte_fifo_get
 .text.aic_initialise
                0x002029f8       0x5c /home/ubuntu/NXT/nxtOSEK/ecrobot/../ecrobot/libecrobot.a(aic.oram)
                0x002029f8                aic_initialise
 .text.aic_set_vector
                0x00202a54       0x30 /home/ubuntu/NXT/nxtOSEK/ecrobot/../ecrobot/libecrobot.a(aic.oram)
                0x00202a54                aic_set_vector
 .text.aic_mask_on
                0x00202a84       0x24 /home/ubuntu/NXT/nxtOSEK/ecrobot/../ecrobot/libecrobot.a(aic.oram)
                0x00202a84                aic_mask_on
 .text.aic_mask_off
                0x00202aa8       0x24 /home/ubuntu/NXT/nxtOSEK/ecrobot/../ecrobot/libecrobot.a(aic.oram)
                0x00202aa8                aic_mask_off
 .text.aic_clear
                0x00202acc       0x24 /home/ubuntu/NXT/nxtOSEK/ecrobot/../ecrobot/libecrobot.a(aic.oram)
                0x00202acc                aic_clear
 .text.reset    0x00202af0       0x4c /home/ubuntu/NXT/nxtOSEK/ecrobot/../ecrobot/libecrobot.a(udp.oram)
 .text.udp_send_null
                0x00202b3c       0x2c /home/ubuntu/NXT/nxtOSEK/ecrobot/../ecrobot/libecrobot.a(udp.oram)
 .text.udp_send_stall
                0x00202b68       0x2c /home/ubuntu/NXT/nxtOSEK/ecrobot/../ecrobot/libecrobot.a(udp.oram)
 .text.udp_send_control
                0x00202b94       0x60 /home/ubuntu/NXT/nxtOSEK/ecrobot/../ecrobot/libecrobot.a(udp.oram)
 .text.udp_isr_C
                0x00202bf4      0x7d0 /home/ubuntu/NXT/nxtOSEK/ecrobot/../ecrobot/libecrobot.a(udp.oram)
                0x00202bf4                udp_isr_C
 .text.twi_status
                0x002033c4       0x20 /home/ubuntu/NXT/nxtOSEK/ecrobot/../ecrobot/libecrobot.a(twi.oram)
                0x002033c4                twi_status
 .text.twi_isr_C
                0x002033e4       0xc4 /home/ubuntu/NXT/nxtOSEK/ecrobot/../ecrobot/libecrobot.a(twi.oram)
                0x002033e4                twi_isr_C
 .text.twi_reset
                0x002034a8       0xb4 /home/ubuntu/NXT/nxtOSEK/ecrobot/../ecrobot/libecrobot.a(twi.oram)
                0x002034a8                twi_reset
 .text.twi_init
                0x0020355c       0x4c /home/ubuntu/NXT/nxtOSEK/ecrobot/../ecrobot/libecrobot.a(twi.oram)
                0x0020355c                twi_init
 .text.twi_start_read
                0x002035a8       0x60 /home/ubuntu/NXT/nxtOSEK/ecrobot/../ecrobot/libecrobot.a(twi.oram)
                0x002035a8                twi_start_read
 .text.twi_start_write
                0x00203608       0x64 /home/ubuntu/NXT/nxtOSEK/ecrobot/../ecrobot/libecrobot.a(twi.oram)
                0x00203608                twi_start_write
 .text.spi_set_mode
                0x0020366c       0x40 /home/ubuntu/NXT/nxtOSEK/ecrobot/../ecrobot/libecrobot.a(nxt_spi.oram)
 .text.spi_isr_C
                0x002036ac       0x8c /home/ubuntu/NXT/nxtOSEK/ecrobot/../ecrobot/libecrobot.a(nxt_spi.oram)
                0x002036ac                spi_isr_C
 .text.nxt_spi_init
                0x00203738      0x12c /home/ubuntu/NXT/nxtOSEK/ecrobot/../ecrobot/libecrobot.a(nxt_spi.oram)
                0x00203738                nxt_spi_init
 .text.nxt_spi_write
                0x00203864       0x44 /home/ubuntu/NXT/nxtOSEK/ecrobot/../ecrobot/libecrobot.a(nxt_spi.oram)
                0x00203864                nxt_spi_write
 .text.nxt_spi_set_display
                0x002038a8       0x10 /home/ubuntu/NXT/nxtOSEK/ecrobot/../ecrobot/libecrobot.a(nxt_spi.oram)
                0x002038a8                nxt_spi_set_display
 .text.nxt_spi_refresh
                0x002038b8       0x24 /home/ubuntu/NXT/nxtOSEK/ecrobot/../ecrobot/libecrobot.a(nxt_spi.oram)
                0x002038b8                nxt_spi_refresh
 .text.nxt_motor_get_count
                0x002038dc       0x14 /home/ubuntu/NXT/nxtOSEK/ecrobot/../ecrobot/libecrobot.a(nxt_motors.oram)
                0x002038dc                nxt_motor_get_count
 .text.nxt_motor_set_count
                0x002038f0       0x10 /home/ubuntu/NXT/nxtOSEK/ecrobot/../ecrobot/libecrobot.a(nxt_motors.oram)
                0x002038f0                nxt_motor_set_count
 .text.nxt_motor_set_speed
                0x00203900       0x34 /home/ubuntu/NXT/nxtOSEK/ecrobot/../ecrobot/libecrobot.a(nxt_motors.oram)
                0x00203900                nxt_motor_set_speed
 .text.nxt_motor_1kHz_process
                0x00203934       0x28 /home/ubuntu/NXT/nxtOSEK/ecrobot/../ecrobot/libecrobot.a(nxt_motors.oram)
                0x00203934                nxt_motor_1kHz_process
 .text.nxt_motor_quad_decode
                0x0020395c       0x30 /home/ubuntu/NXT/nxtOSEK/ecrobot/../ecrobot/libecrobot.a(nxt_motors.oram)
                0x0020395c                nxt_motor_quad_decode
 .text.nxt_motor_isr_C
                0x0020398c       0x88 /home/ubuntu/NXT/nxtOSEK/ecrobot/../ecrobot/libecrobot.a(nxt_motors.oram)
                0x0020398c                nxt_motor_isr_C
 .text.nxt_motor_init
                0x00203a14       0x68 /home/ubuntu/NXT/nxtOSEK/ecrobot/../ecrobot/libecrobot.a(nxt_motors.oram)
                0x00203a14                nxt_motor_init
 .text.data_abort_C
                0x00203a7c       0x7c /home/ubuntu/NXT/nxtOSEK/ecrobot/../ecrobot/libecrobot.a(data_abort.oram)
                0x00203a7c                data_abort_C
 .text.display_update
                0x00203af8       0x14 /home/ubuntu/NXT/nxtOSEK/ecrobot/../ecrobot/libecrobot.a(display.oram)
                0x00203af8                display_update
 .text.display_force_update
                0x00203b0c        0xc /home/ubuntu/NXT/nxtOSEK/ecrobot/../ecrobot/libecrobot.a(display.oram)
                0x00203b0c                display_force_update
 .text.display_clear
                0x00203b18       0x24 /home/ubuntu/NXT/nxtOSEK/ecrobot/../ecrobot/libecrobot.a(display.oram)
                0x00203b18                display_clear
 .text.display_goto_xy
                0x00203b3c       0x14 /home/ubuntu/NXT/nxtOSEK/ecrobot/../ecrobot/libecrobot.a(display.oram)
                0x00203b3c                display_goto_xy
 .text.display_char
                0x00203b50       0x60 /home/ubuntu/NXT/nxtOSEK/ecrobot/../ecrobot/libecrobot.a(display.oram)
                0x00203b50                display_char
 .text.display_string
                0x00203bb0       0x3c /home/ubuntu/NXT/nxtOSEK/ecrobot/../ecrobot/libecrobot.a(display.oram)
                0x00203bb0                display_string
 .text.display_hex
                0x00203bec       0x50 /home/ubuntu/NXT/nxtOSEK/ecrobot/../ecrobot/libecrobot.a(display.oram)
                0x00203bec                display_hex
 .text.display_unsigned_worker
                0x00203c3c       0x70 /home/ubuntu/NXT/nxtOSEK/ecrobot/../ecrobot/libecrobot.a(display.oram)
 .text.display_unsigned
                0x00203cac        0xc /home/ubuntu/NXT/nxtOSEK/ecrobot/../ecrobot/libecrobot.a(display.oram)
                0x00203cac                display_unsigned
 .text.display_int
                0x00203cb8       0x14 /home/ubuntu/NXT/nxtOSEK/ecrobot/../ecrobot/libecrobot.a(display.oram)
                0x00203cb8                display_int
 .text.display_bitmap_copy
                0x00203ccc       0x5c /home/ubuntu/NXT/nxtOSEK/ecrobot/../ecrobot/libecrobot.a(display.oram)
                0x00203ccc                display_bitmap_copy
 .text.display_init
                0x00203d28       0x50 /home/ubuntu/NXT/nxtOSEK/ecrobot/../ecrobot/libecrobot.a(display.oram)
                0x00203d28                display_init
 .text.i2c_timer_isr_C
                0x00203d78      0x314 /home/ubuntu/NXT/nxtOSEK/ecrobot/../ecrobot/libecrobot.a(i2c.oram)
                0x00203d78                i2c_timer_isr_C
 .text.i2c_disable
                0x0020408c       0x20 /home/ubuntu/NXT/nxtOSEK/ecrobot/../ecrobot/libecrobot.a(i2c.oram)
                0x0020408c                i2c_disable
 .text.i2c_init
                0x002040ac       0xa4 /home/ubuntu/NXT/nxtOSEK/ecrobot/../ecrobot/libecrobot.a(i2c.oram)
                0x002040ac                i2c_init
 .text.sound_fill_sample_buffer
                0x00204150       0xe4 /home/ubuntu/NXT/nxtOSEK/ecrobot/../ecrobot/libecrobot.a(sound.oram)
                0x00204150                sound_fill_sample_buffer
 .text.sound_init
                0x00204234       0xa0 /home/ubuntu/NXT/nxtOSEK/ecrobot/../ecrobot/libecrobot.a(sound.oram)
                0x00204234                sound_init
 .text.sound_isr_C
                0x002042d4      0x144 /home/ubuntu/NXT/nxtOSEK/ecrobot/../ecrobot/libecrobot.a(sound.oram)
                0x002042d4                sound_isr_C
 .text.bt_init  0x00204418      0x1c0 /home/ubuntu/NXT/nxtOSEK/ecrobot/../ecrobot/libecrobot.a(bt.oram)
                0x00204418                bt_init
 .text.bt_send  0x002045d8       0x5c /home/ubuntu/NXT/nxtOSEK/ecrobot/../ecrobot/libecrobot.a(bt.oram)
                0x002045d8                bt_send
 .text.bt_write
                0x00204634       0x70 /home/ubuntu/NXT/nxtOSEK/ecrobot/../ecrobot/libecrobot.a(bt.oram)
                0x00204634                bt_write
 .text.bt_pending
                0x002046a4       0x50 /home/ubuntu/NXT/nxtOSEK/ecrobot/../ecrobot/libecrobot.a(bt.oram)
                0x002046a4                bt_pending
 .text.bt_clear_arm7_cmd
                0x002046f4       0x10 /home/ubuntu/NXT/nxtOSEK/ecrobot/../ecrobot/libecrobot.a(bt.oram)
                0x002046f4                bt_clear_arm7_cmd
 .text.bt_set_arm7_cmd
                0x00204704       0x10 /home/ubuntu/NXT/nxtOSEK/ecrobot/../ecrobot/libecrobot.a(bt.oram)
                0x00204704                bt_set_arm7_cmd
 .text.bt_receive
                0x00204714      0x160 /home/ubuntu/NXT/nxtOSEK/ecrobot/../ecrobot/libecrobot.a(bt.oram)
                0x00204714                bt_receive
 .text.bt_read  0x00204874      0x140 /home/ubuntu/NXT/nxtOSEK/ecrobot/../ecrobot/libecrobot.a(bt.oram)
                0x00204874                bt_read
 .text.bt_reset
                0x002049b4       0x84 /home/ubuntu/NXT/nxtOSEK/ecrobot/../ecrobot/libecrobot.a(bt.oram)
                0x002049b4                bt_reset
 .text.nxt_avr_power_down
                0x00204a38       0x10 /home/ubuntu/NXT/nxtOSEK/ecrobot/../ecrobot/libecrobot.a(nxt_avr.oram)
                0x00204a38                nxt_avr_power_down
 .text.nxt_avr_link_init
                0x00204a48       0x20 /home/ubuntu/NXT/nxtOSEK/ecrobot/../ecrobot/libecrobot.a(nxt_avr.oram)
                0x00204a48                nxt_avr_link_init
 .text.nxt_avr_init
                0x00204a68       0x6c /home/ubuntu/NXT/nxtOSEK/ecrobot/../ecrobot/libecrobot.a(nxt_avr.oram)
                0x00204a68                nxt_avr_init
 .text.nxt_avr_1kHz_update
                0x00204ad4      0x1cc /home/ubuntu/NXT/nxtOSEK/ecrobot/../ecrobot/libecrobot.a(nxt_avr.oram)
                0x00204ad4                nxt_avr_1kHz_update
 .text.buttons_get
                0x00204ca0        0xc /home/ubuntu/NXT/nxtOSEK/ecrobot/../ecrobot/libecrobot.a(nxt_avr.oram)
                0x00204ca0                buttons_get
 .text.battery_voltage
                0x00204cac       0x28 /home/ubuntu/NXT/nxtOSEK/ecrobot/../ecrobot/libecrobot.a(nxt_avr.oram)
                0x00204cac                battery_voltage
 .text.sensor_adc
                0x00204cd4       0x20 /home/ubuntu/NXT/nxtOSEK/ecrobot/../ecrobot/libecrobot.a(nxt_avr.oram)
                0x00204cd4                sensor_adc
 .text.nxt_avr_set_motor
                0x00204cf4       0x34 /home/ubuntu/NXT/nxtOSEK/ecrobot/../ecrobot/libecrobot.a(nxt_avr.oram)
                0x00204cf4                nxt_avr_set_motor
 .text.nxt_avr_set_input_power
                0x00204d28       0x3c /home/ubuntu/NXT/nxtOSEK/ecrobot/../ecrobot/libecrobot.a(nxt_avr.oram)
                0x00204d28                nxt_avr_set_input_power
 .text.unset_digi0
                0x00204d64       0x44 /home/ubuntu/NXT/nxtOSEK/ecrobot/../ecrobot/libecrobot.a(sensors.oram)
                0x00204d64                unset_digi0
 .text.unset_digi1
                0x00204da8       0x44 /home/ubuntu/NXT/nxtOSEK/ecrobot/../ecrobot/libecrobot.a(sensors.oram)
                0x00204da8                unset_digi1
 .text.init_sensors
                0x00204dec       0x4c /home/ubuntu/NXT/nxtOSEK/ecrobot/../ecrobot/libecrobot.a(sensors.oram)
                0x00204dec                init_sensors
 .text.nxt_lcd_command
                0x00204e38       0x18 /home/ubuntu/NXT/nxtOSEK/ecrobot/../ecrobot/libecrobot.a(nxt_lcd.oram)
                0x00204e38                nxt_lcd_command
 .text.nxt_lcd_set_col
                0x00204e50       0x24 /home/ubuntu/NXT/nxtOSEK/ecrobot/../ecrobot/libecrobot.a(nxt_lcd.oram)
                0x00204e50                nxt_lcd_set_col
 .text.nxt_lcd_set_multiplex_rate
                0x00204e74       0x18 /home/ubuntu/NXT/nxtOSEK/ecrobot/../ecrobot/libecrobot.a(nxt_lcd.oram)
                0x00204e74                nxt_lcd_set_multiplex_rate
 .text.nxt_lcd_set_page_address
                0x00204e8c       0x18 /home/ubuntu/NXT/nxtOSEK/ecrobot/../ecrobot/libecrobot.a(nxt_lcd.oram)
                0x00204e8c                nxt_lcd_set_page_address
 .text.nxt_lcd_set_pot
                0x00204ea4       0x1c /home/ubuntu/NXT/nxtOSEK/ecrobot/../ecrobot/libecrobot.a(nxt_lcd.oram)
                0x00204ea4                nxt_lcd_set_pot
 .text.nxt_lcd_set_ram_address_control
                0x00204ec0       0x18 /home/ubuntu/NXT/nxtOSEK/ecrobot/../ecrobot/libecrobot.a(nxt_lcd.oram)
                0x00204ec0                nxt_lcd_set_ram_address_control
 .text.nxt_lcd_enable
                0x00204ed8       0x14 /home/ubuntu/NXT/nxtOSEK/ecrobot/../ecrobot/libecrobot.a(nxt_lcd.oram)
                0x00204ed8                nxt_lcd_enable
 .text.nxt_lcd_set_map_control
                0x00204eec       0x18 /home/ubuntu/NXT/nxtOSEK/ecrobot/../ecrobot/libecrobot.a(nxt_lcd.oram)
                0x00204eec                nxt_lcd_set_map_control
 .text.nxt_lcd_reset
                0x00204f04        0xc /home/ubuntu/NXT/nxtOSEK/ecrobot/../ecrobot/libecrobot.a(nxt_lcd.oram)
                0x00204f04                nxt_lcd_reset
 .text.nxt_lcd_set_bias_ratio
                0x00204f10       0x18 /home/ubuntu/NXT/nxtOSEK/ecrobot/../ecrobot/libecrobot.a(nxt_lcd.oram)
                0x00204f10                nxt_lcd_set_bias_ratio
 .text.nxt_lcd_force_update
                0x00204f28       0x30 /home/ubuntu/NXT/nxtOSEK/ecrobot/../ecrobot/libecrobot.a(nxt_lcd.oram)
                0x00204f28                nxt_lcd_force_update
 .text.nxt_lcd_update
                0x00204f58        0xc /home/ubuntu/NXT/nxtOSEK/ecrobot/../ecrobot/libecrobot.a(nxt_lcd.oram)
                0x00204f58                nxt_lcd_update
 .text.nxt_lcd_power_up
                0x00204f64       0x48 /home/ubuntu/NXT/nxtOSEK/ecrobot/../ecrobot/libecrobot.a(nxt_lcd.oram)
                0x00204f64                nxt_lcd_power_up
 .text.nxt_lcd_power_down
                0x00204fac        0xc /home/ubuntu/NXT/nxtOSEK/ecrobot/../ecrobot/libecrobot.a(nxt_lcd.oram)
                0x00204fac                nxt_lcd_power_down
 .text.nxt_lcd_init
                0x00204fb8       0x18 /home/ubuntu/NXT/nxtOSEK/ecrobot/../ecrobot/libecrobot.a(nxt_lcd.oram)
                0x00204fb8                nxt_lcd_init
 .text.verify_flash_page
                0x00204fd0       0x34 /home/ubuntu/NXT/nxtOSEK/ecrobot/../ecrobot/libecrobot.a(flash_loader.oram)
 .text.set_flash_request
                0x00205004       0x38 /home/ubuntu/NXT/nxtOSEK/ecrobot/../ecrobot/libecrobot.a(flash_loader.oram)
                0x00205004                set_flash_request
 .text.nxt_device_init
                0x0020503c       0x38 /home/ubuntu/NXT/nxtOSEK/ecrobot/../ecrobot/libecrobot.a(flash_loader.oram)
                0x0020503c                nxt_device_init
 .text          0x00205074       0x68 /home/ubuntu/NXT/nxtOSEK/ecrobot/../ecrobot/libecrobot.a(interrupts.oram)
                0x00205074                interrupts_get_and_disable
                0x00205098                interrupts_enable
                0x002050a8                fiq_get_and_disable
                0x002050cc                fiq_enable
 .text.flash_write_page
                0x002050dc       0xc0 /home/ubuntu/NXT/nxtOSEK/ecrobot/../ecrobot/libecrobot.a(flashprog.oram)
                0x002050dc                flash_write_page
                0x002051a0                . = ALIGN (0x10)
 *fill*         0x0020519c        0x4 00
 *.oram(*.rodata *.rodata.*)
 .rodata.ld     0x002051a0        0x4 /home/ubuntu/NXT/nxtOSEK/ecrobot/../ecrobot/libecrobot.a(udp.oram)
 .rodata.cfd    0x002051a4       0x20 /home/ubuntu/NXT/nxtOSEK/ecrobot/../ecrobot/libecrobot.a(udp.oram)
 .rodata.dd     0x002051c4       0x12 /home/ubuntu/NXT/nxtOSEK/ecrobot/../ecrobot/libecrobot.a(udp.oram)
 *fill*         0x002051d6        0x2 00
 .rodata.str1.4
                0x002051d8       0x22 /home/ubuntu/NXT/nxtOSEK/ecrobot/../ecrobot/libecrobot.a(data_abort.oram)
                                 0x24 (size before relaxing)
 .rodata.font   0x002051fa      0x280 /home/ubuntu/NXT/nxtOSEK/ecrobot/../ecrobot/libecrobot.a(display.oram)
 *fill*         0x0020547a        0x2 00
 .rodata.str1.4
                0x0020547c       0x76 /home/ubuntu/NXT/nxtOSEK/ecrobot/../ecrobot/libecrobot.a(display.oram)
                                 0x78 (size before relaxing)
 *fill*         0x002054f2        0x2 00
 .rodata.i2c_pin
                0x002054f4       0x20 /home/ubuntu/NXT/nxtOSEK/ecrobot/../ecrobot/libecrobot.a(i2c.oram)
 .rodata.i2c_timer_isr_C
                0x00205514       0x38 /home/ubuntu/NXT/nxtOSEK/ecrobot/../ecrobot/libecrobot.a(i2c.oram)
 .rodata.silence
                0x0020554c       0x40 /home/ubuntu/NXT/nxtOSEK/ecrobot/../ecrobot/libecrobot.a(sound.oram)
                0x0020554c                silence
 .rodata.sample_pattern
                0x0020558c       0x84 /home/ubuntu/NXT/nxtOSEK/ecrobot/../ecrobot/libecrobot.a(sound.oram)
                0x0020558c                sample_pattern
 .rodata        0x00205610        0xc /home/ubuntu/NXT/nxtOSEK/ecrobot/../ecrobot/libecrobot.a(sound.oram)
 .rodata.avr_brainwash_string
                0x0020561c       0x30 /home/ubuntu/NXT/nxtOSEK/ecrobot/../ecrobot/libecrobot.a(nxt_avr.oram)
                0x0020561c                avr_brainwash_string
 .rodata.nxt_avr_1kHz_update
                0x0020564c       0x14 /home/ubuntu/NXT/nxtOSEK/ecrobot/../ecrobot/libecrobot.a(nxt_avr.oram)
 .rodata.C.33.1823
                0x00205660       0x10 /home/ubuntu/NXT/nxtOSEK/ecrobot/../ecrobot/libecrobot.a(sensors.oram)
 .rodata.C.37.1857
                0x00205670       0x10 /home/ubuntu/NXT/nxtOSEK/ecrobot/../ecrobot/libecrobot.a(sensors.oram)
 .rodata.str1.4
                0x00205680       0x24 /home/ubuntu/NXT/nxtOSEK/ecrobot/../ecrobot/libecrobot.a(flash_loader.oram)
 *fill*         0x002056a4        0x4 00
 .rodata.str1.4.stub
                0x002056a8       0x10 linker stubs
                0x002056c0                . = ALIGN (0x10)
 *fill*         0x002056b8        0x8 00
                0x002022c0                __ramtext_ram_start__ = ADDR (.ram_text)
                0x002056c0                __ramtext_ram_end__ = (ADDR (.ram_text) + SIZEOF (.ram_text))
                0x002022c0                __ramtext_load_start__ = LOADADDR (.ram_text)
                0x002056c0                __ramtext_load_end__ = (__ramtext_load_start__ + SIZEOF (.ram_text))

.wav_data       0x002056c0        0x0
 *.owav(*.data *.data.*)
                0x002056c0                . = ALIGN (0x10)

.bmp_data       0x002056c0      0x440
 *.obmp(*.data *.data.*)
 .data          0x002056c0      0x43e /home/ubuntu/NXT/nxtOSEK/ecrobot/../ecrobot/libecrobot.a(nxtosek_splash.obmp)
                0x002056c0                nxtosek_splash_bmp_start
                0x00205afe                nxtosek_splash_bmp_end
                0x00205b00                . = ALIGN (0x10)
 *fill*         0x00205afe        0x2 00

.spr_data       0x00205b00        0x0
 *.ospr(*.data *.data.*)
                0x00205b00                . = ALIGN (0x10)

.data           0x00205b00       0x70
 *(*.data *.data.*)
 .data.bt_status
                0x00205b00        0x1 build/ecrobot_bluetooth.o
 *fill*         0x00205b01        0x3 00
 .data.distance_state
                0x00205b04       0x10 /home/ubuntu/NXT/nxtOSEK/ecrobot/../ecrobot/libecrobot.a(ecrobot_interface.o)
 .data.deviceStatus
                0x00205b14        0x1 /home/ubuntu/NXT/nxtOSEK/ecrobot/../ecrobot/libecrobot.a(ecrobot_interface.o)
 .data.named    0x00205b15       0x22 /home/ubuntu/NXT/nxtOSEK/ecrobot/../ecrobot/libecrobot.a(udp.oram)
 .data.snd      0x00205b37       0x1a /home/ubuntu/NXT/nxtOSEK/ecrobot/../ecrobot/libecrobot.a(udp.oram)
 *fill*         0x00205b51        0x3 00
 .data.configured
                0x00205b54        0x4 /home/ubuntu/NXT/nxtOSEK/ecrobot/../ecrobot/libecrobot.a(udp.oram)
 .data.mode     0x00205b58        0x1 /home/ubuntu/NXT/nxtOSEK/ecrobot/../ecrobot/libecrobot.a(nxt_spi.oram)
                0x00205b58                mode
 *fill*         0x00205b59        0x3 00
 .bss.data      0x00205b5c        0x4 /home/ubuntu/NXT/nxtOSEK/ecrobot/../ecrobot/libecrobot.a(nxt_spi.oram)
                0x00205b5c                data
 .data.display_auto_update
                0x00205b60        0x4 /home/ubuntu/NXT/nxtOSEK/ecrobot/../ecrobot/libecrobot.a(display.oram)
                0x00205b60                display_auto_update
 .data.display_buffer
                0x00205b64        0x4 /home/ubuntu/NXT/nxtOSEK/ecrobot/../ecrobot/libecrobot.a(display.oram)
                0x00205b70                . = ALIGN (0x10)
 *fill*         0x00205b68        0x8 00
                0x00205b00                __data_ram_start__ = ADDR (.data)
                0x00205b70                __data_ram_end__ = (ADDR (.data) + SIZEOF (.data))
                0x00205b00                __data_load_start__ = LOADADDR (.data)
                0x00205b70                __data_load_end__ = (__data_load_start__ + SIZEOF (.data))

.text           0x00205b70     0x2b30
                0x00205b70                . = ALIGN (0x10)
 *(*.text *.text.* *.glue*)
 .glue_7        0x00205b70       0x18 linker stubs
                0x00205b70                __call_posttaskhook_from_arm
                0x00205b7c                __call_pretaskhook_from_arm
 .glue_7t       0x00000000        0x0 linker stubs
 .text.enqueue_alarm
                0x00205b88       0x94 build/kernel/alarm.o
 .text.alarm_initialize
                0x00205c1c       0x98 build/kernel/alarm.o
                0x00205c1c                alarm_initialize
 .text.unlock_cpu
                0x00205cb4        0xc build/kernel/alarm.o
 .text.lock_cpu
                0x00205cc0        0xc build/kernel/alarm.o
 .text.SignalCounter
                0x00205ccc      0x128 build/kernel/alarm.o
                0x00205ccc                SignalCounter
 .text.CancelAlarm
                0x00205df4       0x94 build/kernel/alarm.o
                0x00205df4                CancelAlarm
 .text.SetRelAlarm
                0x00205e88       0xdc build/kernel/alarm.o
                0x00205e88                SetRelAlarm
 .text.lock_cpu
                0x00205f64        0xc build/kernel/event.o
 .text.WaitEvent
                0x00205f70       0xa8 build/kernel/event.o
                0x00205f70                WaitEvent
 .text.ClearEvent
                0x00206018       0x64 build/kernel/event.o
                0x00206018                ClearEvent
 .text.SetEvent
                0x0020607c       0xa8 build/kernel/event.o
                0x0020607c                SetEvent
 .text.ShutdownOS
                0x00206124       0x4c build/kernel/osctl.o
                0x00206124                ShutdownOS
 .text.StartOS  0x00206170       0x58 build/kernel/osctl.o
                0x00206170                StartOS
 .text.call_pretaskhook
                0x002061c8       0x24 build/kernel/osctl.o
                0x002061c8                call_pretaskhook
 .text.call_posttaskhook
                0x002061ec       0x24 build/kernel/osctl.o
                0x002061ec                call_posttaskhook
 .text.call_errorhook
                0x00206210       0x78 build/kernel/osctl.o
                0x00206210                call_errorhook
 .text.resource_initialize
                0x00206288       0x20 build/kernel/resource.o
                0x00206288                resource_initialize
 .text.lock_cpu
                0x002062a8        0xc build/kernel/resource.o
 .text.ReleaseResource
                0x002062b4       0xf0 build/kernel/resource.o
                0x002062b4                ReleaseResource
 .text.GetResource
                0x002063a4       0xdc build/kernel/resource.o
                0x002063a4                GetResource
 .text.make_runnable
                0x00206480       0xa4 build/kernel/task.o
                0x00206480                make_runnable
 .text.make_active
                0x00206524       0x78 build/kernel/task.o
                0x00206524                make_active
 .text.task_initialize
                0x0020659c       0x88 build/kernel/task.o
                0x0020659c                task_initialize
 .text.search_schedtsk
                0x00206624       0x90 build/kernel/task.o
                0x00206624                search_schedtsk
 .text.preempt  0x002066b4       0x4c build/kernel/task.o
                0x002066b4                preempt
 .text.unlock_cpu
                0x00206700        0xc build/kernel/task_manage.o
 .text.lock_cpu
                0x0020670c        0xc build/kernel/task_manage.o
 .text.ActivateTask
                0x00206718       0x8c build/kernel/task_manage.o
                0x00206718                ActivateTask
 .text.TerminateTask
                0x002067a4       0x74 build/kernel/task_manage.o
                0x002067a4                TerminateTask
 .text.cpu_initialize
                0x00206818        0x4 build/config/at91sam7s-gnu/cpu_config.o
                0x00206818                cpu_initialize
 .text.cpu_terminate
                0x0020681c        0x4 build/config/at91sam7s-gnu/cpu_config.o
                0x0020681c                cpu_terminate
 .text.sys_initialize
                0x00206820        0x4 build/config/at91sam7s-gnu/lego_nxt/sys_config.o
                0x00206820                sys_initialize
 .text.sys_exit
                0x00206824        0x4 build/config/at91sam7s-gnu/lego_nxt/sys_config.o
                0x00206824                sys_exit
 .text._activate_alarm_LcdUpdateAlarm
                0x00206828        0xc build/./kernel_cfg.o
 .text._activate_alarm_SimulTaskAlarm
                0x00206834        0xc build/./kernel_cfg.o
 .text.object_initialize
                0x00206840       0x14 build/./kernel_cfg.o
                0x00206840                object_initialize
 .text.ecrobot_get_bt_status
                0x00206854        0xc build/ecrobot_bluetooth.o
                0x00206854                ecrobot_get_bt_status
 .text.ecrobot_read_bt
                0x00206860       0x20 build/ecrobot_bluetooth.o
                0x00206860                ecrobot_read_bt
 .text.ecrobot_send_bt
                0x00206880       0x3c build/ecrobot_bluetooth.o
                0x00206880                ecrobot_send_bt
 .text.close_bt_stream
                0x002068bc       0x28 build/ecrobot_bluetooth.o
 .text.send_bt_command
                0x002068e4       0x3c build/ecrobot_bluetooth.o
 .text.ecrobot_term_bt_connection
                0x00206920       0x44 build/ecrobot_bluetooth.o
                0x00206920                ecrobot_term_bt_connection
 .text.open_bt_stream
                0x00206964       0x48 build/ecrobot_bluetooth.o
 .text.T.50     0x002069ac       0x54 build/ecrobot_bluetooth.o
 .text.ecrobot_get_bt_device_address
                0x00206a00       0x64 build/ecrobot_bluetooth.o
                0x00206a00                ecrobot_get_bt_device_address
 .text.ecrobot_init_bt_slave
                0x00206a64      0x100 build/ecrobot_bluetooth.o
                0x00206a64                ecrobot_init_bt_slave
 .text.init_OS_flag
                0x00206b64        0xc build/ecrobot_base.o
                0x00206b64                init_OS_flag
 .text.set_OS_flag
                0x00206b70        0xc build/ecrobot_base.o
                0x00206b70                set_OS_flag
 .text.get_OS_flag
                0x00206b7c        0xc build/ecrobot_base.o
                0x00206b7c                get_OS_flag
 .text.cpp_constructor
                0x00206b88       0x28 build/ecrobot_base.o
                0x00206b88                cpp_constructor
 .text.cpp_destructor
                0x00206bb0       0x28 build/ecrobot_base.o
                0x00206bb0                cpp_destructor
 .text.execution_mode
                0x00206bd8       0x14 build/ecrobot_base.o
                0x00206bd8                execution_mode
 .text.shutdown_NXT
                0x00206bec       0x2c build/ecrobot_base.o
                0x00206bec                shutdown_NXT
 .text.restart_NXT
                0x00206c18       0x2c build/ecrobot_base.o
                0x00206c18                restart_NXT
 .text.check_NXT_buttons
                0x00206c44       0x38 build/ecrobot_base.o
                0x00206c44                check_NXT_buttons
 .text.add_status_info
                0x00206c7c       0x68 build/ecrobot_base.o
                0x00206c7c                add_status_info
 .text.show_bd_addr_err
                0x00206ce4       0x3c build/ecrobot_base.o
                0x00206ce4                show_bd_addr_err
 .text.show_main_screen
                0x00206d20       0x48 build/ecrobot_base.o
                0x00206d20                show_main_screen
 .text.show_bd_addr
                0x00206d68       0x44 build/ecrobot_base.o
                0x00206d68                show_bd_addr
 .text.display_status_bar
                0x00206dac       0x5c build/ecrobot_base.o
                0x00206dac                display_status_bar
 .text.show_splash_screen
                0x00206e08       0x98 build/ecrobot_base.o
                0x00206e08                show_splash_screen
 .text.main     0x00206ea0      0x108 build/ecrobot.o
                0x00206ea0                main
 .text.ecrobot_device_initialize
                0x00206fa8        0x4 build/BRO_spam_client.o
                0x00206fa8                ecrobot_device_initialize
 .text.recv_packet
                0x00206fac       0x20 build/BRO_spam_client.o
                0x00206fac                recv_packet
 .text.send_packet
                0x00206fcc       0x20 build/BRO_spam_client.o
                0x00206fcc                send_packet
 .text.clear_buffer
                0x00206fec       0x20 build/BRO_spam_client.o
                0x00206fec                clear_buffer
 .text.flush_buffer
                0x0020700c       0x3c build/BRO_spam_client.o
                0x0020700c                flush_buffer
 .text.send_sim_end
                0x00207048       0x30 build/BRO_spam_client.o
                0x00207048                send_sim_end
 .text.send_buffered_data
                0x00207078       0x2c build/BRO_spam_client.o
                0x00207078                send_buffered_data
 .text.wait_sim_termination
                0x002070a4       0x1c build/BRO_spam_client.o
                0x002070a4                wait_sim_termination
 .text.start_sim
                0x002070c0       0x44 build/BRO_spam_client.o
                0x002070c0                start_sim
 .text.stop_motor
                0x00207104       0x1c build/BRO_spam_client.o
                0x00207104                stop_motor
 .text.terminate_sim
                0x00207120       0x40 build/BRO_spam_client.o
                0x00207120                terminate_sim
 .text.ecrobot_device_terminate
                0x00207160       0x10 build/BRO_spam_client.o
                0x00207160                ecrobot_device_terminate
 .text.TaskMainDisplayTask
                0x00207170       0xec build/BRO_spam_client.o
                0x00207170                TaskMainDisplayTask
 .text.TaskMainSimulTask
                0x0020725c      0x294 build/BRO_spam_client.o
                0x0020725c                TaskMainSimulTask
 .text.TaskMainConfigTask
                0x002074f0       0x68 build/BRO_spam_client.o
                0x002074f0                TaskMainConfigTask
 .text.user_1ms_isr_type2
                0x00207558       0x1c build/BRO_spam_client.o
                0x00207558                user_1ms_isr_type2
 .text.encode_int
                0x00207574       0x24 build/common/bt_comm.o
                0x00207574                encode_int
 .text.decode_int
                0x00207598       0x3c build/common/bt_comm.o
                0x00207598                decode_int
 .text.decode_config
                0x002075d4       0x58 build/common/bt_comm.o
                0x002075d4                decode_config
 .text.decode_config_msg
                0x0020762c       0x1c build/common/bt_comm.o
                0x0020762c                decode_config_msg
 .text.encode_sim_data_msg
                0x00207648       0x34 build/common/bt_comm.o
                0x00207648                encode_sim_data_msg
 .text.get_duration
                0x0020767c       0x10 build/common/simul_config.o
                0x0020767c                get_duration
 .text.get_sampling_time
                0x0020768c       0x10 build/common/simul_config.o
                0x0020768c                get_sampling_time
 .text.getDistance
                0x0020769c       0x20 /home/ubuntu/NXT/nxtOSEK/ecrobot/../ecrobot/libecrobot.a(ecrobot_interface.o)
 .text.ecrobot_get_battery_voltage
                0x002076bc        0xc /home/ubuntu/NXT/nxtOSEK/ecrobot/../ecrobot/libecrobot.a(ecrobot_interface.o)
                0x002076bc                ecrobot_get_battery_voltage
 .text.ecrobot_get_button_state
                0x002076c8        0xc /home/ubuntu/NXT/nxtOSEK/ecrobot/../ecrobot/libecrobot.a(ecrobot_interface.o)
                0x002076c8                ecrobot_get_button_state
 .text.ecrobot_init_nxtstate
                0x002076d4       0x28 /home/ubuntu/NXT/nxtOSEK/ecrobot/../ecrobot/libecrobot.a(ecrobot_interface.o)
                0x002076d4                ecrobot_init_nxtstate
 .text.ecrobot_poll_nxtstate
                0x002076fc       0x64 /home/ubuntu/NXT/nxtOSEK/ecrobot/../ecrobot/libecrobot.a(ecrobot_interface.o)
                0x002076fc                ecrobot_poll_nxtstate
 .text.ecrobot_setDeviceInitialized
                0x00207760       0x18 /home/ubuntu/NXT/nxtOSEK/ecrobot/../ecrobot/libecrobot.a(ecrobot_interface.o)
                0x00207760                ecrobot_setDeviceInitialized
 .text.ecrobot_initDeviceStatus
                0x00207778        0xc /home/ubuntu/NXT/nxtOSEK/ecrobot/../ecrobot/libecrobot.a(ecrobot_interface.o)
                0x00207778                ecrobot_initDeviceStatus
 .text.ecrobot_bmp2lcd
                0x00207784      0x1c8 /home/ubuntu/NXT/nxtOSEK/ecrobot/../ecrobot/libecrobot.a(ecrobot_interface.o)
                0x00207784                ecrobot_bmp2lcd
 .text.ecrobot_status_monitor
                0x0020794c      0x138 /home/ubuntu/NXT/nxtOSEK/ecrobot/../ecrobot/libecrobot.a(ecrobot_interface.o)
                0x0020794c                ecrobot_status_monitor
 .text.StartupHook
                0x00207a84        0x4 /home/ubuntu/NXT/nxtOSEK/ecrobot/../ecrobot/libecrobot.a(osek_hook.o)
                0x00207a84                StartupHook
 .text.PreTaskHook
                0x00207a88        0x4 /home/ubuntu/NXT/nxtOSEK/ecrobot/../ecrobot/libecrobot.a(osek_hook.o)
                0x00207a88                PreTaskHook
 .text.PostTaskHook
                0x00207a8c        0x4 /home/ubuntu/NXT/nxtOSEK/ecrobot/../ecrobot/libecrobot.a(osek_hook.o)
                0x00207a8c                PostTaskHook
 .text.ErrorHook
                0x00207a90        0x4 /home/ubuntu/NXT/nxtOSEK/ecrobot/../ecrobot/libecrobot.a(osek_hook.o)
                0x00207a90                ErrorHook
 .text.ShutdownHook
                0x00207a94        0x4 /home/ubuntu/NXT/nxtOSEK/ecrobot/../ecrobot/libecrobot.a(osek_hook.o)
                0x00207a94                ShutdownHook
 .text          0x00207a98       0x8c /home/ubuntu/NXT/gnuarm/lib/gcc/arm-elf/4.4.2/thumb/interwork/libgcc.a(_udivsi3.o)
                0x00207a98                __udivsi3
                0x00207a98                __aeabi_uidiv
                0x00207b14                __aeabi_uidivmod
 .text          0x00207b24       0xc8 /home/ubuntu/NXT/gnuarm/lib/gcc/arm-elf/4.4.2/thumb/interwork/libgcc.a(_umodsi3.o)
                0x00207b24                __umodsi3
 .text          0x00207bec        0x4 /home/ubuntu/NXT/gnuarm/lib/gcc/arm-elf/4.4.2/thumb/interwork/libgcc.a(_dvmd_tls.o)
                0x00207bec                __aeabi_ldiv0
                0x00207bec                __div0
                0x00207bec                __aeabi_idiv0
 .text          0x00207bf0      0x2ac /home/ubuntu/NXT/gnuarm/lib/gcc/arm-elf/4.4.2/thumb/interwork/libgcc.a(_arm_addsubsf3.o)
                0x00207bf0                __aeabi_frsub
                0x00207bf8                __subsf3
                0x00207bf8                __aeabi_fsub
                0x00207bfc                __aeabi_fadd
                0x00207bfc                __addsf3
                0x00207db8                __aeabi_ui2f
                0x00207db8                __floatunsisf
                0x00207dc0                __aeabi_i2f
                0x00207dc0                __floatsisf
                0x00207de0                __floatundisf
                0x00207de0                __aeabi_ul2f
                0x00207df0                __floatdisf
                0x00207df0                __aeabi_l2f
 .text          0x00207e9c      0x2f8 /home/ubuntu/NXT/gnuarm/lib/gcc/arm-elf/4.4.2/thumb/interwork/libgcc.a(_arm_muldivsf3.o)
                0x00207e9c                __mulsf3
                0x00207e9c                __aeabi_fmul
                0x00208034                __divsf3
                0x00208034                __aeabi_fdiv
 .text          0x00208194      0x110 /home/ubuntu/NXT/gnuarm/lib/gcc/arm-elf/4.4.2/thumb/interwork/libgcc.a(_arm_cmpsf2.o)
                0x00208194                __gtsf2
                0x00208194                __gesf2
                0x0020819c                __lesf2
                0x0020819c                __ltsf2
                0x002081a4                __nesf2
                0x002081a4                __eqsf2
                0x002081a4                __cmpsf2
                0x00208204                __aeabi_cfrcmple
                0x00208214                __aeabi_cfcmple
                0x00208214                __aeabi_cfcmpeq
                0x0020822c                __aeabi_fcmpeq
                0x00208244                __aeabi_fcmplt
                0x0020825c                __aeabi_fcmple
                0x00208274                __aeabi_fcmpge
                0x0020828c                __aeabi_fcmpgt
 .text          0x002082a4       0x5c /home/ubuntu/NXT/gnuarm/lib/gcc/arm-elf/4.4.2/thumb/interwork/libgcc.a(_arm_fixsfsi.o)
                0x002082a4                __fixsfsi
                0x002082a4                __aeabi_f2iz
 .text          0x00208300       0x80 /home/ubuntu/NXT/gnuarm/lib/gcc/arm-elf/4.4.2/../../../../arm-elf/lib/thumb/interwork/libc.a(lib_a-memcpy.o)
                0x00208300                memcpy
 .text          0x00208380       0x94 /home/ubuntu/NXT/gnuarm/lib/gcc/arm-elf/4.4.2/../../../../arm-elf/lib/thumb/interwork/libc.a(lib_a-memset.o)
                0x00208380                memset
 .text          0x00208414       0x10 /home/ubuntu/NXT/gnuarm/lib/gcc/arm-elf/4.4.2/../../../../arm-elf/lib/thumb/interwork/libc.a(lib_a-strcpy.o)
                0x00208414                strcpy
 .text          0x00208424       0x10 /home/ubuntu/NXT/gnuarm/lib/gcc/arm-elf/4.4.2/../../../../arm-elf/lib/thumb/interwork/libc.a(lib_a-strlen.o)
                0x00208424                strlen
                0x00208440                . = ALIGN (0x10)
 *fill*         0x00208434        0xc 00
 *(*.rodata *.rodata.*)
 .rodata.search_table.1018
                0x00208440       0x10 build/kernel/task.o
 .rodata.tnum_resource
                0x00208450        0x1 build/./kernel_cfg.o
                0x00208450                tnum_resource
 *fill*         0x00208451        0x3 00
 .rodata.alminib_cback
                0x00208454        0x8 build/./kernel_cfg.o
                0x00208454                alminib_cback
 .rodata.SimConfigGlobal
                0x0020845c        0x1 build/./kernel_cfg.o
                0x0020845c                SimConfigGlobal
 *fill*         0x0020845d        0x3 00
 .rodata.alminib_cntid
                0x00208460        0x4 build/./kernel_cfg.o
                0x00208460                alminib_cntid
 .rodata.tinib_maxact
                0x00208464        0x4 build/./kernel_cfg.o
                0x00208464                tinib_maxact
 .rodata.cntinib_tickbase
                0x00208468        0x4 build/./kernel_cfg.o
                0x00208468                cntinib_tickbase
 .rodata.tnum_task
                0x0020846c        0x1 build/./kernel_cfg.o
                0x0020846c                tnum_task
 *fill*         0x0020846d        0x3 00
 .rodata.cntinib_maxval
                0x00208470        0x4 build/./kernel_cfg.o
                0x00208470                cntinib_maxval
 .rodata.alminib_almval
                0x00208474        0x8 build/./kernel_cfg.o
                0x00208474                alminib_almval
 .rodata.tinib_stksz
                0x0020847c        0x8 build/./kernel_cfg.o
                0x0020847c                tinib_stksz
 .rodata.alminib_cycle
                0x00208484        0x8 build/./kernel_cfg.o
                0x00208484                alminib_cycle
 .rodata.tinib_inipri
                0x0020848c        0x4 build/./kernel_cfg.o
                0x0020848c                tinib_inipri
 .rodata.SimTermEvt
                0x00208490        0x4 build/./kernel_cfg.o
                0x00208490                SimTermEvt
 .rodata.cntinib_maxval2
                0x00208494        0x4 build/./kernel_cfg.o
                0x00208494                cntinib_maxval2
 .rodata.tinib_stk
                0x00208498        0xc build/./kernel_cfg.o
                0x00208498                tinib_stk
 .rodata.isrinib_intpri
                0x002084a4        0x4 build/./kernel_cfg.o
                0x002084a4                isrinib_intpri
 .rodata.tnum_exttask
                0x002084a8        0x1 build/./kernel_cfg.o
                0x002084a8                tnum_exttask
 .rodata.tnum_counter
                0x002084a9        0x1 build/./kernel_cfg.o
                0x002084a9                tnum_counter
 .rodata.SimulTaskAlarm
                0x002084aa        0x1 build/./kernel_cfg.o
                0x002084aa                SimulTaskAlarm
 *fill*         0x002084ab        0x1 00
 .rodata.tinib_autoact
                0x002084ac        0x4 build/./kernel_cfg.o
                0x002084ac                tinib_autoact
 .rodata.SysTimerCnt
                0x002084b0        0x1 build/./kernel_cfg.o
                0x002084b0                SysTimerCnt
 .rodata.ConfigTask
                0x002084b1        0x1 build/./kernel_cfg.o
                0x002084b1                ConfigTask
 .rodata.tnum_alarm
                0x002084b2        0x1 build/./kernel_cfg.o
                0x002084b2                tnum_alarm
 *fill*         0x002084b3        0x1 00
 .rodata.cntinib_mincyc
                0x002084b4        0x4 build/./kernel_cfg.o
                0x002084b4                cntinib_mincyc
 .rodata.resinib_ceilpri
                0x002084b8        0x4 build/./kernel_cfg.o
                0x002084b8                resinib_ceilpri
 .rodata.tinib_exepri
                0x002084bc        0x4 build/./kernel_cfg.o
                0x002084bc                tinib_exepri
 .rodata.tinib_task
                0x002084c0        0xc build/./kernel_cfg.o
                0x002084c0                tinib_task
 .rodata.alminib_autosta
                0x002084cc        0x4 build/./kernel_cfg.o
                0x002084cc                alminib_autosta
 .rodata.str1.1
                0x002084d0       0x6c build/ecrobot_base.o
 .rodata.exec_addr
                0x0020853c        0x4 build/ecrobot_base.o
                0x0020853c                exec_addr
 .rodata.str1.1
                0x00208540       0x4e build/BRO_spam_client.o
 *fill*         0x0020858e        0x2 00
 .rodata.END_SIMULATION
                0x00208590        0x8 build/common/bt_comm.o
                0x00208590                END_SIMULATION
 .rodata.str1.4
                0x00208598       0x84 /home/ubuntu/NXT/nxtOSEK/ecrobot/../ecrobot/libecrobot.a(ecrobot_interface.o)
 *fill*         0x0020861c        0x4 00
 .rodata.str1.4.stub
                0x00208620       0x78 linker stubs
                0x002086a0                . = ALIGN (0x10)
 *fill*         0x00208698        0x8 00
 *(*.gnu.linkonce.* .gcc_except_table)
                0x002086a0                . = ALIGN (0x10)

.vfp11_veneer   0x00205b70        0x0
 .vfp11_veneer  0x00000000        0x0 linker stubs

.v4_bx          0x00205b70        0x0
 .v4_bx         0x00000000        0x0 linker stubs

.tors           0x002086a0        0x0
                0x002086a0                . = ALIGN (0x10)
                0x002086a0                __ctor_begin = .
 *(*.ctors*)
                0x002086a0                __ctor_end = .
                0x002086a0                . = ALIGN (0x10)
                0x002086a0                __dtor_begin = .
 *(*.dtors*)
                0x002086a0                __dtor_end = .
                0x002086a0                . = ALIGN (0x10)

.bss            0x002086a0     0x26d8
 *(*.bss *.bss.*)
 .bss.ready_queue_first
                0x002086a0       0x10 build/kernel/task.o
 .bss.ready_primap
                0x002086b0        0x2 build/kernel/task.o
 *fill*         0x002086b2        0x2 00
 .bss.ready_queue_last
                0x002086b4       0x10 build/kernel/task.o
 .bss._stack_DisplayTask
                0x002086c4      0x200 build/./kernel_cfg.o
 .bss._stack_ConfigTask
                0x002088c4      0x200 build/./kernel_cfg.o
 .bss._stack_SimulTask
                0x00208ac4     0x1000 build/./kernel_cfg.o
 .bss.receiveBuf
                0x00209ac4       0x80 build/ecrobot_bluetooth.o
 .bss.sendBuf   0x00209b44      0x100 build/ecrobot_bluetooth.o
 .bss.handle    0x00209c44        0x1 build/ecrobot_bluetooth.o
 *fill*         0x00209c45        0x3 00
 .bss.last_act_time.2836
                0x00209c48        0x4 build/ecrobot_base.o
 .bss.status_bar_position
                0x00209c4c        0x4 build/ecrobot_base.o
 .bss.lcd.2758  0x00209c50      0x320 build/ecrobot_base.o
 .bss.status_bar
                0x00209f70       0x10 build/ecrobot_base.o
 .bss.OS_flag   0x00209f80        0x4 build/ecrobot_base.o
 .bss.p_1.4270  0x00209f84        0xc build/BRO_spam_client.o
 .bss.prev_time.4261
                0x00209f90        0x4 build/BRO_spam_client.o
 .bss.rev_count_2.4263
                0x00209f94        0x8 build/BRO_spam_client.o
 .bss.power_1.4278
                0x00209f9c        0x4 build/BRO_spam_client.o
 .bss.current_speed_1.4274
                0x00209fa0        0x4 build/BRO_spam_client.o
 .bss.avg_speed_1.4268
                0x00209fa4        0x4 build/BRO_spam_client.o
 .bss.e_2.4273  0x00209fa8        0xc build/BRO_spam_client.o
 .bss.target_speed_2.4277
                0x00209fb4        0x4 build/BRO_spam_client.o
 .bss.p_2.4271  0x00209fb8        0xc build/BRO_spam_client.o
 .bss.avg_speed_2.4269
                0x00209fc4        0x4 build/BRO_spam_client.o
 .bss.target_speed_1.4276
                0x00209fc8        0x4 build/BRO_spam_client.o
 .bss.rev_count_1.4262
                0x00209fcc        0x8 build/BRO_spam_client.o
 .bss.power_2.4279
                0x00209fd4        0x4 build/BRO_spam_client.o
 .bss.current_speed_2.4275
                0x00209fd8        0x4 build/BRO_spam_client.o
 .bss.e_1.4272  0x00209fdc        0xc build/BRO_spam_client.o
 .bss.buttons_i
                0x00209fe8        0x4 /home/ubuntu/NXT/nxtOSEK/ecrobot/../ecrobot/libecrobot.a(ecrobot_interface.o)
 .bss.buttons_states
                0x00209fec       0x14 /home/ubuntu/NXT/nxtOSEK/ecrobot/../ecrobot/libecrobot.a(ecrobot_interface.o)
 .bss.ecrobot_inputs
                0x0020a000        0x8 /home/ubuntu/NXT/nxtOSEK/ecrobot/../ecrobot/libecrobot.a(ecrobot_interface.o)
 .bss.systick_ms
                0x0020a008        0x4 /home/ubuntu/NXT/nxtOSEK/ecrobot/../ecrobot/libecrobot.a(systick.oram)
 .bss.delayedEnable
                0x0020a00c        0x1 /home/ubuntu/NXT/nxtOSEK/ecrobot/../ecrobot/libecrobot.a(udp.oram)
 *fill*         0x0020a00d        0x3 00
 .bss.outCnt    0x0020a010        0x4 /home/ubuntu/NXT/nxtOSEK/ecrobot/../ecrobot/libecrobot.a(udp.oram)
 .bss.outPtr    0x0020a014        0x4 /home/ubuntu/NXT/nxtOSEK/ecrobot/../ecrobot/libecrobot.a(udp.oram)
 .bss.newAddress
                0x0020a018        0x4 /home/ubuntu/NXT/nxtOSEK/ecrobot/../ecrobot/libecrobot.a(udp.oram)
 .bss.currentRxBank
                0x0020a01c        0x4 /home/ubuntu/NXT/nxtOSEK/ecrobot/../ecrobot/libecrobot.a(udp.oram)
 .bss.currentFeatures
                0x0020a020        0x4 /home/ubuntu/NXT/nxtOSEK/ecrobot/../ecrobot/libecrobot.a(udp.oram)
 .bss.currentConfig
                0x0020a024        0x1 /home/ubuntu/NXT/nxtOSEK/ecrobot/../ecrobot/libecrobot.a(udp.oram)
 *fill*         0x0020a025        0x3 00
 .bss.twi_mask  0x0020a028        0x4 /home/ubuntu/NXT/nxtOSEK/ecrobot/../ecrobot/libecrobot.a(twi.oram)
 .bss.twi_ptr   0x0020a02c        0x4 /home/ubuntu/NXT/nxtOSEK/ecrobot/../ecrobot/libecrobot.a(twi.oram)
 .bss.twi_pending
                0x0020a030        0x4 /home/ubuntu/NXT/nxtOSEK/ecrobot/../ecrobot/libecrobot.a(twi.oram)
 .bss.twi_state
                0x0020a034        0x4 /home/ubuntu/NXT/nxtOSEK/ecrobot/../ecrobot/libecrobot.a(twi.oram)
 .bss.page      0x0020a038        0x1 /home/ubuntu/NXT/nxtOSEK/ecrobot/../ecrobot/libecrobot.a(nxt_spi.oram)
                0x0020a038                page
 .bss.dirty     0x0020a039        0x1 /home/ubuntu/NXT/nxtOSEK/ecrobot/../ecrobot/libecrobot.a(nxt_spi.oram)
                0x0020a039                dirty
 *fill*         0x0020a03a        0x2 00
 .bss.display   0x0020a03c        0x4 /home/ubuntu/NXT/nxtOSEK/ecrobot/../ecrobot/libecrobot.a(nxt_spi.oram)
                0x0020a03c                display
 .bss.interrupts_this_period
                0x0020a040        0x4 /home/ubuntu/NXT/nxtOSEK/ecrobot/../ecrobot/libecrobot.a(nxt_motors.oram)
 .bss.nxt_motor_initialised
                0x0020a044        0x4 /home/ubuntu/NXT/nxtOSEK/ecrobot/../ecrobot/libecrobot.a(nxt_motors.oram)
 .bss.motor     0x0020a048       0x30 /home/ubuntu/NXT/nxtOSEK/ecrobot/../ecrobot/libecrobot.a(nxt_motors.oram)
 .bss.display_tick
                0x0020a078        0x4 /home/ubuntu/NXT/nxtOSEK/ecrobot/../ecrobot/libecrobot.a(display.oram)
                0x0020a078                display_tick
 .bss.display_array
                0x0020a07c      0x388 /home/ubuntu/NXT/nxtOSEK/ecrobot/../ecrobot/libecrobot.a(display.oram)
 .bss.i2c_int_count
                0x0020a404        0x4 /home/ubuntu/NXT/nxtOSEK/ecrobot/../ecrobot/libecrobot.a(i2c.oram)
 .bss.i2c_port  0x0020a408      0x170 /home/ubuntu/NXT/nxtOSEK/ecrobot/../ecrobot/libecrobot.a(i2c.oram)
 .bss.sound_mode
                0x0020a578        0x1 /home/ubuntu/NXT/nxtOSEK/ecrobot/../ecrobot/libecrobot.a(sound.oram)
                0x0020a578                sound_mode
 *fill*         0x0020a579        0x3 00
 .bss.in_buf_idx
                0x0020a57c        0x4 /home/ubuntu/NXT/nxtOSEK/ecrobot/../ecrobot/libecrobot.a(bt.oram)
 .bss.buf_ptr   0x0020a580        0x4 /home/ubuntu/NXT/nxtOSEK/ecrobot/../ecrobot/libecrobot.a(bt.oram)
 .bss.out_buf   0x0020a584      0x200 /home/ubuntu/NXT/nxtOSEK/ecrobot/../ecrobot/libecrobot.a(bt.oram)
 .bss.out_buf_ptr
                0x0020a784        0x1 /home/ubuntu/NXT/nxtOSEK/ecrobot/../ecrobot/libecrobot.a(bt.oram)
 .bss.in_buf_in_ptr
                0x0020a785        0x1 /home/ubuntu/NXT/nxtOSEK/ecrobot/../ecrobot/libecrobot.a(bt.oram)
 .bss.in_buf    0x0020a786      0x100 /home/ubuntu/NXT/nxtOSEK/ecrobot/../ecrobot/libecrobot.a(bt.oram)
 *fill*         0x0020a886        0x2 00
 .bss.link_state
                0x0020a888        0x4 /home/ubuntu/NXT/nxtOSEK/ecrobot/../ecrobot/libecrobot.a(nxt_avr.oram)
 .bss.update_count
                0x0020a88c        0x4 /home/ubuntu/NXT/nxtOSEK/ecrobot/../ecrobot/libecrobot.a(nxt_avr.oram)
 .bss.nxt_avr_stats
                0x0020a890       0x14 /home/ubuntu/NXT/nxtOSEK/ecrobot/../ecrobot/libecrobot.a(nxt_avr.oram)
 .bss.debounce_cnt
                0x0020a8a4        0x2 /home/ubuntu/NXT/nxtOSEK/ecrobot/../ecrobot/libecrobot.a(nxt_avr.oram)
 .bss.debounce_state
                0x0020a8a6        0x2 /home/ubuntu/NXT/nxtOSEK/ecrobot/../ecrobot/libecrobot.a(nxt_avr.oram)
 .bss.button_state
                0x0020a8a8        0x2 /home/ubuntu/NXT/nxtOSEK/ecrobot/../ecrobot/libecrobot.a(nxt_avr.oram)
 .bss.prev_buttons
                0x0020a8aa        0x2 /home/ubuntu/NXT/nxtOSEK/ecrobot/../ecrobot/libecrobot.a(nxt_avr.oram)
 .bss.from_buf  0x0020a8ac        0x4 /home/ubuntu/NXT/nxtOSEK/ecrobot/../ecrobot/libecrobot.a(nxt_avr.oram)
 .bss.io_from_avr
                0x0020a8b0        0x4 /home/ubuntu/NXT/nxtOSEK/ecrobot/../ecrobot/libecrobot.a(nxt_avr.oram)
 .bss.data_from_avr
                0x0020a8b4       0x1a /home/ubuntu/NXT/nxtOSEK/ecrobot/../ecrobot/libecrobot.a(nxt_avr.oram)
 .bss.data_to_avr
                0x0020a8ce        0x9 /home/ubuntu/NXT/nxtOSEK/ecrobot/../ecrobot/libecrobot.a(nxt_avr.oram)
 .bss.io_to_avr
                0x0020a8d7        0x8 /home/ubuntu/NXT/nxtOSEK/ecrobot/../ecrobot/libecrobot.a(nxt_avr.oram)
 *fill*         0x0020a8df        0x1 00
 .bss.display   0x0020a8e0        0x4 /home/ubuntu/NXT/nxtOSEK/ecrobot/../ecrobot/libecrobot.a(nxt_lcd.oram)
                0x0020a8f0                . = ALIGN (0x10)
 *fill*         0x0020a8e4        0xc 00
                0x0020a8f0                __bss_end__ = .
 COMMON         0x0020a8f0        0x2 build/kernel/interrupt.o
                0x0020a8f0                runisr
                0x0020a8f1                sus_all_cnt
 *fill*         0x0020a8f2        0x2 00
 COMMON         0x0020a8f4       0x10 build/kernel/osctl.o
                0x0020a8f4                callevel
                0x0020a8f5                _errorhook_svcid
                0x0020a8f6                appmode
                0x0020a8f8                _errorhook_par1
                0x0020a8fc                _errorhook_par3
                0x0020a900                _errorhook_par2
 COMMON         0x0020a904        0x3 build/kernel/task.o
                0x0020a904                runtsk
                0x0020a905                schedtsk
                0x0020a906                nextpri
 *fill*         0x0020a907        0x1 00
 COMMON         0x0020a908       0x60 build/./kernel_cfg.o
                0x0020a908                tcb_waievt
                0x0020a90c                rescb_prevpri
                0x0020a910                almcb_prev
                0x0020a914                tcb_lastres
                0x0020a918                almcb_almval
                0x0020a920                tcxb_pc
                0x0020a92c                tcb_next
                0x0020a930                tcb_curpri
                0x0020a934                tcb_tstat
                0x0020a938                isrcb_lastres
                0x0020a93c                cntcb_almque
                0x0020a940                rescb_prevres
                0x0020a944                tcb_actcnt
                0x0020a948                tcb_curevt
                0x0020a94c                almcb_cycle
                0x0020a954                tcxb_sp
                0x0020a960                almcb_next
                0x0020a964                cntcb_curval
 COMMON         0x0020a968       0xa4 build/BRO_spam_client.o
                0x0020a968                sim_config
                0x0020a980                sim_status
                0x0020a984                data_idx
                0x0020a988                init_time
                0x0020a98c                data_msg
 COMMON         0x0020aa0c       0x44 /home/ubuntu/NXT/nxtOSEK/ecrobot/../ecrobot/libecrobot.a(uart.oram)
                0x0020aa0c                uart
 COMMON         0x0020aa50        0x4 /home/ubuntu/NXT/nxtOSEK/ecrobot/../ecrobot/libecrobot.a(data_abort.oram)
                0x0020aa50                data_abort_pc
 COMMON         0x0020aa54        0x8 /home/ubuntu/NXT/nxtOSEK/ecrobot/../ecrobot/libecrobot.a(display.oram)
                0x0020aa54                display_x
                0x0020aa58                display_y
 COMMON         0x0020aa5c      0x31c /home/ubuntu/NXT/nxtOSEK/ecrobot/../ecrobot/libecrobot.a(sound.oram)
                0x0020aa5c                sample
                0x002086a0                __bss_start__ = ADDR (.bss)
                0x0020ad78                __bss_end__ = (ADDR (.bss) + SIZEOF (.bss))
                0x0020ad78                PROVIDE (end, .)

.heap_area      0x0020ad78     0x4e00
                0x0020fb78                . = (. + (0x20fb78 - end))
 *fill*         0x0020ad78     0x4e00 00

.stack          0x0020fb78      0x488
                0x0020fbf8                . = (. + 0x80)
 *fill*         0x0020fb78       0x80 00
                0x0020fc00                . = ALIGN (0x10)
 *fill*         0x0020fbf8        0x8 00
                0x0020fc00                __irq_stack__ = .
                0x0020fc00                __system_stack_bottom__ = .
                0x00210000                . = (. + 0x400)
 *fill*         0x0020fc00      0x400 00
                0x00210000                . = ALIGN (0x10)
                0x00210000                __system_stack__ = .
                0x00210000                __system_stack_top__ = .
                0x0020fb78                __stack_start__ = ADDR (.stack)
                0x00210000                __stack_end__ = (ADDR (.stack) + SIZEOF (.stack))
OUTPUT(BRO_client_ram.elf elf32-littlearm)

.comment        0x00000000      0x1af
 .comment       0x00000000       0x11 build/kernel/alarm.o
                                 0x12 (size before relaxing)
 .comment       0x00000000       0x12 build/kernel/event.o
 .comment       0x00000000       0x12 build/kernel/interrupt.o
 .comment       0x00000000       0x12 build/kernel/osctl.o
 .comment       0x00000000       0x12 build/kernel/resource.o
 .comment       0x00000000       0x12 build/kernel/task.o
 .comment       0x00000000       0x12 build/kernel/task_manage.o
 .comment       0x00000000       0x12 build/config/at91sam7s-gnu/cpu_config.o
 .comment       0x00000000       0x12 build/config/at91sam7s-gnu/lego_nxt/sys_config.o
 .comment       0x00000000       0x12 build/./kernel_cfg.o
 .comment       0x00000000       0x12 build/syscalls.o
 .comment       0x00000000       0x12 build/ecrobot_bluetooth.o
 .comment       0x00000000       0x12 build/ecrobot_base.o
 .comment       0x00000000       0x12 build/ecrobot.o
 .comment       0x00000000       0x12 build/BRO_spam_client.o
 .comment       0x00000000       0x12 build/common/bt_comm.o
 .comment       0x00000000       0x12 build/common/simul_config.o
 .comment       0x00000000       0x12 build/syslib/at91sam7s-gnu/lego_nxt/hw_sys_timer.oram
 .comment       0x00000011       0x12 /home/ubuntu/NXT/nxtOSEK/ecrobot/../ecrobot/libecrobot.a(ecrobot_interface.o)
 .comment       0x00000023       0x12 /home/ubuntu/NXT/nxtOSEK/ecrobot/../ecrobot/libecrobot.a(colorsensor.o)
 .comment       0x00000035       0x12 /home/ubuntu/NXT/nxtOSEK/ecrobot/../ecrobot/libecrobot.a(osek_hook.o)
 .comment       0x00000047       0x12 /home/ubuntu/NXT/nxtOSEK/ecrobot/../ecrobot/libecrobot.a(uart.oram)
 .comment       0x00000059       0x12 /home/ubuntu/NXT/nxtOSEK/ecrobot/../ecrobot/libecrobot.a(systick.oram)
 .comment       0x0000006b       0x12 /home/ubuntu/NXT/nxtOSEK/ecrobot/../ecrobot/libecrobot.a(byte_fifo.oram)
 .comment       0x0000007d       0x12 /home/ubuntu/NXT/nxtOSEK/ecrobot/../ecrobot/libecrobot.a(aic.oram)
 .comment       0x0000008f       0x12 /home/ubuntu/NXT/nxtOSEK/ecrobot/../ecrobot/libecrobot.a(udp.oram)
 .comment       0x000000a1       0x12 /home/ubuntu/NXT/nxtOSEK/ecrobot/../ecrobot/libecrobot.a(twi.oram)
 .comment       0x000000b3       0x12 /home/ubuntu/NXT/nxtOSEK/ecrobot/../ecrobot/libecrobot.a(nxt_spi.oram)
 .comment       0x000000c5       0x12 /home/ubuntu/NXT/nxtOSEK/ecrobot/../ecrobot/libecrobot.a(nxt_motors.oram)
 .comment       0x000000d7       0x12 /home/ubuntu/NXT/nxtOSEK/ecrobot/../ecrobot/libecrobot.a(data_abort.oram)
 .comment       0x000000e9       0x12 /home/ubuntu/NXT/nxtOSEK/ecrobot/../ecrobot/libecrobot.a(display.oram)
 .comment       0x000000fb       0x12 /home/ubuntu/NXT/nxtOSEK/ecrobot/../ecrobot/libecrobot.a(i2c.oram)
 .comment       0x0000010d       0x12 /home/ubuntu/NXT/nxtOSEK/ecrobot/../ecrobot/libecrobot.a(sound.oram)
 .comment       0x0000011f       0x12 /home/ubuntu/NXT/nxtOSEK/ecrobot/../ecrobot/libecrobot.a(bt.oram)
 .comment       0x00000131       0x12 /home/ubuntu/NXT/nxtOSEK/ecrobot/../ecrobot/libecrobot.a(nxt_avr.oram)
 .comment       0x00000143       0x12 /home/ubuntu/NXT/nxtOSEK/ecrobot/../ecrobot/libecrobot.a(sensors.oram)
 .comment       0x00000155       0x12 /home/ubuntu/NXT/nxtOSEK/ecrobot/../ecrobot/libecrobot.a(sensors1.oram)
 .comment       0x00000167       0x12 /home/ubuntu/NXT/nxtOSEK/ecrobot/../ecrobot/libecrobot.a(nxt_lcd.oram)
 .comment       0x00000179       0x12 /home/ubuntu/NXT/nxtOSEK/ecrobot/../ecrobot/libecrobot.a(flash_loader.oram)
 .comment       0x0000018b       0x12 /home/ubuntu/NXT/nxtOSEK/ecrobot/../ecrobot/libecrobot.a(ecrobot_usb.o)
 .comment       0x0000019d       0x12 /home/ubuntu/NXT/nxtOSEK/ecrobot/../ecrobot/libecrobot.a(flashprog.oram)
 .comment       0x00000000       0x12 /home/ubuntu/NXT/gnuarm/lib/gcc/arm-elf/4.4.2/../../../../arm-elf/lib/thumb/interwork/libm.a(lib_a-sf_sin.o)
 .comment       0x00000000       0x12 /home/ubuntu/NXT/gnuarm/lib/gcc/arm-elf/4.4.2/../../../../arm-elf/lib/thumb/interwork/libm.a(lib_a-s_round.o)
 .comment       0x00000000       0x12 /home/ubuntu/NXT/gnuarm/lib/gcc/arm-elf/4.4.2/../../../../arm-elf/lib/thumb/interwork/libm.a(lib_a-ef_rem_pio2.o)
 .comment       0x00000000       0x12 /home/ubuntu/NXT/gnuarm/lib/gcc/arm-elf/4.4.2/../../../../arm-elf/lib/thumb/interwork/libm.a(lib_a-kf_cos.o)
 .comment       0x00000000       0x12 /home/ubuntu/NXT/gnuarm/lib/gcc/arm-elf/4.4.2/../../../../arm-elf/lib/thumb/interwork/libm.a(lib_a-kf_rem_pio2.o)
 .comment       0x00000000       0x12 /home/ubuntu/NXT/gnuarm/lib/gcc/arm-elf/4.4.2/../../../../arm-elf/lib/thumb/interwork/libm.a(lib_a-kf_sin.o)
 .comment       0x00000000       0x12 /home/ubuntu/NXT/gnuarm/lib/gcc/arm-elf/4.4.2/../../../../arm-elf/lib/thumb/interwork/libm.a(lib_a-sf_fabs.o)
 .comment       0x00000000       0x12 /home/ubuntu/NXT/gnuarm/lib/gcc/arm-elf/4.4.2/../../../../arm-elf/lib/thumb/interwork/libm.a(lib_a-sf_floor.o)
 .comment       0x00000000       0x12 /home/ubuntu/NXT/gnuarm/lib/gcc/arm-elf/4.4.2/../../../../arm-elf/lib/thumb/interwork/libm.a(lib_a-sf_scalbn.o)
 .comment       0x00000000       0x12 /home/ubuntu/NXT/gnuarm/lib/gcc/arm-elf/4.4.2/../../../../arm-elf/lib/thumb/interwork/libm.a(lib_a-sf_copysign.o)
 .comment       0x00000000       0x12 /home/ubuntu/NXT/gnuarm/lib/gcc/arm-elf/4.4.2/thumb/interwork/libgcc.a(_muldi3.o)
 .comment       0x00000000       0x12 /home/ubuntu/NXT/gnuarm/lib/gcc/arm-elf/4.4.2/thumb/interwork/libgcc.a(_divdi3.o)
 .comment       0x00000000       0x12 /home/ubuntu/NXT/gnuarm/lib/gcc/arm-elf/4.4.2/../../../../arm-elf/lib/thumb/interwork/libc.a(lib_a-memcpy.o)
 .comment       0x00000000       0x12 /home/ubuntu/NXT/gnuarm/lib/gcc/arm-elf/4.4.2/../../../../arm-elf/lib/thumb/interwork/libc.a(lib_a-memset.o)
 .comment       0x00000000       0x12 /home/ubuntu/NXT/gnuarm/lib/gcc/arm-elf/4.4.2/../../../../arm-elf/lib/thumb/interwork/libc.a(lib_a-strcmp.o)
 .comment       0x00000000       0x12 /home/ubuntu/NXT/gnuarm/lib/gcc/arm-elf/4.4.2/../../../../arm-elf/lib/thumb/interwork/libc.a(lib_a-strcpy.o)
 .comment       0x00000000       0x12 /home/ubuntu/NXT/gnuarm/lib/gcc/arm-elf/4.4.2/../../../../arm-elf/lib/thumb/interwork/libc.a(lib_a-strlen.o)
 .comment       0x00000000       0x12 /home/ubuntu/NXT/gnuarm/lib/gcc/arm-elf/4.4.2/../../../../arm-elf/lib/thumb/interwork/libc.a(lib_a-strncpy.o)

.ARM.attributes
                0x00000000       0x10
 .ARM.attributes
                0x00000000       0x10 build/kernel/alarm.o
 .ARM.attributes
                0x00000010       0x10 build/kernel/event.o
 .ARM.attributes
                0x00000020       0x10 build/kernel/interrupt.o
 .ARM.attributes
                0x00000030       0x10 build/kernel/osctl.o
 .ARM.attributes
                0x00000040       0x10 build/kernel/resource.o
 .ARM.attributes
                0x00000050       0x10 build/kernel/task.o
 .ARM.attributes
                0x00000060       0x10 build/kernel/task_manage.o
 .ARM.attributes
                0x00000070       0x10 build/config/at91sam7s-gnu/cpu_config.o
 .ARM.attributes
                0x00000080       0x10 build/config/at91sam7s-gnu/lego_nxt/sys_config.o
 .ARM.attributes
                0x00000090       0x10 build/./kernel_cfg.o
 .ARM.attributes
                0x000000a0       0x10 build/syscalls.o
 .ARM.attributes
                0x000000b0       0x10 build/ecrobot_bluetooth.o
 .ARM.attributes
                0x000000c0       0x10 build/ecrobot_base.o
 .ARM.attributes
                0x000000d0       0x10 build/ecrobot.o
 .ARM.attributes
                0x000000e0       0x10 build/BRO_spam_client.o
 .ARM.attributes
                0x000000f0       0x10 build/common/bt_comm.o
 .ARM.attributes
                0x00000100       0x10 build/common/simul_config.o
 .ARM.attributes
                0x00000110       0x10 build/syslib/at91sam7s-gnu/lego_nxt/hw_sys_timer.oram
 .ARM.attributes
                0x00000120       0x10 build/nxtvm/platform/nxt/vectors.o
 .ARM.attributes
                0x00000130       0x10 build/config/at91sam7s-gnu/debug.o
 .ARM.attributes
                0x00000140       0x10 build/config/at91sam7s-gnu/lego_nxt/sys_support.o
 .ARM.attributes
                0x00000150       0x10 build/nxt_binary_header.o
 .ARM.attributes
                0x00000160       0x10 build/nxt_entry_point.o
 .ARM.attributes
                0x00000170       0x10 build/ecrobot_init.o
 .ARM.attributes
                0x00000180       0x10 build/config/at91sam7s-gnu/cpu_support.oram
 .ARM.attributes
                0x00000190       0x10 build/config/at91sam7s-gnu/irq.oram
 .ARM.attributes
                0x000001a0       0x10 /home/ubuntu/NXT/gnuarm/lib/gcc/arm-elf/4.4.2/../../../../arm-elf/lib/thumb/interwork/libm.a(lib_a-sf_sin.o)
 .ARM.attributes
                0x000001b0       0x10 /home/ubuntu/NXT/gnuarm/lib/gcc/arm-elf/4.4.2/../../../../arm-elf/lib/thumb/interwork/libm.a(lib_a-s_round.o)
 .ARM.attributes
                0x000001c0       0x10 /home/ubuntu/NXT/gnuarm/lib/gcc/arm-elf/4.4.2/../../../../arm-elf/lib/thumb/interwork/libm.a(lib_a-ef_rem_pio2.o)
 .ARM.attributes
                0x000001d0       0x10 /home/ubuntu/NXT/gnuarm/lib/gcc/arm-elf/4.4.2/../../../../arm-elf/lib/thumb/interwork/libm.a(lib_a-kf_cos.o)
 .ARM.attributes
                0x000001e0       0x10 /home/ubuntu/NXT/gnuarm/lib/gcc/arm-elf/4.4.2/../../../../arm-elf/lib/thumb/interwork/libm.a(lib_a-kf_rem_pio2.o)
 .ARM.attributes
                0x000001f0       0x10 /home/ubuntu/NXT/gnuarm/lib/gcc/arm-elf/4.4.2/../../../../arm-elf/lib/thumb/interwork/libm.a(lib_a-kf_sin.o)
 .ARM.attributes
                0x00000200       0x10 /home/ubuntu/NXT/gnuarm/lib/gcc/arm-elf/4.4.2/../../../../arm-elf/lib/thumb/interwork/libm.a(lib_a-sf_fabs.o)
 .ARM.attributes
                0x00000210       0x10 /home/ubuntu/NXT/gnuarm/lib/gcc/arm-elf/4.4.2/../../../../arm-elf/lib/thumb/interwork/libm.a(lib_a-sf_floor.o)
 .ARM.attributes
                0x00000220       0x10 /home/ubuntu/NXT/gnuarm/lib/gcc/arm-elf/4.4.2/../../../../arm-elf/lib/thumb/interwork/libm.a(lib_a-sf_scalbn.o)
 .ARM.attributes
                0x00000230       0x10 /home/ubuntu/NXT/gnuarm/lib/gcc/arm-elf/4.4.2/../../../../arm-elf/lib/thumb/interwork/libm.a(lib_a-sf_copysign.o)
 .ARM.attributes
                0x00000240       0x10 /home/ubuntu/NXT/gnuarm/lib/gcc/arm-elf/4.4.2/thumb/interwork/libgcc.a(_udivsi3.o)
 .ARM.attributes
                0x00000250       0x10 /home/ubuntu/NXT/gnuarm/lib/gcc/arm-elf/4.4.2/thumb/interwork/libgcc.a(_divsi3.o)
 .ARM.attributes
                0x00000260       0x10 /home/ubuntu/NXT/gnuarm/lib/gcc/arm-elf/4.4.2/thumb/interwork/libgcc.a(_umodsi3.o)
 .ARM.attributes
                0x00000270       0x10 /home/ubuntu/NXT/gnuarm/lib/gcc/arm-elf/4.4.2/thumb/interwork/libgcc.a(_modsi3.o)
 .ARM.attributes
                0x00000280       0x10 /home/ubuntu/NXT/gnuarm/lib/gcc/arm-elf/4.4.2/thumb/interwork/libgcc.a(_dvmd_tls.o)
 .ARM.attributes
                0x00000290       0x10 /home/ubuntu/NXT/gnuarm/lib/gcc/arm-elf/4.4.2/thumb/interwork/libgcc.a(_arm_addsubdf3.o)
 .ARM.attributes
                0x000002a0       0x10 /home/ubuntu/NXT/gnuarm/lib/gcc/arm-elf/4.4.2/thumb/interwork/libgcc.a(_arm_muldivdf3.o)
 .ARM.attributes
                0x000002b0       0x10 /home/ubuntu/NXT/gnuarm/lib/gcc/arm-elf/4.4.2/thumb/interwork/libgcc.a(_arm_cmpdf2.o)
 .ARM.attributes
                0x000002c0       0x10 /home/ubuntu/NXT/gnuarm/lib/gcc/arm-elf/4.4.2/thumb/interwork/libgcc.a(_arm_fixdfsi.o)
 .ARM.attributes
                0x000002d0       0x10 /home/ubuntu/NXT/gnuarm/lib/gcc/arm-elf/4.4.2/thumb/interwork/libgcc.a(_arm_addsubsf3.o)
 .ARM.attributes
                0x000002e0       0x10 /home/ubuntu/NXT/gnuarm/lib/gcc/arm-elf/4.4.2/thumb/interwork/libgcc.a(_arm_muldivsf3.o)
 .ARM.attributes
                0x000002f0       0x10 /home/ubuntu/NXT/gnuarm/lib/gcc/arm-elf/4.4.2/thumb/interwork/libgcc.a(_arm_cmpsf2.o)
 .ARM.attributes
                0x00000300       0x10 /home/ubuntu/NXT/gnuarm/lib/gcc/arm-elf/4.4.2/thumb/interwork/libgcc.a(_arm_fixsfsi.o)
 .ARM.attributes
                0x00000310       0x10 /home/ubuntu/NXT/gnuarm/lib/gcc/arm-elf/4.4.2/thumb/interwork/libgcc.a(_muldi3.o)
 .ARM.attributes
                0x00000320       0x10 /home/ubuntu/NXT/gnuarm/lib/gcc/arm-elf/4.4.2/thumb/interwork/libgcc.a(_divdi3.o)
 .ARM.attributes
                0x00000330       0x10 /home/ubuntu/NXT/gnuarm/lib/gcc/arm-elf/4.4.2/thumb/interwork/libgcc.a(_clzsi2.o)
 .ARM.attributes
                0x00000340       0x10 /home/ubuntu/NXT/gnuarm/lib/gcc/arm-elf/4.4.2/../../../../arm-elf/lib/thumb/interwork/libc.a(lib_a-memcpy.o)
 .ARM.attributes
                0x00000350       0x10 /home/ubuntu/NXT/gnuarm/lib/gcc/arm-elf/4.4.2/../../../../arm-elf/lib/thumb/interwork/libc.a(lib_a-memset.o)
 .ARM.attributes
                0x00000360       0x10 /home/ubuntu/NXT/gnuarm/lib/gcc/arm-elf/4.4.2/../../../../arm-elf/lib/thumb/interwork/libc.a(lib_a-strcmp.o)
 .ARM.attributes
                0x00000370       0x10 /home/ubuntu/NXT/gnuarm/lib/gcc/arm-elf/4.4.2/../../../../arm-elf/lib/thumb/interwork/libc.a(lib_a-strcpy.o)
 .ARM.attributes
                0x00000380       0x10 /home/ubuntu/NXT/gnuarm/lib/gcc/arm-elf/4.4.2/../../../../arm-elf/lib/thumb/interwork/libc.a(lib_a-strlen.o)
 .ARM.attributes
                0x00000390       0x10 /home/ubuntu/NXT/gnuarm/lib/gcc/arm-elf/4.4.2/../../../../arm-elf/lib/thumb/interwork/libc.a(lib_a-strncpy.o)
 .ARM.attributes
                0x000003a0       0x10 build/nxtvm/platform/nxt/vectors.o

.debug_abbrev   0x00000000      0xe87
 .debug_abbrev  0x00000000       0xa1 /home/ubuntu/NXT/gnuarm/lib/gcc/arm-elf/4.4.2/../../../../arm-elf/lib/thumb/interwork/libm.a(lib_a-sf_sin.o)
 .debug_abbrev  0x000000a1       0xf1 /home/ubuntu/NXT/gnuarm/lib/gcc/arm-elf/4.4.2/../../../../arm-elf/lib/thumb/interwork/libm.a(lib_a-s_round.o)
 .debug_abbrev  0x00000192      0x117 /home/ubuntu/NXT/gnuarm/lib/gcc/arm-elf/4.4.2/../../../../arm-elf/lib/thumb/interwork/libm.a(lib_a-ef_rem_pio2.o)
 .debug_abbrev  0x000002a9       0xd5 /home/ubuntu/NXT/gnuarm/lib/gcc/arm-elf/4.4.2/../../../../arm-elf/lib/thumb/interwork/libm.a(lib_a-kf_cos.o)
 .debug_abbrev  0x0000037e      0x109 /home/ubuntu/NXT/gnuarm/lib/gcc/arm-elf/4.4.2/../../../../arm-elf/lib/thumb/interwork/libm.a(lib_a-kf_rem_pio2.o)
 .debug_abbrev  0x00000487       0xe4 /home/ubuntu/NXT/gnuarm/lib/gcc/arm-elf/4.4.2/../../../../arm-elf/lib/thumb/interwork/libm.a(lib_a-kf_sin.o)
 .debug_abbrev  0x0000056b       0x71 /home/ubuntu/NXT/gnuarm/lib/gcc/arm-elf/4.4.2/../../../../arm-elf/lib/thumb/interwork/libm.a(lib_a-sf_fabs.o)
 .debug_abbrev  0x000005dc       0x8b /home/ubuntu/NXT/gnuarm/lib/gcc/arm-elf/4.4.2/../../../../arm-elf/lib/thumb/interwork/libm.a(lib_a-sf_floor.o)
 .debug_abbrev  0x00000667       0xc8 /home/ubuntu/NXT/gnuarm/lib/gcc/arm-elf/4.4.2/../../../../arm-elf/lib/thumb/interwork/libm.a(lib_a-sf_scalbn.o)
 .debug_abbrev  0x0000072f       0x80 /home/ubuntu/NXT/gnuarm/lib/gcc/arm-elf/4.4.2/../../../../arm-elf/lib/thumb/interwork/libm.a(lib_a-sf_copysign.o)
 .debug_abbrev  0x000007af       0x14 /home/ubuntu/NXT/gnuarm/lib/gcc/arm-elf/4.4.2/thumb/interwork/libgcc.a(_udivsi3.o)
 .debug_abbrev  0x000007c3       0x14 /home/ubuntu/NXT/gnuarm/lib/gcc/arm-elf/4.4.2/thumb/interwork/libgcc.a(_divsi3.o)
 .debug_abbrev  0x000007d7       0x14 /home/ubuntu/NXT/gnuarm/lib/gcc/arm-elf/4.4.2/thumb/interwork/libgcc.a(_umodsi3.o)
 .debug_abbrev  0x000007eb       0x14 /home/ubuntu/NXT/gnuarm/lib/gcc/arm-elf/4.4.2/thumb/interwork/libgcc.a(_modsi3.o)
 .debug_abbrev  0x000007ff       0x14 /home/ubuntu/NXT/gnuarm/lib/gcc/arm-elf/4.4.2/thumb/interwork/libgcc.a(_dvmd_tls.o)
 .debug_abbrev  0x00000813       0x14 /home/ubuntu/NXT/gnuarm/lib/gcc/arm-elf/4.4.2/thumb/interwork/libgcc.a(_arm_addsubdf3.o)
 .debug_abbrev  0x00000827       0x14 /home/ubuntu/NXT/gnuarm/lib/gcc/arm-elf/4.4.2/thumb/interwork/libgcc.a(_arm_muldivdf3.o)
 .debug_abbrev  0x0000083b       0x14 /home/ubuntu/NXT/gnuarm/lib/gcc/arm-elf/4.4.2/thumb/interwork/libgcc.a(_arm_cmpdf2.o)
 .debug_abbrev  0x0000084f       0x14 /home/ubuntu/NXT/gnuarm/lib/gcc/arm-elf/4.4.2/thumb/interwork/libgcc.a(_arm_fixdfsi.o)
 .debug_abbrev  0x00000863       0x14 /home/ubuntu/NXT/gnuarm/lib/gcc/arm-elf/4.4.2/thumb/interwork/libgcc.a(_arm_addsubsf3.o)
 .debug_abbrev  0x00000877       0x14 /home/ubuntu/NXT/gnuarm/lib/gcc/arm-elf/4.4.2/thumb/interwork/libgcc.a(_arm_muldivsf3.o)
 .debug_abbrev  0x0000088b       0x14 /home/ubuntu/NXT/gnuarm/lib/gcc/arm-elf/4.4.2/thumb/interwork/libgcc.a(_arm_cmpsf2.o)
 .debug_abbrev  0x0000089f       0x14 /home/ubuntu/NXT/gnuarm/lib/gcc/arm-elf/4.4.2/thumb/interwork/libgcc.a(_arm_fixsfsi.o)
 .debug_abbrev  0x000008b3       0xf5 /home/ubuntu/NXT/gnuarm/lib/gcc/arm-elf/4.4.2/thumb/interwork/libgcc.a(_muldi3.o)
 .debug_abbrev  0x000009a8      0x169 /home/ubuntu/NXT/gnuarm/lib/gcc/arm-elf/4.4.2/thumb/interwork/libgcc.a(_divdi3.o)
 .debug_abbrev  0x00000b11       0x14 /home/ubuntu/NXT/gnuarm/lib/gcc/arm-elf/4.4.2/thumb/interwork/libgcc.a(_clzsi2.o)
 .debug_abbrev  0x00000b25       0xa0 /home/ubuntu/NXT/gnuarm/lib/gcc/arm-elf/4.4.2/../../../../arm-elf/lib/thumb/interwork/libc.a(lib_a-memcpy.o)
 .debug_abbrev  0x00000bc5       0xa1 /home/ubuntu/NXT/gnuarm/lib/gcc/arm-elf/4.4.2/../../../../arm-elf/lib/thumb/interwork/libc.a(lib_a-memset.o)
 .debug_abbrev  0x00000c66       0x76 /home/ubuntu/NXT/gnuarm/lib/gcc/arm-elf/4.4.2/../../../../arm-elf/lib/thumb/interwork/libc.a(lib_a-strcmp.o)
 .debug_abbrev  0x00000cdc       0x76 /home/ubuntu/NXT/gnuarm/lib/gcc/arm-elf/4.4.2/../../../../arm-elf/lib/thumb/interwork/libc.a(lib_a-strcpy.o)
 .debug_abbrev  0x00000d52       0x92 /home/ubuntu/NXT/gnuarm/lib/gcc/arm-elf/4.4.2/../../../../arm-elf/lib/thumb/interwork/libc.a(lib_a-strlen.o)
 .debug_abbrev  0x00000de4       0xa3 /home/ubuntu/NXT/gnuarm/lib/gcc/arm-elf/4.4.2/../../../../arm-elf/lib/thumb/interwork/libc.a(lib_a-strncpy.o)

.debug_info     0x00000000     0x27b3
 .debug_info    0x00000000       0xf8 /home/ubuntu/NXT/gnuarm/lib/gcc/arm-elf/4.4.2/../../../../arm-elf/lib/thumb/interwork/libm.a(lib_a-sf_sin.o)
 .debug_info    0x000000f8      0x1c5 /home/ubuntu/NXT/gnuarm/lib/gcc/arm-elf/4.4.2/../../../../arm-elf/lib/thumb/interwork/libm.a(lib_a-s_round.o)
 .debug_info    0x000002bd      0x2d6 /home/ubuntu/NXT/gnuarm/lib/gcc/arm-elf/4.4.2/../../../../arm-elf/lib/thumb/interwork/libm.a(lib_a-ef_rem_pio2.o)
 .debug_info    0x00000593      0x1d0 /home/ubuntu/NXT/gnuarm/lib/gcc/arm-elf/4.4.2/../../../../arm-elf/lib/thumb/interwork/libm.a(lib_a-kf_cos.o)
 .debug_info    0x00000763      0x2c6 /home/ubuntu/NXT/gnuarm/lib/gcc/arm-elf/4.4.2/../../../../arm-elf/lib/thumb/interwork/libm.a(lib_a-kf_rem_pio2.o)
 .debug_info    0x00000a29      0x1be /home/ubuntu/NXT/gnuarm/lib/gcc/arm-elf/4.4.2/../../../../arm-elf/lib/thumb/interwork/libm.a(lib_a-kf_sin.o)
 .debug_info    0x00000be7       0xc2 /home/ubuntu/NXT/gnuarm/lib/gcc/arm-elf/4.4.2/../../../../arm-elf/lib/thumb/interwork/libm.a(lib_a-sf_fabs.o)
 .debug_info    0x00000ca9      0x115 /home/ubuntu/NXT/gnuarm/lib/gcc/arm-elf/4.4.2/../../../../arm-elf/lib/thumb/interwork/libm.a(lib_a-sf_floor.o)
 .debug_info    0x00000dbe      0x187 /home/ubuntu/NXT/gnuarm/lib/gcc/arm-elf/4.4.2/../../../../arm-elf/lib/thumb/interwork/libm.a(lib_a-sf_scalbn.o)
 .debug_info    0x00000f45       0xd7 /home/ubuntu/NXT/gnuarm/lib/gcc/arm-elf/4.4.2/../../../../arm-elf/lib/thumb/interwork/libm.a(lib_a-sf_copysign.o)
 .debug_info    0x0000101c       0xae /home/ubuntu/NXT/gnuarm/lib/gcc/arm-elf/4.4.2/thumb/interwork/libgcc.a(_udivsi3.o)
 .debug_info    0x000010ca       0xae /home/ubuntu/NXT/gnuarm/lib/gcc/arm-elf/4.4.2/thumb/interwork/libgcc.a(_divsi3.o)
 .debug_info    0x00001178       0xae /home/ubuntu/NXT/gnuarm/lib/gcc/arm-elf/4.4.2/thumb/interwork/libgcc.a(_umodsi3.o)
 .debug_info    0x00001226       0xae /home/ubuntu/NXT/gnuarm/lib/gcc/arm-elf/4.4.2/thumb/interwork/libgcc.a(_modsi3.o)
 .debug_info    0x000012d4       0xae /home/ubuntu/NXT/gnuarm/lib/gcc/arm-elf/4.4.2/thumb/interwork/libgcc.a(_dvmd_tls.o)
 .debug_info    0x00001382       0xad /home/ubuntu/NXT/gnuarm/lib/gcc/arm-elf/4.4.2/thumb/interwork/libgcc.a(_arm_addsubdf3.o)
 .debug_info    0x0000142f       0xad /home/ubuntu/NXT/gnuarm/lib/gcc/arm-elf/4.4.2/thumb/interwork/libgcc.a(_arm_muldivdf3.o)
 .debug_info    0x000014dc       0xad /home/ubuntu/NXT/gnuarm/lib/gcc/arm-elf/4.4.2/thumb/interwork/libgcc.a(_arm_cmpdf2.o)
 .debug_info    0x00001589       0xad /home/ubuntu/NXT/gnuarm/lib/gcc/arm-elf/4.4.2/thumb/interwork/libgcc.a(_arm_fixdfsi.o)
 .debug_info    0x00001636       0xad /home/ubuntu/NXT/gnuarm/lib/gcc/arm-elf/4.4.2/thumb/interwork/libgcc.a(_arm_addsubsf3.o)
 .debug_info    0x000016e3       0xad /home/ubuntu/NXT/gnuarm/lib/gcc/arm-elf/4.4.2/thumb/interwork/libgcc.a(_arm_muldivsf3.o)
 .debug_info    0x00001790       0xad /home/ubuntu/NXT/gnuarm/lib/gcc/arm-elf/4.4.2/thumb/interwork/libgcc.a(_arm_cmpsf2.o)
 .debug_info    0x0000183d       0xad /home/ubuntu/NXT/gnuarm/lib/gcc/arm-elf/4.4.2/thumb/interwork/libgcc.a(_arm_fixsfsi.o)
 .debug_info    0x000018ea      0x20e /home/ubuntu/NXT/gnuarm/lib/gcc/arm-elf/4.4.2/thumb/interwork/libgcc.a(_muldi3.o)
 .debug_info    0x00001af8      0x669 /home/ubuntu/NXT/gnuarm/lib/gcc/arm-elf/4.4.2/thumb/interwork/libgcc.a(_divdi3.o)
 .debug_info    0x00002161       0xae /home/ubuntu/NXT/gnuarm/lib/gcc/arm-elf/4.4.2/thumb/interwork/libgcc.a(_clzsi2.o)
 .debug_info    0x0000220f      0x13e /home/ubuntu/NXT/gnuarm/lib/gcc/arm-elf/4.4.2/../../../../arm-elf/lib/thumb/interwork/libc.a(lib_a-memcpy.o)
 .debug_info    0x0000234d      0x111 /home/ubuntu/NXT/gnuarm/lib/gcc/arm-elf/4.4.2/../../../../arm-elf/lib/thumb/interwork/libc.a(lib_a-memset.o)
 .debug_info    0x0000245e       0xaf /home/ubuntu/NXT/gnuarm/lib/gcc/arm-elf/4.4.2/../../../../arm-elf/lib/thumb/interwork/libc.a(lib_a-strcmp.o)
 .debug_info    0x0000250d       0xb7 /home/ubuntu/NXT/gnuarm/lib/gcc/arm-elf/4.4.2/../../../../arm-elf/lib/thumb/interwork/libc.a(lib_a-strcpy.o)
 .debug_info    0x000025c4       0xcb /home/ubuntu/NXT/gnuarm/lib/gcc/arm-elf/4.4.2/../../../../arm-elf/lib/thumb/interwork/libc.a(lib_a-strlen.o)
 .debug_info    0x0000268f      0x124 /home/ubuntu/NXT/gnuarm/lib/gcc/arm-elf/4.4.2/../../../../arm-elf/lib/thumb/interwork/libc.a(lib_a-strncpy.o)

.debug_line     0x00000000     0x1f5e
 .debug_line    0x00000000      0x119 /home/ubuntu/NXT/gnuarm/lib/gcc/arm-elf/4.4.2/../../../../arm-elf/lib/thumb/interwork/libm.a(lib_a-sf_sin.o)
 .debug_line    0x00000119      0x133 /home/ubuntu/NXT/gnuarm/lib/gcc/arm-elf/4.4.2/../../../../arm-elf/lib/thumb/interwork/libm.a(lib_a-s_round.o)
 .debug_line    0x0000024c      0x178 /home/ubuntu/NXT/gnuarm/lib/gcc/arm-elf/4.4.2/../../../../arm-elf/lib/thumb/interwork/libm.a(lib_a-ef_rem_pio2.o)
 .debug_line    0x000003c4      0x12a /home/ubuntu/NXT/gnuarm/lib/gcc/arm-elf/4.4.2/../../../../arm-elf/lib/thumb/interwork/libm.a(lib_a-kf_cos.o)
 .debug_line    0x000004ee      0x278 /home/ubuntu/NXT/gnuarm/lib/gcc/arm-elf/4.4.2/../../../../arm-elf/lib/thumb/interwork/libm.a(lib_a-kf_rem_pio2.o)
 .debug_line    0x00000766      0x11f /home/ubuntu/NXT/gnuarm/lib/gcc/arm-elf/4.4.2/../../../../arm-elf/lib/thumb/interwork/libm.a(lib_a-kf_sin.o)
 .debug_line    0x00000885      0x105 /home/ubuntu/NXT/gnuarm/lib/gcc/arm-elf/4.4.2/../../../../arm-elf/lib/thumb/interwork/libm.a(lib_a-sf_fabs.o)
 .debug_line    0x0000098a      0x11e /home/ubuntu/NXT/gnuarm/lib/gcc/arm-elf/4.4.2/../../../../arm-elf/lib/thumb/interwork/libm.a(lib_a-sf_floor.o)
 .debug_line    0x00000aa8      0x134 /home/ubuntu/NXT/gnuarm/lib/gcc/arm-elf/4.4.2/../../../../arm-elf/lib/thumb/interwork/libm.a(lib_a-sf_scalbn.o)
 .debug_line    0x00000bdc      0x109 /home/ubuntu/NXT/gnuarm/lib/gcc/arm-elf/4.4.2/../../../../arm-elf/lib/thumb/interwork/libm.a(lib_a-sf_copysign.o)
 .debug_line    0x00000ce5       0x8c /home/ubuntu/NXT/gnuarm/lib/gcc/arm-elf/4.4.2/thumb/interwork/libgcc.a(_udivsi3.o)
 .debug_line    0x00000d71       0x98 /home/ubuntu/NXT/gnuarm/lib/gcc/arm-elf/4.4.2/thumb/interwork/libgcc.a(_divsi3.o)
 .debug_line    0x00000e09       0x84 /home/ubuntu/NXT/gnuarm/lib/gcc/arm-elf/4.4.2/thumb/interwork/libgcc.a(_umodsi3.o)
 .debug_line    0x00000e8d       0x8d /home/ubuntu/NXT/gnuarm/lib/gcc/arm-elf/4.4.2/thumb/interwork/libgcc.a(_modsi3.o)
 .debug_line    0x00000f1a       0x76 /home/ubuntu/NXT/gnuarm/lib/gcc/arm-elf/4.4.2/thumb/interwork/libgcc.a(_dvmd_tls.o)
 .debug_line    0x00000f90      0x17e /home/ubuntu/NXT/gnuarm/lib/gcc/arm-elf/4.4.2/thumb/interwork/libgcc.a(_arm_addsubdf3.o)
 .debug_line    0x0000110e      0x193 /home/ubuntu/NXT/gnuarm/lib/gcc/arm-elf/4.4.2/thumb/interwork/libgcc.a(_arm_muldivdf3.o)
 .debug_line    0x000012a1       0xc0 /home/ubuntu/NXT/gnuarm/lib/gcc/arm-elf/4.4.2/thumb/interwork/libgcc.a(_arm_cmpdf2.o)
 .debug_line    0x00001361       0x8b /home/ubuntu/NXT/gnuarm/lib/gcc/arm-elf/4.4.2/thumb/interwork/libgcc.a(_arm_fixdfsi.o)
 .debug_line    0x000013ec      0x12c /home/ubuntu/NXT/gnuarm/lib/gcc/arm-elf/4.4.2/thumb/interwork/libgcc.a(_arm_addsubsf3.o)
 .debug_line    0x00001518      0x136 /home/ubuntu/NXT/gnuarm/lib/gcc/arm-elf/4.4.2/thumb/interwork/libgcc.a(_arm_muldivsf3.o)
 .debug_line    0x0000164e       0xb4 /home/ubuntu/NXT/gnuarm/lib/gcc/arm-elf/4.4.2/thumb/interwork/libgcc.a(_arm_cmpsf2.o)
 .debug_line    0x00001702       0x8b /home/ubuntu/NXT/gnuarm/lib/gcc/arm-elf/4.4.2/thumb/interwork/libgcc.a(_arm_fixsfsi.o)
 .debug_line    0x0000178d       0x81 /home/ubuntu/NXT/gnuarm/lib/gcc/arm-elf/4.4.2/thumb/interwork/libgcc.a(_muldi3.o)
 .debug_line    0x0000180e       0xe2 /home/ubuntu/NXT/gnuarm/lib/gcc/arm-elf/4.4.2/thumb/interwork/libgcc.a(_divdi3.o)
 .debug_line    0x000018f0       0x83 /home/ubuntu/NXT/gnuarm/lib/gcc/arm-elf/4.4.2/thumb/interwork/libgcc.a(_clzsi2.o)
 .debug_line    0x00001973      0x13b /home/ubuntu/NXT/gnuarm/lib/gcc/arm-elf/4.4.2/../../../../arm-elf/lib/thumb/interwork/libc.a(lib_a-memcpy.o)
 .debug_line    0x00001aae      0x136 /home/ubuntu/NXT/gnuarm/lib/gcc/arm-elf/4.4.2/../../../../arm-elf/lib/thumb/interwork/libc.a(lib_a-memset.o)
 .debug_line    0x00001be4       0xb7 /home/ubuntu/NXT/gnuarm/lib/gcc/arm-elf/4.4.2/../../../../arm-elf/lib/thumb/interwork/libc.a(lib_a-strcmp.o)
 .debug_line    0x00001c9b       0xb7 /home/ubuntu/NXT/gnuarm/lib/gcc/arm-elf/4.4.2/../../../../arm-elf/lib/thumb/interwork/libc.a(lib_a-strcpy.o)
 .debug_line    0x00001d52       0xfc /home/ubuntu/NXT/gnuarm/lib/gcc/arm-elf/4.4.2/../../../../arm-elf/lib/thumb/interwork/libc.a(lib_a-strlen.o)
 .debug_line    0x00001e4e      0x110 /home/ubuntu/NXT/gnuarm/lib/gcc/arm-elf/4.4.2/../../../../arm-elf/lib/thumb/interwork/libc.a(lib_a-strncpy.o)

.debug_loc      0x00000000     0x1db8
 .debug_loc     0x00000000       0x9e /home/ubuntu/NXT/gnuarm/lib/gcc/arm-elf/4.4.2/../../../../arm-elf/lib/thumb/interwork/libm.a(lib_a-sf_sin.o)
 .debug_loc     0x0000009e      0x203 /home/ubuntu/NXT/gnuarm/lib/gcc/arm-elf/4.4.2/../../../../arm-elf/lib/thumb/interwork/libm.a(lib_a-s_round.o)
 .debug_loc     0x000002a1      0x294 /home/ubuntu/NXT/gnuarm/lib/gcc/arm-elf/4.4.2/../../../../arm-elf/lib/thumb/interwork/libm.a(lib_a-ef_rem_pio2.o)
 .debug_loc     0x00000535      0x12c /home/ubuntu/NXT/gnuarm/lib/gcc/arm-elf/4.4.2/../../../../arm-elf/lib/thumb/interwork/libm.a(lib_a-kf_cos.o)
 .debug_loc     0x00000661      0x723 /home/ubuntu/NXT/gnuarm/lib/gcc/arm-elf/4.4.2/../../../../arm-elf/lib/thumb/interwork/libm.a(lib_a-kf_rem_pio2.o)
 .debug_loc     0x00000d84       0xc4 /home/ubuntu/NXT/gnuarm/lib/gcc/arm-elf/4.4.2/../../../../arm-elf/lib/thumb/interwork/libm.a(lib_a-kf_sin.o)
 .debug_loc     0x00000e48       0x13 /home/ubuntu/NXT/gnuarm/lib/gcc/arm-elf/4.4.2/../../../../arm-elf/lib/thumb/interwork/libm.a(lib_a-sf_fabs.o)
 .debug_loc     0x00000e5b      0x118 /home/ubuntu/NXT/gnuarm/lib/gcc/arm-elf/4.4.2/../../../../arm-elf/lib/thumb/interwork/libm.a(lib_a-sf_floor.o)
 .debug_loc     0x00000f73      0x15a /home/ubuntu/NXT/gnuarm/lib/gcc/arm-elf/4.4.2/../../../../arm-elf/lib/thumb/interwork/libm.a(lib_a-sf_scalbn.o)
 .debug_loc     0x000010cd       0x13 /home/ubuntu/NXT/gnuarm/lib/gcc/arm-elf/4.4.2/../../../../arm-elf/lib/thumb/interwork/libm.a(lib_a-sf_copysign.o)
 .debug_loc     0x000010e0      0x156 /home/ubuntu/NXT/gnuarm/lib/gcc/arm-elf/4.4.2/thumb/interwork/libgcc.a(_muldi3.o)
 .debug_loc     0x00001236      0x800 /home/ubuntu/NXT/gnuarm/lib/gcc/arm-elf/4.4.2/thumb/interwork/libgcc.a(_divdi3.o)
 .debug_loc     0x00001a36      0x13b /home/ubuntu/NXT/gnuarm/lib/gcc/arm-elf/4.4.2/../../../../arm-elf/lib/thumb/interwork/libc.a(lib_a-memcpy.o)
 .debug_loc     0x00001b71       0xfc /home/ubuntu/NXT/gnuarm/lib/gcc/arm-elf/4.4.2/../../../../arm-elf/lib/thumb/interwork/libc.a(lib_a-memset.o)