Archive member included because of file (symbol)

/home/ubuntu/NXT/nxtOSEK/ecrobot/../ecrobot/libecrobot.a(ecrobot_interface.o)
                              build/ecrobot_base.o (ecrobot_get_battery_voltage)
/home/ubuntu/NXT/nxtOSEK/ecrobot/../ecrobot/libecrobot.a(colorsensor.o)
                              /home/ubuntu/NXT/nxtOSEK/ecrobot/../ecrobot/libecrobot.a(ecrobot_interface.o) (colorsensor_init)
/home/ubuntu/NXT/nxtOSEK/ecrobot/../ecrobot/libecrobot.a(osek_hook.o)
                              build/kernel/osctl.o (StartupHook)
/home/ubuntu/NXT/nxtOSEK/ecrobot/../ecrobot/libecrobot.a(uart.oram)
                              build/config/at91sam7s-gnu/irq.oram (uart_isr_C_0)
/home/ubuntu/NXT/nxtOSEK/ecrobot/../ecrobot/libecrobot.a(systick.oram)
                              build/syslib/at91sam7s-gnu/lego_nxt/hw_sys_timer.oram (systick_low_priority_C)
/home/ubuntu/NXT/nxtOSEK/ecrobot/../ecrobot/libecrobot.a(byte_fifo.oram)
                              /home/ubuntu/NXT/nxtOSEK/ecrobot/../ecrobot/libecrobot.a(uart.oram) (byte_fifo_put)
/home/ubuntu/NXT/nxtOSEK/ecrobot/../ecrobot/libecrobot.a(aic.oram)
                              /home/ubuntu/NXT/nxtOSEK/ecrobot/../ecrobot/libecrobot.a(uart.oram) (aic_set_vector)
/home/ubuntu/NXT/nxtOSEK/ecrobot/../ecrobot/libecrobot.a(udp.oram)
                              build/config/at91sam7s-gnu/irq.oram (udp_isr_C)
/home/ubuntu/NXT/nxtOSEK/ecrobot/../ecrobot/libecrobot.a(twi.oram)
                              build/config/at91sam7s-gnu/irq.oram (twi_isr_C)
/home/ubuntu/NXT/nxtOSEK/ecrobot/../ecrobot/libecrobot.a(nxt_spi.oram)
                              build/config/at91sam7s-gnu/irq.oram (spi_isr_C)
/home/ubuntu/NXT/nxtOSEK/ecrobot/../ecrobot/libecrobot.a(nxt_motors.oram)
                              build/BRO_spam_client.o (nxt_motor_get_count)
/home/ubuntu/NXT/nxtOSEK/ecrobot/../ecrobot/libecrobot.a(data_abort.oram)
                              build/ecrobot_init.o (data_abort_C)
/home/ubuntu/NXT/nxtOSEK/ecrobot/../ecrobot/libecrobot.a(display.oram)
                              build/ecrobot_base.o (display_update)
/home/ubuntu/NXT/nxtOSEK/ecrobot/../ecrobot/libecrobot.a(i2c.oram)
                              build/config/at91sam7s-gnu/irq.oram (i2c_timer_isr_C)
/home/ubuntu/NXT/nxtOSEK/ecrobot/../ecrobot/libecrobot.a(sound.oram)
                              /home/ubuntu/NXT/nxtOSEK/ecrobot/../ecrobot/libecrobot.a(ecrobot_interface.o) (sound_get_time)
/home/ubuntu/NXT/nxtOSEK/ecrobot/../ecrobot/libecrobot.a(bt.oram)
                              build/ecrobot_bluetooth.o (bt_send)
/home/ubuntu/NXT/nxtOSEK/ecrobot/../ecrobot/libecrobot.a(nxt_avr.oram)
                              build/ecrobot_base.o (nxt_avr_power_down)
/home/ubuntu/NXT/nxtOSEK/ecrobot/../ecrobot/libecrobot.a(sensors.oram)
                              /home/ubuntu/NXT/nxtOSEK/ecrobot/../ecrobot/libecrobot.a(ecrobot_interface.o) (unset_digi0)
/home/ubuntu/NXT/nxtOSEK/ecrobot/../ecrobot/libecrobot.a(sensors1.oram)
                              /home/ubuntu/NXT/nxtOSEK/ecrobot/../ecrobot/libecrobot.a(colorsensor.o) (sensor_pins)
/home/ubuntu/NXT/nxtOSEK/ecrobot/../ecrobot/libecrobot.a(nxt_lcd.oram)
                              /home/ubuntu/NXT/nxtOSEK/ecrobot/../ecrobot/libecrobot.a(display.oram) (nxt_lcd_force_update)
/home/ubuntu/NXT/nxtOSEK/ecrobot/../ecrobot/libecrobot.a(flash_loader.oram)
                              build/ecrobot_base.o (set_flash_request)
/home/ubuntu/NXT/nxtOSEK/ecrobot/../ecrobot/libecrobot.a(interrupts.oram)
                              /home/ubuntu/NXT/nxtOSEK/ecrobot/../ecrobot/libecrobot.a(uart.oram) (interrupts_get_and_disable)
/home/ubuntu/NXT/nxtOSEK/ecrobot/../ecrobot/libecrobot.a(nxtosek_splash.obmp)
                              build/ecrobot_base.o (nxtosek_splash_bmp_start)
/home/ubuntu/NXT/nxtOSEK/ecrobot/../ecrobot/libecrobot.a(ecrobot_usb.o)
                              /home/ubuntu/NXT/nxtOSEK/ecrobot/../ecrobot/libecrobot.a(flash_loader.oram) (ecrobot_init_usb)
/home/ubuntu/NXT/nxtOSEK/ecrobot/../ecrobot/libecrobot.a(flashprog.oram)
                              /home/ubuntu/NXT/nxtOSEK/ecrobot/../ecrobot/libecrobot.a(flash_loader.oram) (flash_write_page)
/home/ubuntu/NXT/gnuarm/lib/gcc/arm-elf/4.4.2/../../../../arm-elf/lib/thumb/interwork/libm.a(lib_a-sf_sin.o)
                              build/common/simul_config.o (sinf)
/home/ubuntu/NXT/gnuarm/lib/gcc/arm-elf/4.4.2/../../../../arm-elf/lib/thumb/interwork/libm.a(lib_a-s_round.o)
                              build/common/simul_config.o (round)
/home/ubuntu/NXT/gnuarm/lib/gcc/arm-elf/4.4.2/../../../../arm-elf/lib/thumb/interwork/libm.a(lib_a-ef_rem_pio2.o)
                              /home/ubuntu/NXT/gnuarm/lib/gcc/arm-elf/4.4.2/../../../../arm-elf/lib/thumb/interwork/libm.a(lib_a-sf_sin.o) (__ieee754_rem_pio2f)
/home/ubuntu/NXT/gnuarm/lib/gcc/arm-elf/4.4.2/../../../../arm-elf/lib/thumb/interwork/libm.a(lib_a-kf_cos.o)
[...]
Memory Configuration

Name             Origin             Length             Attributes
header_ram       0x001ffff0         0x00000010
vector_ram       0x00200000         0x00000040
ram              0x00200040         0x0000ffc0
*default*        0x00000000         0xffffffff

Linker script and memory map

LOAD build/kernel/alarm.o
LOAD build/kernel/event.o
LOAD build/kernel/interrupt.o
LOAD build/kernel/osctl.o
LOAD build/kernel/resource.o
LOAD build/kernel/task.o
LOAD build/kernel/task_manage.o
LOAD build/config/at91sam7s-gnu/cpu_config.o
LOAD build/config/at91sam7s-gnu/lego_nxt/sys_config.o
LOAD build/./kernel_cfg.o
LOAD build/syscalls.o
LOAD build/ecrobot_bluetooth.o
LOAD build/ecrobot_base.o
LOAD build/ecrobot.o
LOAD build/BRO_spam_client.o
LOAD build/common/bt_comm.o
LOAD build/common/simul_config.o
LOAD build/syslib/at91sam7s-gnu/lego_nxt/hw_sys_timer.oram
LOAD build/nxtvm/platform/nxt/vectors.o
LOAD build/config/at91sam7s-gnu/debug.o
LOAD build/config/at91sam7s-gnu/lego_nxt/sys_support.o
LOAD build/nxt_binary_header.o
LOAD build/nxt_entry_point.o
LOAD build/ecrobot_init.o
LOAD build/config/at91sam7s-gnu/cpu_support.oram
LOAD build/config/at91sam7s-gnu/irq.oram
LOAD /home/ubuntu/NXT/nxtOSEK/ecrobot/../c++/liblejososek.a
LOAD /home/ubuntu/NXT/nxtOSEK/ecrobot/../ecrobot/libecrobot.a
LOAD /home/ubuntu/NXT/gnuarm/lib/gcc/arm-elf/4.4.2/../../../../arm-elf/lib/thumb/interwork/libstdc++.a
LOAD /home/ubuntu/NXT/gnuarm/lib/gcc/arm-elf/4.4.2/../../../../arm-elf/lib/thumb/interwork/libm.a
START GROUP
LOAD /home/ubuntu/NXT/gnuarm/lib/gcc/arm-elf/4.4.2/thumb/interwork/libgcc.a
LOAD /home/ubuntu/NXT/gnuarm/lib/gcc/arm-elf/4.4.2/../../../../arm-elf/lib/thumb/interwork/libc.a
END GROUP
                0x00200000                RAM_BASE = 0x200000
                0x00010000                RAM_SIZE = 0x10000

.header         0x001ffff0       0x10
 *nxt_binary_header.o(*.text *.text.*)
 .text          0x001ffff0       0x10 build/nxt_binary_header.o
                0x00200000                . = ALIGN (0x10)

.vectors        0x00200000       0x40
 vectors.o(*.text *.text.*)
 .text          0x00200000       0x38 build/nxtvm/platform/nxt/vectors.o
                0x00200040                . = ALIGN (0x10)
 *fill*         0x00200038        0x8 00
                0x00200000                __vectors_ram_start__ = ADDR (.vectors)
                0x00200040                __vectors_ram_end__ = (ADDR (.vectors) + SIZEOF (.vectors))
                0x00200000                __vectors_load_start__ = LOADADDR (.vectors)
                0x00200040                __vectors_load_end__ = (LOADADDR (.vectors) + SIZEOF (.vectors))

.entry          0x00200040       0x40
 *nxt_entry_point.o(*.text *.text.*)
 .text          0x00200040       0x38 build/nxt_entry_point.o
                0x00200040                NXT_Entry_Point
                0x00200080                . = ALIGN (0x10)
 *fill*         0x00200078        0x8 00

.init           0x00200080      0x280
 *ecrobot_init.o(*.text *.text.*)
 .text          0x00200080      0x280 build/ecrobot_init.o
                0x00200080                start
                0x002001ec                undef_handler
                0x002001f0                swi_handler
                0x002001f4                prefetch_abort_handler
                0x002001f8                data_abort_handler
                0x00200214                reserved_handler
                0x00200300                . = ALIGN (0x10)

.ram_text       0x00200300     0x3400
                0x00200300                . = ALIGN (0x10)
 *.oram(*.text *.text.* *.glue*)
 .text.systick_isr_C1
                0x00200300       0x28 build/syslib/at91sam7s-gnu/lego_nxt/hw_sys_timer.oram
                0x00200300                systick_isr_C1
 *fill*         0x00200328        0x8 00
 .text          0x00200330      0x230 build/config/at91sam7s-gnu/cpu_support.oram
                0x00200330                dispatch
                0x00200370                activate_r
                0x002003a0                exit_and_dispatch
                0x002003b0                start_dispatch
                0x0020046c                _interrupt
                0x002004dc                int_return
                0x00200508                disable_int
                0x00200510                enable_int
                0x00200518                nop
 .text          0x00200560      0x2c0 build/config/at91sam7s-gnu/irq.oram
                0x00200560                default_isr
                0x00200560                default_fiq
                0x00200560                spurious_isr
                0x00200564                systick_isr_entry
                0x002005ac                systick_low_priority_entry
                0x002005ec                udp_isr_entry
                0x0020062c                spi_isr_entry
                0x0020066c                twi_isr_entry
                0x002006ac                sound_isr_entry
                0x002006ec                uart_isr_entry_0
                0x0020072c                uart_isr_entry_1
                0x0020076c                nxt_motor_isr_entry
                0x002007ac                i2c_timer_isr_entry
 .text.uart_process_isr
                0x00200820       0x88 /home/ubuntu/NXT/nxtOSEK/ecrobot/../ecrobot/libecrobot.a(uart.oram)
 .text.uart_isr_C_0
                0x002008a8        0xc /home/ubuntu/NXT/nxtOSEK/ecrobot/../ecrobot/libecrobot.a(uart.oram)
                0x002008a8                uart_isr_C_0
 .text.uart_isr_C_1
                0x002008b4        0xc /home/ubuntu/NXT/nxtOSEK/ecrobot/../ecrobot/libecrobot.a(uart.oram)
                0x002008b4                uart_isr_C_1
 .text.systick_low_priority_C
                0x002008c0       0x1c /home/ubuntu/NXT/nxtOSEK/ecrobot/../ecrobot/libecrobot.a(systick.oram)
                0x002008c0                systick_low_priority_C
 .text.systick_isr_C
                0x002008dc       0x24 /home/ubuntu/NXT/nxtOSEK/ecrobot/../ecrobot/libecrobot.a(systick.oram)
                0x002008dc                systick_isr_C
 .text.systick_get_ms
                0x00200900        0xc /home/ubuntu/NXT/nxtOSEK/ecrobot/../ecrobot/libecrobot.a(systick.oram)
                0x00200900                systick_get_ms
 .text.systick_wait_ms
                0x0020090c       0x1c /home/ubuntu/NXT/nxtOSEK/ecrobot/../ecrobot/libecrobot.a(systick.oram)
                0x0020090c                systick_wait_ms
 .text.systick_wait_ns
                0x00200928       0x1c /home/ubuntu/NXT/nxtOSEK/ecrobot/../ecrobot/libecrobot.a(systick.oram)
                0x00200928                systick_wait_ns
 .text.systick_init
                0x00200944       0x58 /home/ubuntu/NXT/nxtOSEK/ecrobot/../ecrobot/libecrobot.a(systick.oram)
                0x00200944                systick_init
 .text.systick_suspend
                0x0020099c        0xc /home/ubuntu/NXT/nxtOSEK/ecrobot/../ecrobot/libecrobot.a(systick.oram)
                0x0020099c                systick_suspend
 .text.systick_resume
                0x002009a8        0xc /home/ubuntu/NXT/nxtOSEK/ecrobot/../ecrobot/libecrobot.a(systick.oram)
                0x002009a8                systick_resume
 .text.byte_fifo_put
                0x002009b4       0x58 /home/ubuntu/NXT/nxtOSEK/ecrobot/../ecrobot/libecrobot.a(byte_fifo.oram)
                0x002009b4                byte_fifo_put
 .text.byte_fifo_get
                0x00200a0c       0x2c /home/ubuntu/NXT/nxtOSEK/ecrobot/../ecrobot/libecrobot.a(byte_fifo.oram)
                0x00200a0c                byte_fifo_get
 .text.aic_initialise
                0x00200a38       0x5c /home/ubuntu/NXT/nxtOSEK/ecrobot/../ecrobot/libecrobot.a(aic.oram)
                0x00200a38                aic_initialise
 .text.aic_set_vector
                0x00200a94       0x30 /home/ubuntu/NXT/nxtOSEK/ecrobot/../ecrobot/libecrobot.a(aic.oram)
                0x00200a94                aic_set_vector
 .text.aic_mask_on
                0x00200ac4       0x24 /home/ubuntu/NXT/nxtOSEK/ecrobot/../ecrobot/libecrobot.a(aic.oram)
                0x00200ac4                aic_mask_on
 .text.aic_mask_off
                0x00200ae8       0x24 /home/ubuntu/NXT/nxtOSEK/ecrobot/../ecrobot/libecrobot.a(aic.oram)
                0x00200ae8                aic_mask_off
 .text.aic_clear
                0x00200b0c       0x24 /home/ubuntu/NXT/nxtOSEK/ecrobot/../ecrobot/libecrobot.a(aic.oram)
                0x00200b0c                aic_clear
 .text.reset    0x00200b30       0x4c /home/ubuntu/NXT/nxtOSEK/ecrobot/../ecrobot/libecrobot.a(udp.oram)
 .text.udp_send_null
                0x00200b7c       0x2c /home/ubuntu/NXT/nxtOSEK/ecrobot/../ecrobot/libecrobot.a(udp.oram)
 .text.udp_send_stall
                0x00200ba8       0x2c /home/ubuntu/NXT/nxtOSEK/ecrobot/../ecrobot/libecrobot.a(udp.oram)
 .text.udp_send_control
                0x00200bd4       0x60 /home/ubuntu/NXT/nxtOSEK/ecrobot/../ecrobot/libecrobot.a(udp.oram)
 .text.udp_isr_C
                0x00200c34      0x7d0 /home/ubuntu/NXT/nxtOSEK/ecrobot/../ecrobot/libecrobot.a(udp.oram)
                0x00200c34                udp_isr_C
 .text.twi_status
                0x00201404       0x20 /home/ubuntu/NXT/nxtOSEK/ecrobot/../ecrobot/libecrobot.a(twi.oram)
                0x00201404                twi_status
 .text.twi_isr_C
                0x00201424       0xc4 /home/ubuntu/NXT/nxtOSEK/ecrobot/../ecrobot/libecrobot.a(twi.oram)
                0x00201424                twi_isr_C
 .text.twi_reset
                0x002014e8       0xb4 /home/ubuntu/NXT/nxtOSEK/ecrobot/../ecrobot/libecrobot.a(twi.oram)
                0x002014e8                twi_reset
 .text.twi_init
                0x0020159c       0x4c /home/ubuntu/NXT/nxtOSEK/ecrobot/../ecrobot/libecrobot.a(twi.oram)
                0x0020159c                twi_init
 .text.twi_start_read
                0x002015e8       0x60 /home/ubuntu/NXT/nxtOSEK/ecrobot/../ecrobot/libecrobot.a(twi.oram)
                0x002015e8                twi_start_read
 .text.twi_start_write
                0x00201648       0x64 /home/ubuntu/NXT/nxtOSEK/ecrobot/../ecrobot/libecrobot.a(twi.oram)
                0x00201648                twi_start_write
 .text.spi_set_mode
                0x002016ac       0x40 /home/ubuntu/NXT/nxtOSEK/ecrobot/../ecrobot/libecrobot.a(nxt_spi.oram)
 .text.spi_isr_C
                0x002016ec       0x8c /home/ubuntu/NXT/nxtOSEK/ecrobot/../ecrobot/libecrobot.a(nxt_spi.oram)
                0x002016ec                spi_isr_C
 .text.nxt_spi_init
                0x00201778      0x12c /home/ubuntu/NXT/nxtOSEK/ecrobot/../ecrobot/libecrobot.a(nxt_spi.oram)
                0x00201778                nxt_spi_init
 .text.nxt_spi_write
                0x002018a4       0x44 /home/ubuntu/NXT/nxtOSEK/ecrobot/../ecrobot/libecrobot.a(nxt_spi.oram)
                0x002018a4                nxt_spi_write
 .text.nxt_spi_set_display
                0x002018e8       0x10 /home/ubuntu/NXT/nxtOSEK/ecrobot/../ecrobot/libecrobot.a(nxt_spi.oram)
                0x002018e8                nxt_spi_set_display
 .text.nxt_spi_refresh
                0x002018f8       0x24 /home/ubuntu/NXT/nxtOSEK/ecrobot/../ecrobot/libecrobot.a(nxt_spi.oram)
                0x002018f8                nxt_spi_refresh
 .text.nxt_motor_get_count
                0x0020191c       0x14 /home/ubuntu/NXT/nxtOSEK/ecrobot/../ecrobot/libecrobot.a(nxt_motors.oram)
                0x0020191c                nxt_motor_get_count
 .text.nxt_motor_set_count
                0x00201930       0x10 /home/ubuntu/NXT/nxtOSEK/ecrobot/../ecrobot/libecrobot.a(nxt_motors.oram)
                0x00201930                nxt_motor_set_count
 .text.nxt_motor_set_speed
                0x00201940       0x34 /home/ubuntu/NXT/nxtOSEK/ecrobot/../ecrobot/libecrobot.a(nxt_motors.oram)
                0x00201940                nxt_motor_set_speed
 .text.nxt_motor_1kHz_process
                0x00201974       0x28 /home/ubuntu/NXT/nxtOSEK/ecrobot/../ecrobot/libecrobot.a(nxt_motors.oram)
                0x00201974                nxt_motor_1kHz_process
 .text.nxt_motor_quad_decode
                0x0020199c       0x30 /home/ubuntu/NXT/nxtOSEK/ecrobot/../ecrobot/libecrobot.a(nxt_motors.oram)
                0x0020199c                nxt_motor_quad_decode
 .text.nxt_motor_isr_C
                0x002019cc       0x88 /home/ubuntu/NXT/nxtOSEK/ecrobot/../ecrobot/libecrobot.a(nxt_motors.oram)
                0x002019cc                nxt_motor_isr_C
 .text.nxt_motor_init
                0x00201a54       0x68 /home/ubuntu/NXT/nxtOSEK/ecrobot/../ecrobot/libecrobot.a(nxt_motors.oram)
                0x00201a54                nxt_motor_init
 .text.data_abort_C
                0x00201abc       0x7c /home/ubuntu/NXT/nxtOSEK/ecrobot/../ecrobot/libecrobot.a(data_abort.oram)
                0x00201abc                data_abort_C
 .text.display_update
                0x00201b38       0x14 /home/ubuntu/NXT/nxtOSEK/ecrobot/../ecrobot/libecrobot.a(display.oram)
                0x00201b38                display_update
 .text.display_force_update
                0x00201b4c        0xc /home/ubuntu/NXT/nxtOSEK/ecrobot/../ecrobot/libecrobot.a(display.oram)
                0x00201b4c                display_force_update
 .text.display_clear
                0x00201b58       0x24 /home/ubuntu/NXT/nxtOSEK/ecrobot/../ecrobot/libecrobot.a(display.oram)
                0x00201b58                display_clear
 .text.display_goto_xy
                0x00201b7c       0x14 /home/ubuntu/NXT/nxtOSEK/ecrobot/../ecrobot/libecrobot.a(display.oram)
                0x00201b7c                display_goto_xy
 .text.display_char
                0x00201b90       0x60 /home/ubuntu/NXT/nxtOSEK/ecrobot/../ecrobot/libecrobot.a(display.oram)
                0x00201b90                display_char
 .text.display_string
                0x00201bf0       0x3c /home/ubuntu/NXT/nxtOSEK/ecrobot/../ecrobot/libecrobot.a(display.oram)
                0x00201bf0                display_string
 .text.display_hex
                0x00201c2c       0x50 /home/ubuntu/NXT/nxtOSEK/ecrobot/../ecrobot/libecrobot.a(display.oram)
                0x00201c2c                display_hex
 .text.display_unsigned_worker
                0x00201c7c       0x70 /home/ubuntu/NXT/nxtOSEK/ecrobot/../ecrobot/libecrobot.a(display.oram)
 .text.display_unsigned
                0x00201cec        0xc /home/ubuntu/NXT/nxtOSEK/ecrobot/../ecrobot/libecrobot.a(display.oram)
                0x00201cec                display_unsigned
 .text.display_int
                0x00201cf8       0x14 /home/ubuntu/NXT/nxtOSEK/ecrobot/../ecrobot/libecrobot.a(display.oram)
                0x00201cf8                display_int
 .text.display_bitmap_copy
                0x00201d0c       0x5c /home/ubuntu/NXT/nxtOSEK/ecrobot/../ecrobot/libecrobot.a(display.oram)
                0x00201d0c                display_bitmap_copy
 .text.display_init
                0x00201d68       0x50 /home/ubuntu/NXT/nxtOSEK/ecrobot/../ecrobot/libecrobot.a(display.oram)
                0x00201d68                display_init
 .text.i2c_timer_isr_C
                0x00201db8      0x314 /home/ubuntu/NXT/nxtOSEK/ecrobot/../ecrobot/libecrobot.a(i2c.oram)
                0x00201db8                i2c_timer_isr_C
 .text.i2c_disable
                0x002020cc       0x20 /home/ubuntu/NXT/nxtOSEK/ecrobot/../ecrobot/libecrobot.a(i2c.oram)
                0x002020cc                i2c_disable
 .text.i2c_init
                0x002020ec       0xa4 /home/ubuntu/NXT/nxtOSEK/ecrobot/../ecrobot/libecrobot.a(i2c.oram)
                0x002020ec                i2c_init
 .text.sound_fill_sample_buffer
                0x00202190       0xe4 /home/ubuntu/NXT/nxtOSEK/ecrobot/../ecrobot/libecrobot.a(sound.oram)
                0x00202190                sound_fill_sample_buffer
 .text.sound_init
                0x00202274       0xa0 /home/ubuntu/NXT/nxtOSEK/ecrobot/../ecrobot/libecrobot.a(sound.oram)
                0x00202274                sound_init
 .text.sound_isr_C
                0x00202314      0x144 /home/ubuntu/NXT/nxtOSEK/ecrobot/../ecrobot/libecrobot.a(sound.oram)
                0x00202314                sound_isr_C
 .text.bt_init  0x00202458      0x1c0 /home/ubuntu/NXT/nxtOSEK/ecrobot/../ecrobot/libecrobot.a(bt.oram)
                0x00202458                bt_init
 .text.bt_send  0x00202618       0x5c /home/ubuntu/NXT/nxtOSEK/ecrobot/../ecrobot/libecrobot.a(bt.oram)
                0x00202618                bt_send
 .text.bt_write
                0x00202674       0x70 /home/ubuntu/NXT/nxtOSEK/ecrobot/../ecrobot/libecrobot.a(bt.oram)
                0x00202674                bt_write
 .text.bt_pending
                0x002026e4       0x50 /home/ubuntu/NXT/nxtOSEK/ecrobot/../ecrobot/libecrobot.a(bt.oram)
                0x002026e4                bt_pending
 .text.bt_clear_arm7_cmd
                0x00202734       0x10 /home/ubuntu/NXT/nxtOSEK/ecrobot/../ecrobot/libecrobot.a(bt.oram)
                0x00202734                bt_clear_arm7_cmd
 .text.bt_set_arm7_cmd
                0x00202744       0x10 /home/ubuntu/NXT/nxtOSEK/ecrobot/../ecrobot/libecrobot.a(bt.oram)
                0x00202744                bt_set_arm7_cmd
 .text.bt_receive
                0x00202754      0x160 /home/ubuntu/NXT/nxtOSEK/ecrobot/../ecrobot/libecrobot.a(bt.oram)
                0x00202754                bt_receive
 .text.bt_read  0x002028b4      0x140 /home/ubuntu/NXT/nxtOSEK/ecrobot/../ecrobot/libecrobot.a(bt.oram)
                0x002028b4                bt_read
 .text.bt_reset
                0x002029f4       0x84 /home/ubuntu/NXT/nxtOSEK/ecrobot/../ecrobot/libecrobot.a(bt.oram)
                0x002029f4                bt_reset
 .text.nxt_avr_power_down
                0x00202a78       0x10 /home/ubuntu/NXT/nxtOSEK/ecrobot/../ecrobot/libecrobot.a(nxt_avr.oram)
                0x00202a78                nxt_avr_power_down
 .text.nxt_avr_link_init
                0x00202a88       0x20 /home/ubuntu/NXT/nxtOSEK/ecrobot/../ecrobot/libecrobot.a(nxt_avr.oram)
                0x00202a88                nxt_avr_link_init
 .text.nxt_avr_init
                0x00202aa8       0x6c /home/ubuntu/NXT/nxtOSEK/ecrobot/../ecrobot/libecrobot.a(nxt_avr.oram)
                0x00202aa8                nxt_avr_init
 .text.nxt_avr_1kHz_update
                0x00202b14      0x1cc /home/ubuntu/NXT/nxtOSEK/ecrobot/../ecrobot/libecrobot.a(nxt_avr.oram)
                0x00202b14                nxt_avr_1kHz_update
 .text.buttons_get
                0x00202ce0        0xc /home/ubuntu/NXT/nxtOSEK/ecrobot/../ecrobot/libecrobot.a(nxt_avr.oram)
                0x00202ce0                buttons_get
 .text.battery_voltage
                0x00202cec       0x28 /home/ubuntu/NXT/nxtOSEK/ecrobot/../ecrobot/libecrobot.a(nxt_avr.oram)
                0x00202cec                battery_voltage
 .text.sensor_adc
                0x00202d14       0x20 /home/ubuntu/NXT/nxtOSEK/ecrobot/../ecrobot/libecrobot.a(nxt_avr.oram)
                0x00202d14                sensor_adc
 .text.nxt_avr_set_motor
                0x00202d34       0x34 /home/ubuntu/NXT/nxtOSEK/ecrobot/../ecrobot/libecrobot.a(nxt_avr.oram)
                0x00202d34                nxt_avr_set_motor
 .text.nxt_avr_set_input_power
                0x00202d68       0x3c /home/ubuntu/NXT/nxtOSEK/ecrobot/../ecrobot/libecrobot.a(nxt_avr.oram)
                0x00202d68                nxt_avr_set_input_power
 .text.unset_digi0
                0x00202da4       0x44 /home/ubuntu/NXT/nxtOSEK/ecrobot/../ecrobot/libecrobot.a(sensors.oram)
                0x00202da4                unset_digi0
 .text.unset_digi1
                0x00202de8       0x44 /home/ubuntu/NXT/nxtOSEK/ecrobot/../ecrobot/libecrobot.a(sensors.oram)
                0x00202de8                unset_digi1
 .text.init_sensors
                0x00202e2c       0x4c /home/ubuntu/NXT/nxtOSEK/ecrobot/../ecrobot/libecrobot.a(sensors.oram)
                0x00202e2c                init_sensors
 .text.nxt_lcd_command
                0x00202e78       0x18 /home/ubuntu/NXT/nxtOSEK/ecrobot/../ecrobot/libecrobot.a(nxt_lcd.oram)
                0x00202e78                nxt_lcd_command
 .text.nxt_lcd_set_col
                0x00202e90       0x24 /home/ubuntu/NXT/nxtOSEK/ecrobot/../ecrobot/libecrobot.a(nxt_lcd.oram)
                0x00202e90                nxt_lcd_set_col
 .text.nxt_lcd_set_multiplex_rate
                0x00202eb4       0x18 /home/ubuntu/NXT/nxtOSEK/ecrobot/../ecrobot/libecrobot.a(nxt_lcd.oram)
                0x00202eb4                nxt_lcd_set_multiplex_rate
 .text.nxt_lcd_set_page_address
                0x00202ecc       0x18 /home/ubuntu/NXT/nxtOSEK/ecrobot/../ecrobot/libecrobot.a(nxt_lcd.oram)
                0x00202ecc                nxt_lcd_set_page_address
 .text.nxt_lcd_set_pot
                0x00202ee4       0x1c /home/ubuntu/NXT/nxtOSEK/ecrobot/../ecrobot/libecrobot.a(nxt_lcd.oram)
                0x00202ee4                nxt_lcd_set_pot
 .text.nxt_lcd_set_ram_address_control
                0x00202f00       0x18 /home/ubuntu/NXT/nxtOSEK/ecrobot/../ecrobot/libecrobot.a(nxt_lcd.oram)
                0x00202f00                nxt_lcd_set_ram_address_control
 .text.nxt_lcd_enable
                0x00202f18       0x14 /home/ubuntu/NXT/nxtOSEK/ecrobot/../ecrobot/libecrobot.a(nxt_lcd.oram)
                0x00202f18                nxt_lcd_enable
 .text.nxt_lcd_set_map_control
                0x00202f2c       0x18 /home/ubuntu/NXT/nxtOSEK/ecrobot/../ecrobot/libecrobot.a(nxt_lcd.oram)
                0x00202f2c                nxt_lcd_set_map_control
 .text.nxt_lcd_reset
                0x00202f44        0xc /home/ubuntu/NXT/nxtOSEK/ecrobot/../ecrobot/libecrobot.a(nxt_lcd.oram)
                0x00202f44                nxt_lcd_reset
 .text.nxt_lcd_set_bias_ratio
                0x00202f50       0x18 /home/ubuntu/NXT/nxtOSEK/ecrobot/../ecrobot/libecrobot.a(nxt_lcd.oram)
                0x00202f50                nxt_lcd_set_bias_ratio
 .text.nxt_lcd_force_update
                0x00202f68       0x30 /home/ubuntu/NXT/nxtOSEK/ecrobot/../ecrobot/libecrobot.a(nxt_lcd.oram)
                0x00202f68                nxt_lcd_force_update
 .text.nxt_lcd_update
                0x00202f98        0xc /home/ubuntu/NXT/nxtOSEK/ecrobot/../ecrobot/libecrobot.a(nxt_lcd.oram)
                0x00202f98                nxt_lcd_update
 .text.nxt_lcd_power_up
                0x00202fa4       0x48 /home/ubuntu/NXT/nxtOSEK/ecrobot/../ecrobot/libecrobot.a(nxt_lcd.oram)
                0x00202fa4                nxt_lcd_power_up
 .text.nxt_lcd_power_down
                0x00202fec        0xc /home/ubuntu/NXT/nxtOSEK/ecrobot/../ecrobot/libecrobot.a(nxt_lcd.oram)
                0x00202fec                nxt_lcd_power_down
 .text.nxt_lcd_init
                0x00202ff8       0x18 /home/ubuntu/NXT/nxtOSEK/ecrobot/../ecrobot/libecrobot.a(nxt_lcd.oram)
                0x00202ff8                nxt_lcd_init
 .text.verify_flash_page
                0x00203010       0x34 /home/ubuntu/NXT/nxtOSEK/ecrobot/../ecrobot/libecrobot.a(flash_loader.oram)
 .text.set_flash_request
                0x00203044       0x38 /home/ubuntu/NXT/nxtOSEK/ecrobot/../ecrobot/libecrobot.a(flash_loader.oram)
                0x00203044                set_flash_request
 .text.nxt_device_init
                0x0020307c       0x38 /home/ubuntu/NXT/nxtOSEK/ecrobot/../ecrobot/libecrobot.a(flash_loader.oram)
                0x0020307c                nxt_device_init
 .text          0x002030b4       0x68 /home/ubuntu/NXT/nxtOSEK/ecrobot/../ecrobot/libecrobot.a(interrupts.oram)
                0x002030b4                interrupts_get_and_disable
                0x002030d8                interrupts_enable
                0x002030e8                fiq_get_and_disable
                0x0020310c                fiq_enable
 .text.flash_write_page
                0x0020311c       0xc0 /home/ubuntu/NXT/nxtOSEK/ecrobot/../ecrobot/libecrobot.a(flashprog.oram)
                0x0020311c                flash_write_page
                0x002031e0                . = ALIGN (0x10)
 *fill*         0x002031dc        0x4 00
 *.oram(*.rodata *.rodata.*)
 .rodata.ld     0x002031e0        0x4 /home/ubuntu/NXT/nxtOSEK/ecrobot/../ecrobot/libecrobot.a(udp.oram)
 .rodata.cfd    0x002031e4       0x20 /home/ubuntu/NXT/nxtOSEK/ecrobot/../ecrobot/libecrobot.a(udp.oram)
 .rodata.dd     0x00203204       0x12 /home/ubuntu/NXT/nxtOSEK/ecrobot/../ecrobot/libecrobot.a(udp.oram)
 *fill*         0x00203216        0x2 00
 .rodata.str1.4
                0x00203218       0x22 /home/ubuntu/NXT/nxtOSEK/ecrobot/../ecrobot/libecrobot.a(data_abort.oram)
                                 0x24 (size before relaxing)
 .rodata.font   0x0020323a      0x280 /home/ubuntu/NXT/nxtOSEK/ecrobot/../ecrobot/libecrobot.a(display.oram)
 *fill*         0x002034ba        0x2 00
 .rodata.str1.4
                0x002034bc       0x76 /home/ubuntu/NXT/nxtOSEK/ecrobot/../ecrobot/libecrobot.a(display.oram)
                                 0x78 (size before relaxing)
 *fill*         0x00203532        0x2 00
 .rodata.i2c_pin
                0x00203534       0x20 /home/ubuntu/NXT/nxtOSEK/ecrobot/../ecrobot/libecrobot.a(i2c.oram)
 .rodata.i2c_timer_isr_C
                0x00203554       0x38 /home/ubuntu/NXT/nxtOSEK/ecrobot/../ecrobot/libecrobot.a(i2c.oram)
 .rodata.silence
                0x0020358c       0x40 /home/ubuntu/NXT/nxtOSEK/ecrobot/../ecrobot/libecrobot.a(sound.oram)
                0x0020358c                silence
 .rodata.sample_pattern
                0x002035cc       0x84 /home/ubuntu/NXT/nxtOSEK/ecrobot/../ecrobot/libecrobot.a(sound.oram)
                0x002035cc                sample_pattern
 .rodata        0x00203650        0xc /home/ubuntu/NXT/nxtOSEK/ecrobot/../ecrobot/libecrobot.a(sound.oram)
 .rodata.avr_brainwash_string
                0x0020365c       0x30 /home/ubuntu/NXT/nxtOSEK/ecrobot/../ecrobot/libecrobot.a(nxt_avr.oram)
                0x0020365c                avr_brainwash_string
 .rodata.nxt_avr_1kHz_update
                0x0020368c       0x14 /home/ubuntu/NXT/nxtOSEK/ecrobot/../ecrobot/libecrobot.a(nxt_avr.oram)
 .rodata.C.33.1823
                0x002036a0       0x10 /home/ubuntu/NXT/nxtOSEK/ecrobot/../ecrobot/libecrobot.a(sensors.oram)
 .rodata.C.37.1857
                0x002036b0       0x10 /home/ubuntu/NXT/nxtOSEK/ecrobot/../ecrobot/libecrobot.a(sensors.oram)
 .rodata.str1.4
                0x002036c0       0x24 /home/ubuntu/NXT/nxtOSEK/ecrobot/../ecrobot/libecrobot.a(flash_loader.oram)
 *fill*         0x002036e4        0x4 00
 .rodata.str1.4.stub
                0x002036e8       0x10 linker stubs
                0x00203700                . = ALIGN (0x10)
 *fill*         0x002036f8        0x8 00
                0x00200300                __ramtext_ram_start__ = ADDR (.ram_text)
                0x00203700                __ramtext_ram_end__ = (ADDR (.ram_text) + SIZEOF (.ram_text))
                0x00200300                __ramtext_load_start__ = LOADADDR (.ram_text)
                0x00203700                __ramtext_load_end__ = (__ramtext_load_start__ + SIZEOF (.ram_text))

.wav_data       0x00203700        0x0
 *.owav(*.data *.data.*)
                0x00203700                . = ALIGN (0x10)

.bmp_data       0x00203700      0x440
 *.obmp(*.data *.data.*)
 .data          0x00203700      0x43e /home/ubuntu/NXT/nxtOSEK/ecrobot/../ecrobot/libecrobot.a(nxtosek_splash.obmp)
                0x00203700                nxtosek_splash_bmp_start
                0x00203b3e                nxtosek_splash_bmp_end
                0x00203b40                . = ALIGN (0x10)
 *fill*         0x00203b3e        0x2 00

.spr_data       0x00203b40        0x0
 *.ospr(*.data *.data.*)
                0x00203b40                . = ALIGN (0x10)

.data           0x00203b40       0x70
 *(*.data *.data.*)
 .data.bt_status
                0x00203b40        0x1 build/ecrobot_bluetooth.o
 *fill*         0x00203b41        0x3 00
 .data.distance_state
                0x00203b44       0x10 /home/ubuntu/NXT/nxtOSEK/ecrobot/../ecrobot/libecrobot.a(ecrobot_interface.o)
 .data.deviceStatus
                0x00203b54        0x1 /home/ubuntu/NXT/nxtOSEK/ecrobot/../ecrobot/libecrobot.a(ecrobot_interface.o)
 .data.named    0x00203b55       0x22 /home/ubuntu/NXT/nxtOSEK/ecrobot/../ecrobot/libecrobot.a(udp.oram)
 .data.snd      0x00203b77       0x1a /home/ubuntu/NXT/nxtOSEK/ecrobot/../ecrobot/libecrobot.a(udp.oram)
 *fill*         0x00203b91        0x3 00
 .data.configured
                0x00203b94        0x4 /home/ubuntu/NXT/nxtOSEK/ecrobot/../ecrobot/libecrobot.a(udp.oram)
 .data.mode     0x00203b98        0x1 /home/ubuntu/NXT/nxtOSEK/ecrobot/../ecrobot/libecrobot.a(nxt_spi.oram)
                0x00203b98                mode
 *fill*         0x00203b99        0x3 00
 .bss.data      0x00203b9c        0x4 /home/ubuntu/NXT/nxtOSEK/ecrobot/../ecrobot/libecrobot.a(nxt_spi.oram)
                0x00203b9c                data
 .data.display_auto_update
                0x00203ba0        0x4 /home/ubuntu/NXT/nxtOSEK/ecrobot/../ecrobot/libecrobot.a(display.oram)
                0x00203ba0                display_auto_update
 .data.display_buffer
                0x00203ba4        0x4 /home/ubuntu/NXT/nxtOSEK/ecrobot/../ecrobot/libecrobot.a(display.oram)
                0x00203bb0                . = ALIGN (0x10)
 *fill*         0x00203ba8        0x8 00
                0x00203b40                __data_ram_start__ = ADDR (.data)
                0x00203bb0                __data_ram_end__ = (ADDR (.data) + SIZEOF (.data))
                0x00203b40                __data_load_start__ = LOADADDR (.data)
                0x00203bb0                __data_load_end__ = (__data_load_start__ + SIZEOF (.data))

.text           0x00203bb0     0x2b30
                0x00203bb0                . = ALIGN (0x10)
 *(*.text *.text.* *.glue*)
 .glue_7        0x00203bb0       0x18 linker stubs
                0x00203bb0                __call_posttaskhook_from_arm
                0x00203bbc                __call_pretaskhook_from_arm
 .glue_7t       0x00000000        0x0 linker stubs
 .text.enqueue_alarm
                0x00203bc8       0x94 build/kernel/alarm.o
 .text.alarm_initialize
                0x00203c5c       0x98 build/kernel/alarm.o
                0x00203c5c                alarm_initialize
 .text.unlock_cpu
                0x00203cf4        0xc build/kernel/alarm.o
 .text.lock_cpu
                0x00203d00        0xc build/kernel/alarm.o
 .text.SignalCounter
                0x00203d0c      0x128 build/kernel/alarm.o
                0x00203d0c                SignalCounter
 .text.CancelAlarm
                0x00203e34       0x94 build/kernel/alarm.o
                0x00203e34                CancelAlarm
 .text.SetRelAlarm
                0x00203ec8       0xdc build/kernel/alarm.o
                0x00203ec8                SetRelAlarm
 .text.lock_cpu
                0x00203fa4        0xc build/kernel/event.o
 .text.WaitEvent
                0x00203fb0       0xa8 build/kernel/event.o
                0x00203fb0                WaitEvent
 .text.ClearEvent
                0x00204058       0x64 build/kernel/event.o
                0x00204058                ClearEvent
 .text.SetEvent
                0x002040bc       0xa8 build/kernel/event.o
                0x002040bc                SetEvent
 .text.ShutdownOS
                0x00204164       0x4c build/kernel/osctl.o
                0x00204164                ShutdownOS
 .text.StartOS  0x002041b0       0x58 build/kernel/osctl.o
                0x002041b0                StartOS
 .text.call_pretaskhook
                0x00204208       0x24 build/kernel/osctl.o
                0x00204208                call_pretaskhook
 .text.call_posttaskhook
                0x0020422c       0x24 build/kernel/osctl.o
                0x0020422c                call_posttaskhook
 .text.call_errorhook
                0x00204250       0x78 build/kernel/osctl.o
                0x00204250                call_errorhook
 .text.resource_initialize
                0x002042c8       0x20 build/kernel/resource.o
                0x002042c8                resource_initialize
 .text.lock_cpu
                0x002042e8        0xc build/kernel/resource.o
 .text.ReleaseResource
                0x002042f4       0xf0 build/kernel/resource.o
                0x002042f4                ReleaseResource
 .text.GetResource
                0x002043e4       0xdc build/kernel/resource.o
                0x002043e4                GetResource
 .text.make_runnable
                0x002044c0       0xa4 build/kernel/task.o
                0x002044c0                make_runnable
 .text.make_active
                0x00204564       0x78 build/kernel/task.o
                0x00204564                make_active
 .text.task_initialize
                0x002045dc       0x88 build/kernel/task.o
                0x002045dc                task_initialize
 .text.search_schedtsk
                0x00204664       0x90 build/kernel/task.o
                0x00204664                search_schedtsk
 .text.preempt  0x002046f4       0x4c build/kernel/task.o
                0x002046f4                preempt
 .text.unlock_cpu
                0x00204740        0xc build/kernel/task_manage.o
 .text.lock_cpu
                0x0020474c        0xc build/kernel/task_manage.o
 .text.ActivateTask
                0x00204758       0x8c build/kernel/task_manage.o
                0x00204758                ActivateTask
 .text.TerminateTask
                0x002047e4       0x74 build/kernel/task_manage.o
                0x002047e4                TerminateTask
 .text.cpu_initialize
                0x00204858        0x4 build/config/at91sam7s-gnu/cpu_config.o
                0x00204858                cpu_initialize
 .text.cpu_terminate
                0x0020485c        0x4 build/config/at91sam7s-gnu/cpu_config.o
                0x0020485c                cpu_terminate
 .text.sys_initialize
                0x00204860        0x4 build/config/at91sam7s-gnu/lego_nxt/sys_config.o
                0x00204860                sys_initialize
 .text.sys_exit
                0x00204864        0x4 build/config/at91sam7s-gnu/lego_nxt/sys_config.o
                0x00204864                sys_exit
 .text._activate_alarm_LcdUpdateAlarm
                0x00204868        0xc build/./kernel_cfg.o
 .text._activate_alarm_SimulTaskAlarm
                0x00204874        0xc build/./kernel_cfg.o
 .text.object_initialize
                0x00204880       0x14 build/./kernel_cfg.o
                0x00204880                object_initialize
 .text.ecrobot_get_bt_status
                0x00204894        0xc build/ecrobot_bluetooth.o
                0x00204894                ecrobot_get_bt_status
 .text.ecrobot_read_bt
                0x002048a0       0x20 build/ecrobot_bluetooth.o
                0x002048a0                ecrobot_read_bt
 .text.ecrobot_send_bt
                0x002048c0       0x3c build/ecrobot_bluetooth.o
                0x002048c0                ecrobot_send_bt
 .text.close_bt_stream
                0x002048fc       0x28 build/ecrobot_bluetooth.o
 .text.send_bt_command
                0x00204924       0x3c build/ecrobot_bluetooth.o
 .text.ecrobot_term_bt_connection
                0x00204960       0x44 build/ecrobot_bluetooth.o
                0x00204960                ecrobot_term_bt_connection
 .text.open_bt_stream
                0x002049a4       0x48 build/ecrobot_bluetooth.o
 .text.T.50     0x002049ec       0x54 build/ecrobot_bluetooth.o
 .text.ecrobot_get_bt_device_address
                0x00204a40       0x64 build/ecrobot_bluetooth.o
                0x00204a40                ecrobot_get_bt_device_address
 .text.ecrobot_init_bt_slave
                0x00204aa4      0x100 build/ecrobot_bluetooth.o
                0x00204aa4                ecrobot_init_bt_slave
 .text.init_OS_flag
                0x00204ba4        0xc build/ecrobot_base.o
                0x00204ba4                init_OS_flag
 .text.set_OS_flag
                0x00204bb0        0xc build/ecrobot_base.o
                0x00204bb0                set_OS_flag
 .text.get_OS_flag
                0x00204bbc        0xc build/ecrobot_base.o
                0x00204bbc                get_OS_flag
 .text.cpp_constructor
                0x00204bc8       0x28 build/ecrobot_base.o
                0x00204bc8                cpp_constructor
 .text.cpp_destructor
                0x00204bf0       0x28 build/ecrobot_base.o
                0x00204bf0                cpp_destructor
 .text.execution_mode
                0x00204c18       0x14 build/ecrobot_base.o
                0x00204c18                execution_mode
 .text.shutdown_NXT
                0x00204c2c       0x2c build/ecrobot_base.o
                0x00204c2c                shutdown_NXT
 .text.restart_NXT
                0x00204c58       0x2c build/ecrobot_base.o
                0x00204c58                restart_NXT
 .text.check_NXT_buttons
                0x00204c84       0x38 build/ecrobot_base.o
                0x00204c84                check_NXT_buttons
 .text.add_status_info
                0x00204cbc       0x68 build/ecrobot_base.o
                0x00204cbc                add_status_info
 .text.show_bd_addr_err
                0x00204d24       0x3c build/ecrobot_base.o
                0x00204d24                show_bd_addr_err
 .text.show_main_screen
                0x00204d60       0x48 build/ecrobot_base.o
                0x00204d60                show_main_screen
 .text.show_bd_addr
                0x00204da8       0x44 build/ecrobot_base.o
                0x00204da8                show_bd_addr
 .text.display_status_bar
                0x00204dec       0x5c build/ecrobot_base.o
                0x00204dec                display_status_bar
 .text.show_splash_screen
                0x00204e48       0x98 build/ecrobot_base.o
                0x00204e48                show_splash_screen
 .text.main     0x00204ee0      0x108 build/ecrobot.o
                0x00204ee0                main
 .text.ecrobot_device_initialize
                0x00204fe8        0x4 build/BRO_spam_client.o
                0x00204fe8                ecrobot_device_initialize
 .text.recv_packet
                0x00204fec       0x20 build/BRO_spam_client.o
                0x00204fec                recv_packet
 .text.send_packet
                0x0020500c       0x20 build/BRO_spam_client.o
                0x0020500c                send_packet
 .text.clear_buffer
                0x0020502c       0x20 build/BRO_spam_client.o
                0x0020502c                clear_buffer
 .text.flush_buffer
                0x0020504c       0x3c build/BRO_spam_client.o
                0x0020504c                flush_buffer
 .text.send_sim_end
                0x00205088       0x30 build/BRO_spam_client.o
                0x00205088                send_sim_end
 .text.send_buffered_data
                0x002050b8       0x2c build/BRO_spam_client.o
                0x002050b8                send_buffered_data
 .text.wait_sim_termination
                0x002050e4       0x1c build/BRO_spam_client.o
                0x002050e4                wait_sim_termination
 .text.start_sim
                0x00205100       0x44 build/BRO_spam_client.o
                0x00205100                start_sim
 .text.stop_motor
                0x00205144       0x1c build/BRO_spam_client.o
                0x00205144                stop_motor
 .text.terminate_sim
                0x00205160       0x40 build/BRO_spam_client.o
                0x00205160                terminate_sim
 .text.ecrobot_device_terminate
                0x002051a0       0x10 build/BRO_spam_client.o
                0x002051a0                ecrobot_device_terminate
 .text.TaskMainDisplayTask
                0x002051b0       0xec build/BRO_spam_client.o
                0x002051b0                TaskMainDisplayTask
 .text.TaskMainSimulTask
                0x0020529c      0x294 build/BRO_spam_client.o
                0x0020529c                TaskMainSimulTask
 .text.TaskMainConfigTask
                0x00205530       0x68 build/BRO_spam_client.o
                0x00205530                TaskMainConfigTask
 .text.user_1ms_isr_type2
                0x00205598       0x1c build/BRO_spam_client.o
                0x00205598                user_1ms_isr_type2
 .text.encode_int
                0x002055b4       0x24 build/common/bt_comm.o
                0x002055b4                encode_int
 .text.decode_int
                0x002055d8       0x3c build/common/bt_comm.o
                0x002055d8                decode_int
 .text.decode_config
                0x00205614       0x58 build/common/bt_comm.o
                0x00205614                decode_config
 .text.decode_config_msg
                0x0020566c       0x1c build/common/bt_comm.o
                0x0020566c                decode_config_msg
 .text.encode_sim_data_msg
                0x00205688       0x34 build/common/bt_comm.o
                0x00205688                encode_sim_data_msg
 .text.get_duration
                0x002056bc       0x10 build/common/simul_config.o
                0x002056bc                get_duration
 .text.get_sampling_time
                0x002056cc       0x10 build/common/simul_config.o
                0x002056cc                get_sampling_time
 .text.getDistance
                0x002056dc       0x20 /home/ubuntu/NXT/nxtOSEK/ecrobot/../ecrobot/libecrobot.a(ecrobot_interface.o)
 .text.ecrobot_get_battery_voltage
                0x002056fc        0xc /home/ubuntu/NXT/nxtOSEK/ecrobot/../ecrobot/libecrobot.a(ecrobot_interface.o)
                0x002056fc                ecrobot_get_battery_voltage
 .text.ecrobot_get_button_state
                0x00205708        0xc /home/ubuntu/NXT/nxtOSEK/ecrobot/../ecrobot/libecrobot.a(ecrobot_interface.o)
                0x00205708                ecrobot_get_button_state
 .text.ecrobot_init_nxtstate
                0x00205714       0x28 /home/ubuntu/NXT/nxtOSEK/ecrobot/../ecrobot/libecrobot.a(ecrobot_interface.o)
                0x00205714                ecrobot_init_nxtstate
 .text.ecrobot_poll_nxtstate
                0x0020573c       0x64 /home/ubuntu/NXT/nxtOSEK/ecrobot/../ecrobot/libecrobot.a(ecrobot_interface.o)
                0x0020573c                ecrobot_poll_nxtstate
 .text.ecrobot_setDeviceInitialized
                0x002057a0       0x18 /home/ubuntu/NXT/nxtOSEK/ecrobot/../ecrobot/libecrobot.a(ecrobot_interface.o)
                0x002057a0                ecrobot_setDeviceInitialized
 .text.ecrobot_initDeviceStatus
                0x002057b8        0xc /home/ubuntu/NXT/nxtOSEK/ecrobot/../ecrobot/libecrobot.a(ecrobot_interface.o)
                0x002057b8                ecrobot_initDeviceStatus
 .text.ecrobot_bmp2lcd
                0x002057c4      0x1c8 /home/ubuntu/NXT/nxtOSEK/ecrobot/../ecrobot/libecrobot.a(ecrobot_interface.o)
                0x002057c4                ecrobot_bmp2lcd
 .text.ecrobot_status_monitor
                0x0020598c      0x138 /home/ubuntu/NXT/nxtOSEK/ecrobot/../ecrobot/libecrobot.a(ecrobot_interface.o)
                0x0020598c                ecrobot_status_monitor
 .text.StartupHook
                0x00205ac4        0x4 /home/ubuntu/NXT/nxtOSEK/ecrobot/../ecrobot/libecrobot.a(osek_hook.o)
                0x00205ac4                StartupHook
 .text.PreTaskHook
                0x00205ac8        0x4 /home/ubuntu/NXT/nxtOSEK/ecrobot/../ecrobot/libecrobot.a(osek_hook.o)
                0x00205ac8                PreTaskHook
 .text.PostTaskHook
                0x00205acc        0x4 /home/ubuntu/NXT/nxtOSEK/ecrobot/../ecrobot/libecrobot.a(osek_hook.o)
                0x00205acc                PostTaskHook
 .text.ErrorHook
                0x00205ad0        0x4 /home/ubuntu/NXT/nxtOSEK/ecrobot/../ecrobot/libecrobot.a(osek_hook.o)
                0x00205ad0                ErrorHook
 .text.ShutdownHook
                0x00205ad4        0x4 /home/ubuntu/NXT/nxtOSEK/ecrobot/../ecrobot/libecrobot.a(osek_hook.o)
                0x00205ad4                ShutdownHook
 .text          0x00205ad8       0x8c /home/ubuntu/NXT/gnuarm/lib/gcc/arm-elf/4.4.2/thumb/interwork/libgcc.a(_udivsi3.o)
                0x00205ad8                __udivsi3
                0x00205ad8                __aeabi_uidiv
                0x00205b54                __aeabi_uidivmod
 .text          0x00205b64       0xc8 /home/ubuntu/NXT/gnuarm/lib/gcc/arm-elf/4.4.2/thumb/interwork/libgcc.a(_umodsi3.o)
                0x00205b64                __umodsi3
 .text          0x00205c2c        0x4 /home/ubuntu/NXT/gnuarm/lib/gcc/arm-elf/4.4.2/thumb/interwork/libgcc.a(_dvmd_tls.o)
                0x00205c2c                __aeabi_ldiv0
                0x00205c2c                __div0
                0x00205c2c                __aeabi_idiv0
 .text          0x00205c30      0x2ac /home/ubuntu/NXT/gnuarm/lib/gcc/arm-elf/4.4.2/thumb/interwork/libgcc.a(_arm_addsubsf3.o)
                0x00205c30                __aeabi_frsub
                0x00205c38                __subsf3
                0x00205c38                __aeabi_fsub
                0x00205c3c                __aeabi_fadd
                0x00205c3c                __addsf3
                0x00205df8                __aeabi_ui2f
                0x00205df8                __floatunsisf
                0x00205e00                __aeabi_i2f
                0x00205e00                __floatsisf
                0x00205e20                __floatundisf
                0x00205e20                __aeabi_ul2f
                0x00205e30                __floatdisf
                0x00205e30                __aeabi_l2f
 .text          0x00205edc      0x2f8 /home/ubuntu/NXT/gnuarm/lib/gcc/arm-elf/4.4.2/thumb/interwork/libgcc.a(_arm_muldivsf3.o)
                0x00205edc                __mulsf3
                0x00205edc                __aeabi_fmul
                0x00206074                __divsf3
                0x00206074                __aeabi_fdiv
 .text          0x002061d4      0x110 /home/ubuntu/NXT/gnuarm/lib/gcc/arm-elf/4.4.2/thumb/interwork/libgcc.a(_arm_cmpsf2.o)
                0x002061d4                __gtsf2
                0x002061d4                __gesf2
                0x002061dc                __lesf2
                0x002061dc                __ltsf2
                0x002061e4                __nesf2
                0x002061e4                __eqsf2
                0x002061e4                __cmpsf2
                0x00206244                __aeabi_cfrcmple
                0x00206254                __aeabi_cfcmple
                0x00206254                __aeabi_cfcmpeq
                0x0020626c                __aeabi_fcmpeq
                0x00206284                __aeabi_fcmplt
                0x0020629c                __aeabi_fcmple
                0x002062b4                __aeabi_fcmpge
                0x002062cc                __aeabi_fcmpgt
 .text          0x002062e4       0x5c /home/ubuntu/NXT/gnuarm/lib/gcc/arm-elf/4.4.2/thumb/interwork/libgcc.a(_arm_fixsfsi.o)
                0x002062e4                __fixsfsi
                0x002062e4                __aeabi_f2iz
 .text          0x00206340       0x80 /home/ubuntu/NXT/gnuarm/lib/gcc/arm-elf/4.4.2/../../../../arm-elf/lib/thumb/interwork/libc.a(lib_a-memcpy.o)
                0x00206340                memcpy
 .text          0x002063c0       0x94 /home/ubuntu/NXT/gnuarm/lib/gcc/arm-elf/4.4.2/../../../../arm-elf/lib/thumb/interwork/libc.a(lib_a-memset.o)
                0x002063c0                memset
 .text          0x00206454       0x10 /home/ubuntu/NXT/gnuarm/lib/gcc/arm-elf/4.4.2/../../../../arm-elf/lib/thumb/interwork/libc.a(lib_a-strcpy.o)
                0x00206454                strcpy
 .text          0x00206464       0x10 /home/ubuntu/NXT/gnuarm/lib/gcc/arm-elf/4.4.2/../../../../arm-elf/lib/thumb/interwork/libc.a(lib_a-strlen.o)
                0x00206464                strlen
                0x00206480                . = ALIGN (0x10)
 *fill*         0x00206474        0xc 00
 *(*.rodata *.rodata.*)
 .rodata.search_table.1018
                0x00206480       0x10 build/kernel/task.o
 .rodata.tnum_resource
                0x00206490        0x1 build/./kernel_cfg.o
                0x00206490                tnum_resource
 *fill*         0x00206491        0x3 00
 .rodata.alminib_cback
                0x00206494        0x8 build/./kernel_cfg.o
                0x00206494                alminib_cback
 .rodata.SimConfigGlobal
                0x0020649c        0x1 build/./kernel_cfg.o
                0x0020649c                SimConfigGlobal
 *fill*         0x0020649d        0x3 00
 .rodata.alminib_cntid
                0x002064a0        0x4 build/./kernel_cfg.o
                0x002064a0                alminib_cntid
 .rodata.tinib_maxact
                0x002064a4        0x4 build/./kernel_cfg.o
                0x002064a4                tinib_maxact
 .rodata.cntinib_tickbase
                0x002064a8        0x4 build/./kernel_cfg.o
                0x002064a8                cntinib_tickbase
 .rodata.tnum_task
                0x002064ac        0x1 build/./kernel_cfg.o
                0x002064ac                tnum_task
 *fill*         0x002064ad        0x3 00
 .rodata.cntinib_maxval
                0x002064b0        0x4 build/./kernel_cfg.o
                0x002064b0                cntinib_maxval
 .rodata.alminib_almval
                0x002064b4        0x8 build/./kernel_cfg.o
                0x002064b4                alminib_almval
 .rodata.tinib_stksz
                0x002064bc        0x8 build/./kernel_cfg.o
                0x002064bc                tinib_stksz
 .rodata.alminib_cycle
                0x002064c4        0x8 build/./kernel_cfg.o
                0x002064c4                alminib_cycle
 .rodata.tinib_inipri
                0x002064cc        0x4 build/./kernel_cfg.o
                0x002064cc                tinib_inipri
 .rodata.SimTermEvt
                0x002064d0        0x4 build/./kernel_cfg.o
                0x002064d0                SimTermEvt
 .rodata.cntinib_maxval2
                0x002064d4        0x4 build/./kernel_cfg.o
                0x002064d4                cntinib_maxval2
 .rodata.tinib_stk
                0x002064d8        0xc build/./kernel_cfg.o
                0x002064d8                tinib_stk
 .rodata.isrinib_intpri
                0x002064e4        0x4 build/./kernel_cfg.o
                0x002064e4                isrinib_intpri
 .rodata.tnum_exttask
                0x002064e8        0x1 build/./kernel_cfg.o
                0x002064e8                tnum_exttask
 .rodata.tnum_counter
                0x002064e9        0x1 build/./kernel_cfg.o
                0x002064e9                tnum_counter
 .rodata.SimulTaskAlarm
                0x002064ea        0x1 build/./kernel_cfg.o
                0x002064ea                SimulTaskAlarm
 *fill*         0x002064eb        0x1 00
 .rodata.tinib_autoact
                0x002064ec        0x4 build/./kernel_cfg.o
                0x002064ec                tinib_autoact
 .rodata.SysTimerCnt
                0x002064f0        0x1 build/./kernel_cfg.o
                0x002064f0                SysTimerCnt
 .rodata.ConfigTask
                0x002064f1        0x1 build/./kernel_cfg.o
                0x002064f1                ConfigTask
 .rodata.tnum_alarm
                0x002064f2        0x1 build/./kernel_cfg.o
                0x002064f2                tnum_alarm
 *fill*         0x002064f3        0x1 00
 .rodata.cntinib_mincyc
                0x002064f4        0x4 build/./kernel_cfg.o
                0x002064f4                cntinib_mincyc
 .rodata.resinib_ceilpri
                0x002064f8        0x4 build/./kernel_cfg.o
                0x002064f8                resinib_ceilpri
 .rodata.tinib_exepri
                0x002064fc        0x4 build/./kernel_cfg.o
                0x002064fc                tinib_exepri
 .rodata.tinib_task
                0x00206500        0xc build/./kernel_cfg.o
                0x00206500                tinib_task
 .rodata.alminib_autosta
                0x0020650c        0x4 build/./kernel_cfg.o
                0x0020650c                alminib_autosta
 .rodata.str1.1
                0x00206510       0x6c build/ecrobot_base.o
 .rodata.exec_addr
                0x0020657c        0x4 build/ecrobot_base.o
                0x0020657c                exec_addr
 .rodata.str1.1
                0x00206580       0x4e build/BRO_spam_client.o
 *fill*         0x002065ce        0x2 00
 .rodata.END_SIMULATION
                0x002065d0        0x8 build/common/bt_comm.o
                0x002065d0                END_SIMULATION
 .rodata.str1.4
                0x002065d8       0x84 /home/ubuntu/NXT/nxtOSEK/ecrobot/../ecrobot/libecrobot.a(ecrobot_interface.o)
 *fill*         0x0020665c        0x4 00
 .rodata.str1.4.stub
                0x00206660       0x78 linker stubs
                0x002066e0                . = ALIGN (0x10)
 *fill*         0x002066d8        0x8 00
 *(*.gnu.linkonce.* .gcc_except_table)
                0x002066e0                . = ALIGN (0x10)

.vfp11_veneer   0x00203bb0        0x0
 .vfp11_veneer  0x00000000        0x0 linker stubs

.v4_bx          0x00203bb0        0x0
 .v4_bx         0x00000000        0x0 linker stubs

.tors           0x002066e0        0x0
                0x002066e0                . = ALIGN (0x10)
                0x002066e0                __ctor_begin = .
 *(*.ctors*)
                0x002066e0                __ctor_end = .
                0x002066e0                . = ALIGN (0x10)
                0x002066e0                __dtor_begin = .
 *(*.dtors*)
                0x002066e0                __dtor_end = .
                0x002066e0                . = ALIGN (0x10)

.bss            0x002066e0     0x26d8
 *(*.bss *.bss.*)
 .bss.ready_queue_first
                0x002066e0       0x10 build/kernel/task.o
 .bss.ready_primap
                0x002066f0        0x2 build/kernel/task.o
 *fill*         0x002066f2        0x2 00
 .bss.ready_queue_last
                0x002066f4       0x10 build/kernel/task.o
 .bss._stack_DisplayTask
                0x00206704      0x200 build/./kernel_cfg.o
 .bss._stack_ConfigTask
                0x00206904      0x200 build/./kernel_cfg.o
 .bss._stack_SimulTask
                0x00206b04     0x1000 build/./kernel_cfg.o
 .bss.receiveBuf
                0x00207b04       0x80 build/ecrobot_bluetooth.o
 .bss.sendBuf   0x00207b84      0x100 build/ecrobot_bluetooth.o
 .bss.handle    0x00207c84        0x1 build/ecrobot_bluetooth.o
 *fill*         0x00207c85        0x3 00
 .bss.last_act_time.2836
                0x00207c88        0x4 build/ecrobot_base.o
 .bss.status_bar_position
                0x00207c8c        0x4 build/ecrobot_base.o
 .bss.lcd.2758  0x00207c90      0x320 build/ecrobot_base.o
 .bss.status_bar
                0x00207fb0       0x10 build/ecrobot_base.o
 .bss.OS_flag   0x00207fc0        0x4 build/ecrobot_base.o
 .bss.p_1.4270  0x00207fc4        0xc build/BRO_spam_client.o
 .bss.prev_time.4261
                0x00207fd0        0x4 build/BRO_spam_client.o
 .bss.rev_count_2.4263
                0x00207fd4        0x8 build/BRO_spam_client.o
 .bss.power_1.4278
                0x00207fdc        0x4 build/BRO_spam_client.o
 .bss.current_speed_1.4274
                0x00207fe0        0x4 build/BRO_spam_client.o
 .bss.avg_speed_1.4268
                0x00207fe4        0x4 build/BRO_spam_client.o
 .bss.e_2.4273  0x00207fe8        0xc build/BRO_spam_client.o
 .bss.target_speed_2.4277
                0x00207ff4        0x4 build/BRO_spam_client.o
 .bss.p_2.4271  0x00207ff8        0xc build/BRO_spam_client.o
 .bss.avg_speed_2.4269
                0x00208004        0x4 build/BRO_spam_client.o
 .bss.target_speed_1.4276
                0x00208008        0x4 build/BRO_spam_client.o
 .bss.rev_count_1.4262
                0x0020800c        0x8 build/BRO_spam_client.o
 .bss.power_2.4279
                0x00208014        0x4 build/BRO_spam_client.o
 .bss.current_speed_2.4275
                0x00208018        0x4 build/BRO_spam_client.o
 .bss.e_1.4272  0x0020801c        0xc build/BRO_spam_client.o
 .bss.buttons_i
                0x00208028        0x4 /home/ubuntu/NXT/nxtOSEK/ecrobot/../ecrobot/libecrobot.a(ecrobot_interface.o)
 .bss.buttons_states
                0x0020802c       0x14 /home/ubuntu/NXT/nxtOSEK/ecrobot/../ecrobot/libecrobot.a(ecrobot_interface.o)
 .bss.ecrobot_inputs
                0x00208040        0x8 /home/ubuntu/NXT/nxtOSEK/ecrobot/../ecrobot/libecrobot.a(ecrobot_interface.o)
 .bss.systick_ms
                0x00208048        0x4 /home/ubuntu/NXT/nxtOSEK/ecrobot/../ecrobot/libecrobot.a(systick.oram)
 .bss.delayedEnable
                0x0020804c        0x1 /home/ubuntu/NXT/nxtOSEK/ecrobot/../ecrobot/libecrobot.a(udp.oram)
 *fill*         0x0020804d        0x3 00
 .bss.outCnt    0x00208050        0x4 /home/ubuntu/NXT/nxtOSEK/ecrobot/../ecrobot/libecrobot.a(udp.oram)
 .bss.outPtr    0x00208054        0x4 /home/ubuntu/NXT/nxtOSEK/ecrobot/../ecrobot/libecrobot.a(udp.oram)
 .bss.newAddress
                0x00208058        0x4 /home/ubuntu/NXT/nxtOSEK/ecrobot/../ecrobot/libecrobot.a(udp.oram)
 .bss.currentRxBank
                0x0020805c        0x4 /home/ubuntu/NXT/nxtOSEK/ecrobot/../ecrobot/libecrobot.a(udp.oram)
 .bss.currentFeatures
                0x00208060        0x4 /home/ubuntu/NXT/nxtOSEK/ecrobot/../ecrobot/libecrobot.a(udp.oram)
 .bss.currentConfig
                0x00208064        0x1 /home/ubuntu/NXT/nxtOSEK/ecrobot/../ecrobot/libecrobot.a(udp.oram)
 *fill*         0x00208065        0x3 00
 .bss.twi_mask  0x00208068        0x4 /home/ubuntu/NXT/nxtOSEK/ecrobot/../ecrobot/libecrobot.a(twi.oram)
 .bss.twi_ptr   0x0020806c        0x4 /home/ubuntu/NXT/nxtOSEK/ecrobot/../ecrobot/libecrobot.a(twi.oram)
 .bss.twi_pending
                0x00208070        0x4 /home/ubuntu/NXT/nxtOSEK/ecrobot/../ecrobot/libecrobot.a(twi.oram)
 .bss.twi_state
                0x00208074        0x4 /home/ubuntu/NXT/nxtOSEK/ecrobot/../ecrobot/libecrobot.a(twi.oram)
 .bss.page      0x00208078        0x1 /home/ubuntu/NXT/nxtOSEK/ecrobot/../ecrobot/libecrobot.a(nxt_spi.oram)
                0x00208078                page
 .bss.dirty     0x00208079        0x1 /home/ubuntu/NXT/nxtOSEK/ecrobot/../ecrobot/libecrobot.a(nxt_spi.oram)
                0x00208079                dirty
 *fill*         0x0020807a        0x2 00
 .bss.display   0x0020807c        0x4 /home/ubuntu/NXT/nxtOSEK/ecrobot/../ecrobot/libecrobot.a(nxt_spi.oram)
                0x0020807c                display
 .bss.interrupts_this_period
                0x00208080        0x4 /home/ubuntu/NXT/nxtOSEK/ecrobot/../ecrobot/libecrobot.a(nxt_motors.oram)
 .bss.nxt_motor_initialised
                0x00208084        0x4 /home/ubuntu/NXT/nxtOSEK/ecrobot/../ecrobot/libecrobot.a(nxt_motors.oram)
 .bss.motor     0x00208088       0x30 /home/ubuntu/NXT/nxtOSEK/ecrobot/../ecrobot/libecrobot.a(nxt_motors.oram)
 .bss.display_tick
                0x002080b8        0x4 /home/ubuntu/NXT/nxtOSEK/ecrobot/../ecrobot/libecrobot.a(display.oram)
                0x002080b8                display_tick
 .bss.display_array
                0x002080bc      0x388 /home/ubuntu/NXT/nxtOSEK/ecrobot/../ecrobot/libecrobot.a(display.oram)
 .bss.i2c_int_count
                0x00208444        0x4 /home/ubuntu/NXT/nxtOSEK/ecrobot/../ecrobot/libecrobot.a(i2c.oram)
 .bss.i2c_port  0x00208448      0x170 /home/ubuntu/NXT/nxtOSEK/ecrobot/../ecrobot/libecrobot.a(i2c.oram)
 .bss.sound_mode
                0x002085b8        0x1 /home/ubuntu/NXT/nxtOSEK/ecrobot/../ecrobot/libecrobot.a(sound.oram)
                0x002085b8                sound_mode
 *fill*         0x002085b9        0x3 00
 .bss.in_buf_idx
                0x002085bc        0x4 /home/ubuntu/NXT/nxtOSEK/ecrobot/../ecrobot/libecrobot.a(bt.oram)
 .bss.buf_ptr   0x002085c0        0x4 /home/ubuntu/NXT/nxtOSEK/ecrobot/../ecrobot/libecrobot.a(bt.oram)
 .bss.out_buf   0x002085c4      0x200 /home/ubuntu/NXT/nxtOSEK/ecrobot/../ecrobot/libecrobot.a(bt.oram)
 .bss.out_buf_ptr
                0x002087c4        0x1 /home/ubuntu/NXT/nxtOSEK/ecrobot/../ecrobot/libecrobot.a(bt.oram)
 .bss.in_buf_in_ptr
                0x002087c5        0x1 /home/ubuntu/NXT/nxtOSEK/ecrobot/../ecrobot/libecrobot.a(bt.oram)
 .bss.in_buf    0x002087c6      0x100 /home/ubuntu/NXT/nxtOSEK/ecrobot/../ecrobot/libecrobot.a(bt.oram)
 *fill*         0x002088c6        0x2 00
 .bss.link_state
                0x002088c8        0x4 /home/ubuntu/NXT/nxtOSEK/ecrobot/../ecrobot/libecrobot.a(nxt_avr.oram)
 .bss.update_count
                0x002088cc        0x4 /home/ubuntu/NXT/nxtOSEK/ecrobot/../ecrobot/libecrobot.a(nxt_avr.oram)
 .bss.nxt_avr_stats
                0x002088d0       0x14 /home/ubuntu/NXT/nxtOSEK/ecrobot/../ecrobot/libecrobot.a(nxt_avr.oram)
 .bss.debounce_cnt
                0x002088e4        0x2 /home/ubuntu/NXT/nxtOSEK/ecrobot/../ecrobot/libecrobot.a(nxt_avr.oram)
 .bss.debounce_state
                0x002088e6        0x2 /home/ubuntu/NXT/nxtOSEK/ecrobot/../ecrobot/libecrobot.a(nxt_avr.oram)
 .bss.button_state
                0x002088e8        0x2 /home/ubuntu/NXT/nxtOSEK/ecrobot/../ecrobot/libecrobot.a(nxt_avr.oram)
 .bss.prev_buttons
                0x002088ea        0x2 /home/ubuntu/NXT/nxtOSEK/ecrobot/../ecrobot/libecrobot.a(nxt_avr.oram)
 .bss.from_buf  0x002088ec        0x4 /home/ubuntu/NXT/nxtOSEK/ecrobot/../ecrobot/libecrobot.a(nxt_avr.oram)
 .bss.io_from_avr
                0x002088f0        0x4 /home/ubuntu/NXT/nxtOSEK/ecrobot/../ecrobot/libecrobot.a(nxt_avr.oram)
 .bss.data_from_avr
                0x002088f4       0x1a /home/ubuntu/NXT/nxtOSEK/ecrobot/../ecrobot/libecrobot.a(nxt_avr.oram)
 .bss.data_to_avr
                0x0020890e        0x9 /home/ubuntu/NXT/nxtOSEK/ecrobot/../ecrobot/libecrobot.a(nxt_avr.oram)
 .bss.io_to_avr
                0x00208917        0x8 /home/ubuntu/NXT/nxtOSEK/ecrobot/../ecrobot/libecrobot.a(nxt_avr.oram)
 *fill*         0x0020891f        0x1 00
 .bss.display   0x00208920        0x4 /home/ubuntu/NXT/nxtOSEK/ecrobot/../ecrobot/libecrobot.a(nxt_lcd.oram)
                0x00208930                . = ALIGN (0x10)
 *fill*         0x00208924        0xc 00
                0x00208930                __bss_end__ = .
 COMMON         0x00208930        0x2 build/kernel/interrupt.o
                0x00208930                runisr
                0x00208931                sus_all_cnt
 *fill*         0x00208932        0x2 00
 COMMON         0x00208934       0x10 build/kernel/osctl.o
                0x00208934                callevel
                0x00208935                _errorhook_svcid
                0x00208936                appmode
                0x00208938                _errorhook_par1
                0x0020893c                _errorhook_par3
                0x00208940                _errorhook_par2
 COMMON         0x00208944        0x3 build/kernel/task.o
                0x00208944                runtsk
                0x00208945                schedtsk
                0x00208946                nextpri
 *fill*         0x00208947        0x1 00
 COMMON         0x00208948       0x60 build/./kernel_cfg.o
                0x00208948                tcb_waievt
                0x0020894c                rescb_prevpri
                0x00208950                almcb_prev
                0x00208954                tcb_lastres
                0x00208958                almcb_almval
                0x00208960                tcxb_pc
                0x0020896c                tcb_next
                0x00208970                tcb_curpri
                0x00208974                tcb_tstat
                0x00208978                isrcb_lastres
                0x0020897c                cntcb_almque
                0x00208980                rescb_prevres
                0x00208984                tcb_actcnt
                0x00208988                tcb_curevt
                0x0020898c                almcb_cycle
                0x00208994                tcxb_sp
                0x002089a0                almcb_next
                0x002089a4                cntcb_curval
 COMMON         0x002089a8       0xa4 build/BRO_spam_client.o
                0x002089a8                sim_config
                0x002089c0                sim_status
                0x002089c4                data_idx
                0x002089c8                init_time
                0x002089cc                data_msg
 COMMON         0x00208a4c       0x44 /home/ubuntu/NXT/nxtOSEK/ecrobot/../ecrobot/libecrobot.a(uart.oram)
                0x00208a4c                uart
 COMMON         0x00208a90        0x4 /home/ubuntu/NXT/nxtOSEK/ecrobot/../ecrobot/libecrobot.a(data_abort.oram)
                0x00208a90                data_abort_pc
 COMMON         0x00208a94        0x8 /home/ubuntu/NXT/nxtOSEK/ecrobot/../ecrobot/libecrobot.a(display.oram)
                0x00208a94                display_x
                0x00208a98                display_y
 COMMON         0x00208a9c      0x31c /home/ubuntu/NXT/nxtOSEK/ecrobot/../ecrobot/libecrobot.a(sound.oram)
                0x00208a9c                sample
                0x002066e0                __bss_start__ = ADDR (.bss)
                0x00208db8                __bss_end__ = (ADDR (.bss) + SIZEOF (.bss))
                0x00208db8                PROVIDE (end, .)

.heap_area      0x00208db8     0x6dc0
                0x0020fb78                . = (. + (0x20fb78 - end))
 *fill*         0x00208db8     0x6dc0 00

.stack          0x0020fb78      0x488
                0x0020fbf8                . = (. + 0x80)
 *fill*         0x0020fb78       0x80 00
                0x0020fc00                . = ALIGN (0x10)
 *fill*         0x0020fbf8        0x8 00
                0x0020fc00                __irq_stack__ = .
                0x0020fc00                __system_stack_bottom__ = .
                0x00210000                . = (. + 0x400)
 *fill*         0x0020fc00      0x400 00
                0x00210000                . = ALIGN (0x10)
                0x00210000                __system_stack__ = .
                0x00210000                __system_stack_top__ = .
                0x0020fb78                __stack_start__ = ADDR (.stack)
                0x00210000                __stack_end__ = (ADDR (.stack) + SIZEOF (.stack))
OUTPUT(BRO_client_rxe.elf elf32-littlearm)

.comment        0x00000000      0x1af
 .comment       0x00000000       0x11 build/kernel/alarm.o
                                 0x12 (size before relaxing)
 .comment       0x00000000       0x12 build/kernel/event.o
 .comment       0x00000000       0x12 build/kernel/interrupt.o
 .comment       0x00000000       0x12 build/kernel/osctl.o
 .comment       0x00000000       0x12 build/kernel/resource.o
 .comment       0x00000000       0x12 build/kernel/task.o
 .comment       0x00000000       0x12 build/kernel/task_manage.o
 .comment       0x00000000       0x12 build/config/at91sam7s-gnu/cpu_config.o
 .comment       0x00000000       0x12 build/config/at91sam7s-gnu/lego_nxt/sys_config.o
 .comment       0x00000000       0x12 build/./kernel_cfg.o
 .comment       0x00000000       0x12 build/syscalls.o
 .comment       0x00000000       0x12 build/ecrobot_bluetooth.o
 .comment       0x00000000       0x12 build/ecrobot_base.o
 .comment       0x00000000       0x12 build/ecrobot.o
 .comment       0x00000000       0x12 build/BRO_spam_client.o
 .comment       0x00000000       0x12 build/common/bt_comm.o
 .comment       0x00000000       0x12 build/common/simul_config.o
 .comment       0x00000000       0x12 build/syslib/at91sam7s-gnu/lego_nxt/hw_sys_timer.oram
 .comment       0x00000011       0x12 /home/ubuntu/NXT/nxtOSEK/ecrobot/../ecrobot/libecrobot.a(ecrobot_interface.o)
 .comment       0x00000023       0x12 /home/ubuntu/NXT/nxtOSEK/ecrobot/../ecrobot/libecrobot.a(colorsensor.o)
 .comment       0x00000035       0x12 /home/ubuntu/NXT/nxtOSEK/ecrobot/../ecrobot/libecrobot.a(osek_hook.o)
 .comment       0x00000047       0x12 /home/ubuntu/NXT/nxtOSEK/ecrobot/../ecrobot/libecrobot.a(uart.oram)
 .comment       0x00000059       0x12 /home/ubuntu/NXT/nxtOSEK/ecrobot/../ecrobot/libecrobot.a(systick.oram)
 .comment       0x0000006b       0x12 /home/ubuntu/NXT/nxtOSEK/ecrobot/../ecrobot/libecrobot.a(byte_fifo.oram)
 .comment       0x0000007d       0x12 /home/ubuntu/NXT/nxtOSEK/ecrobot/../ecrobot/libecrobot.a(aic.oram)
 .comment       0x0000008f       0x12 /home/ubuntu/NXT/nxtOSEK/ecrobot/../ecrobot/libecrobot.a(udp.oram)
 .comment       0x000000a1       0x12 /home/ubuntu/NXT/nxtOSEK/ecrobot/../ecrobot/libecrobot.a(twi.oram)
 .comment       0x000000b3       0x12 /home/ubuntu/NXT/nxtOSEK/ecrobot/../ecrobot/libecrobot.a(nxt_spi.oram)
 .comment       0x000000c5       0x12 /home/ubuntu/NXT/nxtOSEK/ecrobot/../ecrobot/libecrobot.a(nxt_motors.oram)
 .comment       0x000000d7       0x12 /home/ubuntu/NXT/nxtOSEK/ecrobot/../ecrobot/libecrobot.a(data_abort.oram)
 .comment       0x000000e9       0x12 /home/ubuntu/NXT/nxtOSEK/ecrobot/../ecrobot/libecrobot.a(display.oram)
 .comment       0x000000fb       0x12 /home/ubuntu/NXT/nxtOSEK/ecrobot/../ecrobot/libecrobot.a(i2c.oram)
 .comment       0x0000010d       0x12 /home/ubuntu/NXT/nxtOSEK/ecrobot/../ecrobot/libecrobot.a(sound.oram)
 .comment       0x0000011f       0x12 /home/ubuntu/NXT/nxtOSEK/ecrobot/../ecrobot/libecrobot.a(bt.oram)
 .comment       0x00000131       0x12 /home/ubuntu/NXT/nxtOSEK/ecrobot/../ecrobot/libecrobot.a(nxt_avr.oram)
 .comment       0x00000143       0x12 /home/ubuntu/NXT/nxtOSEK/ecrobot/../ecrobot/libecrobot.a(sensors.oram)
 .comment       0x00000155       0x12 /home/ubuntu/NXT/nxtOSEK/ecrobot/../ecrobot/libecrobot.a(sensors1.oram)
 .comment       0x00000167       0x12 /home/ubuntu/NXT/nxtOSEK/ecrobot/../ecrobot/libecrobot.a(nxt_lcd.oram)
 .comment       0x00000179       0x12 /home/ubuntu/NXT/nxtOSEK/ecrobot/../ecrobot/libecrobot.a(flash_loader.oram)
 .comment       0x0000018b       0x12 /home/ubuntu/NXT/nxtOSEK/ecrobot/../ecrobot/libecrobot.a(ecrobot_usb.o)
 .comment       0x0000019d       0x12 /home/ubuntu/NXT/nxtOSEK/ecrobot/../ecrobot/libecrobot.a(flashprog.oram)
 .comment       0x00000000       0x12 /home/ubuntu/NXT/gnuarm/lib/gcc/arm-elf/4.4.2/../../../../arm-elf/lib/thumb/interwork/libm.a(lib_a-sf_sin.o)
 .comment       0x00000000       0x12 /home/ubuntu/NXT/gnuarm/lib/gcc/arm-elf/4.4.2/../../../../arm-elf/lib/thumb/interwork/libm.a(lib_a-s_round.o)
 .comment       0x00000000       0x12 /home/ubuntu/NXT/gnuarm/lib/gcc/arm-elf/4.4.2/../../../../arm-elf/lib/thumb/interwork/libm.a(lib_a-ef_rem_pio2.o)
 .comment       0x00000000       0x12 /home/ubuntu/NXT/gnuarm/lib/gcc/arm-elf/4.4.2/../../../../arm-elf/lib/thumb/interwork/libm.a(lib_a-kf_cos.o)
 .comment       0x00000000       0x12 /home/ubuntu/NXT/gnuarm/lib/gcc/arm-elf/4.4.2/../../../../arm-elf/lib/thumb/interwork/libm.a(lib_a-kf_rem_pio2.o)
 .comment       0x00000000       0x12 /home/ubuntu/NXT/gnuarm/lib/gcc/arm-elf/4.4.2/../../../../arm-elf/lib/thumb/interwork/libm.a(lib_a-kf_sin.o)
 .comment       0x00000000       0x12 /home/ubuntu/NXT/gnuarm/lib/gcc/arm-elf/4.4.2/../../../../arm-elf/lib/thumb/interwork/libm.a(lib_a-sf_fabs.o)
 .comment       0x00000000       0x12 /home/ubuntu/NXT/gnuarm/lib/gcc/arm-elf/4.4.2/../../../../arm-elf/lib/thumb/interwork/libm.a(lib_a-sf_floor.o)
 .comment       0x00000000       0x12 /home/ubuntu/NXT/gnuarm/lib/gcc/arm-elf/4.4.2/../../../../arm-elf/lib/thumb/interwork/libm.a(lib_a-sf_scalbn.o)
 .comment       0x00000000       0x12 /home/ubuntu/NXT/gnuarm/lib/gcc/arm-elf/4.4.2/../../../../arm-elf/lib/thumb/interwork/libm.a(lib_a-sf_copysign.o)
 .comment       0x00000000       0x12 /home/ubuntu/NXT/gnuarm/lib/gcc/arm-elf/4.4.2/thumb/interwork/libgcc.a(_muldi3.o)
 .comment       0x00000000       0x12 /home/ubuntu/NXT/gnuarm/lib/gcc/arm-elf/4.4.2/thumb/interwork/libgcc.a(_divdi3.o)
 .comment       0x00000000       0x12 /home/ubuntu/NXT/gnuarm/lib/gcc/arm-elf/4.4.2/../../../../arm-elf/lib/thumb/interwork/libc.a(lib_a-memcpy.o)
 .comment       0x00000000       0x12 /home/ubuntu/NXT/gnuarm/lib/gcc/arm-elf/4.4.2/../../../../arm-elf/lib/thumb/interwork/libc.a(lib_a-memset.o)
 .comment       0x00000000       0x12 /home/ubuntu/NXT/gnuarm/lib/gcc/arm-elf/4.4.2/../../../../arm-elf/lib/thumb/interwork/libc.a(lib_a-strcmp.o)
 .comment       0x00000000       0x12 /home/ubuntu/NXT/gnuarm/lib/gcc/arm-elf/4.4.2/../../../../arm-elf/lib/thumb/interwork/libc.a(lib_a-strcpy.o)
 .comment       0x00000000       0x12 /home/ubuntu/NXT/gnuarm/lib/gcc/arm-elf/4.4.2/../../../../arm-elf/lib/thumb/interwork/libc.a(lib_a-strlen.o)
 .comment       0x00000000       0x12 /home/ubuntu/NXT/gnuarm/lib/gcc/arm-elf/4.4.2/../../../../arm-elf/lib/thumb/interwork/libc.a(lib_a-strncpy.o)

.ARM.attributes
                0x00000000       0x10
 .ARM.attributes
                0x00000000       0x10 build/kernel/alarm.o
 .ARM.attributes
                0x00000010       0x10 build/kernel/event.o
 .ARM.attributes
                0x00000020       0x10 build/kernel/interrupt.o
 .ARM.attributes
                0x00000030       0x10 build/kernel/osctl.o
 .ARM.attributes
                0x00000040       0x10 build/kernel/resource.o
 .ARM.attributes
                0x00000050       0x10 build/kernel/task.o
 .ARM.attributes
                0x00000060       0x10 build/kernel/task_manage.o
 .ARM.attributes
                0x00000070       0x10 build/config/at91sam7s-gnu/cpu_config.o
 .ARM.attributes
                0x00000080       0x10 build/config/at91sam7s-gnu/lego_nxt/sys_config.o
 .ARM.attributes
                0x00000090       0x10 build/./kernel_cfg.o
 .ARM.attributes
                0x000000a0       0x10 build/syscalls.o
 .ARM.attributes
                0x000000b0       0x10 build/ecrobot_bluetooth.o
 .ARM.attributes
                0x000000c0       0x10 build/ecrobot_base.o
 .ARM.attributes
                0x000000d0       0x10 build/ecrobot.o
 .ARM.attributes
                0x000000e0       0x10 build/BRO_spam_client.o
 .ARM.attributes
                0x000000f0       0x10 build/common/bt_comm.o
 .ARM.attributes
                0x00000100       0x10 build/common/simul_config.o
 .ARM.attributes
                0x00000110       0x10 build/syslib/at91sam7s-gnu/lego_nxt/hw_sys_timer.oram
 .ARM.attributes
                0x00000120       0x10 build/nxtvm/platform/nxt/vectors.o
 .ARM.attributes
                0x00000130       0x10 build/config/at91sam7s-gnu/debug.o
 .ARM.attributes
                0x00000140       0x10 build/config/at91sam7s-gnu/lego_nxt/sys_support.o
 .ARM.attributes
                0x00000150       0x10 build/nxt_binary_header.o
 .ARM.attributes
                0x00000160       0x10 build/nxt_entry_point.o
 .ARM.attributes
                0x00000170       0x10 build/ecrobot_init.o
 .ARM.attributes
                0x00000180       0x10 build/config/at91sam7s-gnu/cpu_support.oram
 .ARM.attributes
                0x00000190       0x10 build/config/at91sam7s-gnu/irq.oram
 .ARM.attributes
                0x000001a0       0x10 /home/ubuntu/NXT/gnuarm/lib/gcc/arm-elf/4.4.2/../../../../arm-elf/lib/thumb/interwork/libm.a(lib_a-sf_sin.o)
 .ARM.attributes
                0x000001b0       0x10 /home/ubuntu/NXT/gnuarm/lib/gcc/arm-elf/4.4.2/../../../../arm-elf/lib/thumb/interwork/libm.a(lib_a-s_round.o)
 .ARM.attributes
                0x000001c0       0x10 /home/ubuntu/NXT/gnuarm/lib/gcc/arm-elf/4.4.2/../../../../arm-elf/lib/thumb/interwork/libm.a(lib_a-ef_rem_pio2.o)
 .ARM.attributes
                0x000001d0       0x10 /home/ubuntu/NXT/gnuarm/lib/gcc/arm-elf/4.4.2/../../../../arm-elf/lib/thumb/interwork/libm.a(lib_a-kf_cos.o)
 .ARM.attributes
                0x000001e0       0x10 /home/ubuntu/NXT/gnuarm/lib/gcc/arm-elf/4.4.2/../../../../arm-elf/lib/thumb/interwork/libm.a(lib_a-kf_rem_pio2.o)
 .ARM.attributes
                0x000001f0       0x10 /home/ubuntu/NXT/gnuarm/lib/gcc/arm-elf/4.4.2/../../../../arm-elf/lib/thumb/interwork/libm.a(lib_a-kf_sin.o)
 .ARM.attributes
                0x00000200       0x10 /home/ubuntu/NXT/gnuarm/lib/gcc/arm-elf/4.4.2/../../../../arm-elf/lib/thumb/interwork/libm.a(lib_a-sf_fabs.o)
 .ARM.attributes
                0x00000210       0x10 /home/ubuntu/NXT/gnuarm/lib/gcc/arm-elf/4.4.2/../../../../arm-elf/lib/thumb/interwork/libm.a(lib_a-sf_floor.o)
 .ARM.attributes
                0x00000220       0x10 /home/ubuntu/NXT/gnuarm/lib/gcc/arm-elf/4.4.2/../../../../arm-elf/lib/thumb/interwork/libm.a(lib_a-sf_scalbn.o)
 .ARM.attributes
                0x00000230       0x10 /home/ubuntu/NXT/gnuarm/lib/gcc/arm-elf/4.4.2/../../../../arm-elf/lib/thumb/interwork/libm.a(lib_a-sf_copysign.o)
 .ARM.attributes
                0x00000240       0x10 /home/ubuntu/NXT/gnuarm/lib/gcc/arm-elf/4.4.2/thumb/interwork/libgcc.a(_udivsi3.o)
 .ARM.attributes
                0x00000250       0x10 /home/ubuntu/NXT/gnuarm/lib/gcc/arm-elf/4.4.2/thumb/interwork/libgcc.a(_divsi3.o)
 .ARM.attributes
                0x00000260       0x10 /home/ubuntu/NXT/gnuarm/lib/gcc/arm-elf/4.4.2/thumb/interwork/libgcc.a(_umodsi3.o)
 .ARM.attributes
                0x00000270       0x10 /home/ubuntu/NXT/gnuarm/lib/gcc/arm-elf/4.4.2/thumb/interwork/libgcc.a(_modsi3.o)
 .ARM.attributes
                0x00000280       0x10 /home/ubuntu/NXT/gnuarm/lib/gcc/arm-elf/4.4.2/thumb/interwork/libgcc.a(_dvmd_tls.o)
 .ARM.attributes
                0x00000290       0x10 /home/ubuntu/NXT/gnuarm/lib/gcc/arm-elf/4.4.2/thumb/interwork/libgcc.a(_arm_addsubdf3.o)
 .ARM.attributes
                0x000002a0       0x10 /home/ubuntu/NXT/gnuarm/lib/gcc/arm-elf/4.4.2/thumb/interwork/libgcc.a(_arm_muldivdf3.o)
 .ARM.attributes
                0x000002b0       0x10 /home/ubuntu/NXT/gnuarm/lib/gcc/arm-elf/4.4.2/thumb/interwork/libgcc.a(_arm_cmpdf2.o)
 .ARM.attributes
                0x000002c0       0x10 /home/ubuntu/NXT/gnuarm/lib/gcc/arm-elf/4.4.2/thumb/interwork/libgcc.a(_arm_fixdfsi.o)
 .ARM.attributes
                0x000002d0       0x10 /home/ubuntu/NXT/gnuarm/lib/gcc/arm-elf/4.4.2/thumb/interwork/libgcc.a(_arm_addsubsf3.o)
 .ARM.attributes
                0x000002e0       0x10 /home/ubuntu/NXT/gnuarm/lib/gcc/arm-elf/4.4.2/thumb/interwork/libgcc.a(_arm_muldivsf3.o)
 .ARM.attributes
                0x000002f0       0x10 /home/ubuntu/NXT/gnuarm/lib/gcc/arm-elf/4.4.2/thumb/interwork/libgcc.a(_arm_cmpsf2.o)
 .ARM.attributes
                0x00000300       0x10 /home/ubuntu/NXT/gnuarm/lib/gcc/arm-elf/4.4.2/thumb/interwork/libgcc.a(_arm_fixsfsi.o)
 .ARM.attributes
                0x00000310       0x10 /home/ubuntu/NXT/gnuarm/lib/gcc/arm-elf/4.4.2/thumb/interwork/libgcc.a(_muldi3.o)
 .ARM.attributes
                0x00000320       0x10 /home/ubuntu/NXT/gnuarm/lib/gcc/arm-elf/4.4.2/thumb/interwork/libgcc.a(_divdi3.o)
 .ARM.attributes
                0x00000330       0x10 /home/ubuntu/NXT/gnuarm/lib/gcc/arm-elf/4.4.2/thumb/interwork/libgcc.a(_clzsi2.o)
 .ARM.attributes
                0x00000340       0x10 /home/ubuntu/NXT/gnuarm/lib/gcc/arm-elf/4.4.2/../../../../arm-elf/lib/thumb/interwork/libc.a(lib_a-memcpy.o)
 .ARM.attributes
                0x00000350       0x10 /home/ubuntu/NXT/gnuarm/lib/gcc/arm-elf/4.4.2/../../../../arm-elf/lib/thumb/interwork/libc.a(lib_a-memset.o)
 .ARM.attributes
                0x00000360       0x10 /home/ubuntu/NXT/gnuarm/lib/gcc/arm-elf/4.4.2/../../../../arm-elf/lib/thumb/interwork/libc.a(lib_a-strcmp.o)
 .ARM.attributes
                0x00000370       0x10 /home/ubuntu/NXT/gnuarm/lib/gcc/arm-elf/4.4.2/../../../../arm-elf/lib/thumb/interwork/libc.a(lib_a-strcpy.o)
 .ARM.attributes
                0x00000380       0x10 /home/ubuntu/NXT/gnuarm/lib/gcc/arm-elf/4.4.2/../../../../arm-elf/lib/thumb/interwork/libc.a(lib_a-strlen.o)
 .ARM.attributes
                0x00000390       0x10 /home/ubuntu/NXT/gnuarm/lib/gcc/arm-elf/4.4.2/../../../../arm-elf/lib/thumb/interwork/libc.a(lib_a-strncpy.o)
 .ARM.attributes
                0x000003a0       0x10 build/nxtvm/platform/nxt/vectors.o

.debug_abbrev   0x00000000      0xe87
 .debug_abbrev  0x00000000       0xa1 /home/ubuntu/NXT/gnuarm/lib/gcc/arm-elf/4.4.2/../../../../arm-elf/lib/thumb/interwork/libm.a(lib_a-sf_sin.o)
 .debug_abbrev  0x000000a1       0xf1 /home/ubuntu/NXT/gnuarm/lib/gcc/arm-elf/4.4.2/../../../../arm-elf/lib/thumb/interwork/libm.a(lib_a-s_round.o)
 .debug_abbrev  0x00000192      0x117 /home/ubuntu/NXT/gnuarm/lib/gcc/arm-elf/4.4.2/../../../../arm-elf/lib/thumb/interwork/libm.a(lib_a-ef_rem_pio2.o)
 .debug_abbrev  0x000002a9       0xd5 /home/ubuntu/NXT/gnuarm/lib/gcc/arm-elf/4.4.2/../../../../arm-elf/lib/thumb/interwork/libm.a(lib_a-kf_cos.o)
 .debug_abbrev  0x0000037e      0x109 /home/ubuntu/NXT/gnuarm/lib/gcc/arm-elf/4.4.2/../../../../arm-elf/lib/thumb/interwork/libm.a(lib_a-kf_rem_pio2.o)
 .debug_abbrev  0x00000487       0xe4 /home/ubuntu/NXT/gnuarm/lib/gcc/arm-elf/4.4.2/../../../../arm-elf/lib/thumb/interwork/libm.a(lib_a-kf_sin.o)
 .debug_abbrev  0x0000056b       0x71 /home/ubuntu/NXT/gnuarm/lib/gcc/arm-elf/4.4.2/../../../../arm-elf/lib/thumb/interwork/libm.a(lib_a-sf_fabs.o)
 .debug_abbrev  0x000005dc       0x8b /home/ubuntu/NXT/gnuarm/lib/gcc/arm-elf/4.4.2/../../../../arm-elf/lib/thumb/interwork/libm.a(lib_a-sf_floor.o)
 .debug_abbrev  0x00000667       0xc8 /home/ubuntu/NXT/gnuarm/lib/gcc/arm-elf/4.4.2/../../../../arm-elf/lib/thumb/interwork/libm.a(lib_a-sf_scalbn.o)
 .debug_abbrev  0x0000072f       0x80 /home/ubuntu/NXT/gnuarm/lib/gcc/arm-elf/4.4.2/../../../../arm-elf/lib/thumb/interwork/libm.a(lib_a-sf_copysign.o)
 .debug_abbrev  0x000007af       0x14 /home/ubuntu/NXT/gnuarm/lib/gcc/arm-elf/4.4.2/thumb/interwork/libgcc.a(_udivsi3.o)
 .debug_abbrev  0x000007c3       0x14 /home/ubuntu/NXT/gnuarm/lib/gcc/arm-elf/4.4.2/thumb/interwork/libgcc.a(_divsi3.o)
 .debug_abbrev  0x000007d7       0x14 /home/ubuntu/NXT/gnuarm/lib/gcc/arm-elf/4.4.2/thumb/interwork/libgcc.a(_umodsi3.o)
 .debug_abbrev  0x000007eb       0x14 /home/ubuntu/NXT/gnuarm/lib/gcc/arm-elf/4.4.2/thumb/interwork/libgcc.a(_modsi3.o)
 .debug_abbrev  0x000007ff       0x14 /home/ubuntu/NXT/gnuarm/lib/gcc/arm-elf/4.4.2/thumb/interwork/libgcc.a(_dvmd_tls.o)
 .debug_abbrev  0x00000813       0x14 /home/ubuntu/NXT/gnuarm/lib/gcc/arm-elf/4.4.2/thumb/interwork/libgcc.a(_arm_addsubdf3.o)
 .debug_abbrev  0x00000827       0x14 /home/ubuntu/NXT/gnuarm/lib/gcc/arm-elf/4.4.2/thumb/interwork/libgcc.a(_arm_muldivdf3.o)
 .debug_abbrev  0x0000083b       0x14 /home/ubuntu/NXT/gnuarm/lib/gcc/arm-elf/4.4.2/thumb/interwork/libgcc.a(_arm_cmpdf2.o)
 .debug_abbrev  0x0000084f       0x14 /home/ubuntu/NXT/gnuarm/lib/gcc/arm-elf/4.4.2/thumb/interwork/libgcc.a(_arm_fixdfsi.o)
 .debug_abbrev  0x00000863       0x14 /home/ubuntu/NXT/gnuarm/lib/gcc/arm-elf/4.4.2/thumb/interwork/libgcc.a(_arm_addsubsf3.o)
 .debug_abbrev  0x00000877       0x14 /home/ubuntu/NXT/gnuarm/lib/gcc/arm-elf/4.4.2/thumb/interwork/libgcc.a(_arm_muldivsf3.o)
 .debug_abbrev  0x0000088b       0x14 /home/ubuntu/NXT/gnuarm/lib/gcc/arm-elf/4.4.2/thumb/interwork/libgcc.a(_arm_cmpsf2.o)
 .debug_abbrev  0x0000089f       0x14 /home/ubuntu/NXT/gnuarm/lib/gcc/arm-elf/4.4.2/thumb/interwork/libgcc.a(_arm_fixsfsi.o)
 .debug_abbrev  0x000008b3       0xf5 /home/ubuntu/NXT/gnuarm/lib/gcc/arm-elf/4.4.2/thumb/interwork/libgcc.a(_muldi3.o)
 .debug_abbrev  0x000009a8      0x169 /home/ubuntu/NXT/gnuarm/lib/gcc/arm-elf/4.4.2/thumb/interwork/libgcc.a(_divdi3.o)
 .debug_abbrev  0x00000b11       0x14 /home/ubuntu/NXT/gnuarm/lib/gcc/arm-elf/4.4.2/thumb/interwork/libgcc.a(_clzsi2.o)
 .debug_abbrev  0x00000b25       0xa0 /home/ubuntu/NXT/gnuarm/lib/gcc/arm-elf/4.4.2/../../../../arm-elf/lib/thumb/interwork/libc.a(lib_a-memcpy.o)
 .debug_abbrev  0x00000bc5       0xa1 /home/ubuntu/NXT/gnuarm/lib/gcc/arm-elf/4.4.2/../../../../arm-elf/lib/thumb/interwork/libc.a(lib_a-memset.o)
 .debug_abbrev  0x00000c66       0x76 /home/ubuntu/NXT/gnuarm/lib/gcc/arm-elf/4.4.2/../../../../arm-elf/lib/thumb/interwork/libc.a(lib_a-strcmp.o)
 .debug_abbrev  0x00000cdc       0x76 /home/ubuntu/NXT/gnuarm/lib/gcc/arm-elf/4.4.2/../../../../arm-elf/lib/thumb/interwork/libc.a(lib_a-strcpy.o)
 .debug_abbrev  0x00000d52       0x92 /home/ubuntu/NXT/gnuarm/lib/gcc/arm-elf/4.4.2/../../../../arm-elf/lib/thumb/interwork/libc.a(lib_a-strlen.o)
 .debug_abbrev  0x00000de4       0xa3 /home/ubuntu/NXT/gnuarm/lib/gcc/arm-elf/4.4.2/../../../../arm-elf/lib/thumb/interwork/libc.a(lib_a-strncpy.o)

.debug_info     0x00000000     0x27b3
 .debug_info    0x00000000       0xf8 /home/ubuntu/NXT/gnuarm/lib/gcc/arm-elf/4.4.2/../../../../arm-elf/lib/thumb/interwork/libm.a(lib_a-sf_sin.o)
 .debug_info    0x000000f8      0x1c5 /home/ubuntu/NXT/gnuarm/lib/gcc/arm-elf/4.4.2/../../../../arm-elf/lib/thumb/interwork/libm.a(lib_a-s_round.o)
 .debug_info    0x000002bd      0x2d6 /home/ubuntu/NXT/gnuarm/lib/gcc/arm-elf/4.4.2/../../../../arm-elf/lib/thumb/interwork/libm.a(lib_a-ef_rem_pio2.o)
 .debug_info    0x00000593      0x1d0 /home/ubuntu/NXT/gnuarm/lib/gcc/arm-elf/4.4.2/../../../../arm-elf/lib/thumb/interwork/libm.a(lib_a-kf_cos.o)
 .debug_info    0x00000763      0x2c6 /home/ubuntu/NXT/gnuarm/lib/gcc/arm-elf/4.4.2/../../../../arm-elf/lib/thumb/interwork/libm.a(lib_a-kf_rem_pio2.o)
 .debug_info    0x00000a29      0x1be /home/ubuntu/NXT/gnuarm/lib/gcc/arm-elf/4.4.2/../../../../arm-elf/lib/thumb/interwork/libm.a(lib_a-kf_sin.o)
 .debug_info    0x00000be7       0xc2 /home/ubuntu/NXT/gnuarm/lib/gcc/arm-elf/4.4.2/../../../../arm-elf/lib/thumb/interwork/libm.a(lib_a-sf_fabs.o)
 .debug_info    0x00000ca9      0x115 /home/ubuntu/NXT/gnuarm/lib/gcc/arm-elf/4.4.2/../../../../arm-elf/lib/thumb/interwork/libm.a(lib_a-sf_floor.o)
 .debug_info    0x00000dbe      0x187 /home/ubuntu/NXT/gnuarm/lib/gcc/arm-elf/4.4.2/../../../../arm-elf/lib/thumb/interwork/libm.a(lib_a-sf_scalbn.o)
 .debug_info    0x00000f45       0xd7 /home/ubuntu/NXT/gnuarm/lib/gcc/arm-elf/4.4.2/../../../../arm-elf/lib/thumb/interwork/libm.a(lib_a-sf_copysign.o)
 .debug_info    0x0000101c       0xae /home/ubuntu/NXT/gnuarm/lib/gcc/arm-elf/4.4.2/thumb/interwork/libgcc.a(_udivsi3.o)
 .debug_info    0x000010ca       0xae /home/ubuntu/NXT/gnuarm/lib/gcc/arm-elf/4.4.2/thumb/interwork/libgcc.a(_divsi3.o)
 .debug_info    0x00001178       0xae /home/ubuntu/NXT/gnuarm/lib/gcc/arm-elf/4.4.2/thumb/interwork/libgcc.a(_umodsi3.o)
 .debug_info    0x00001226       0xae /home/ubuntu/NXT/gnuarm/lib/gcc/arm-elf/4.4.2/thumb/interwork/libgcc.a(_modsi3.o)
 .debug_info    0x000012d4       0xae /home/ubuntu/NXT/gnuarm/lib/gcc/arm-elf/4.4.2/thumb/interwork/libgcc.a(_dvmd_tls.o)
 .debug_info    0x00001382       0xad /home/ubuntu/NXT/gnuarm/lib/gcc/arm-elf/4.4.2/thumb/interwork/libgcc.a(_arm_addsubdf3.o)
 .debug_info    0x0000142f       0xad /home/ubuntu/NXT/gnuarm/lib/gcc/arm-elf/4.4.2/thumb/interwork/libgcc.a(_arm_muldivdf3.o)
 .debug_info    0x000014dc       0xad /home/ubuntu/NXT/gnuarm/lib/gcc/arm-elf/4.4.2/thumb/interwork/libgcc.a(_arm_cmpdf2.o)
 .debug_info    0x00001589       0xad /home/ubuntu/NXT/gnuarm/lib/gcc/arm-elf/4.4.2/thumb/interwork/libgcc.a(_arm_fixdfsi.o)
 .debug_info    0x00001636       0xad /home/ubuntu/NXT/gnuarm/lib/gcc/arm-elf/4.4.2/thumb/interwork/libgcc.a(_arm_addsubsf3.o)
 .debug_info    0x000016e3       0xad /home/ubuntu/NXT/gnuarm/lib/gcc/arm-elf/4.4.2/thumb/interwork/libgcc.a(_arm_muldivsf3.o)
 .debug_info    0x00001790       0xad /home/ubuntu/NXT/gnuarm/lib/gcc/arm-elf/4.4.2/thumb/interwork/libgcc.a(_arm_cmpsf2.o)
 .debug_info    0x0000183d       0xad /home/ubuntu/NXT/gnuarm/lib/gcc/arm-elf/4.4.2/thumb/interwork/libgcc.a(_arm_fixsfsi.o)
 .debug_info    0x000018ea      0x20e /home/ubuntu/NXT/gnuarm/lib/gcc/arm-elf/4.4.2/thumb/interwork/libgcc.a(_muldi3.o)
 .debug_info    0x00001af8      0x669 /home/ubuntu/NXT/gnuarm/lib/gcc/arm-elf/4.4.2/thumb/interwork/libgcc.a(_divdi3.o)
 .debug_info    0x00002161       0xae /home/ubuntu/NXT/gnuarm/lib/gcc/arm-elf/4.4.2/thumb/interwork/libgcc.a(_clzsi2.o)
 .debug_info    0x0000220f      0x13e /home/ubuntu/NXT/gnuarm/lib/gcc/arm-elf/4.4.2/../../../../arm-elf/lib/thumb/interwork/libc.a(lib_a-memcpy.o)
 .debug_info    0x0000234d      0x111 /home/ubuntu/NXT/gnuarm/lib/gcc/arm-elf/4.4.2/../../../../arm-elf/lib/thumb/interwork/libc.a(lib_a-memset.o)
 .debug_info    0x0000245e       0xaf /home/ubuntu/NXT/gnuarm/lib/gcc/arm-elf/4.4.2/../../../../arm-elf/lib/thumb/interwork/libc.a(lib_a-strcmp.o)
 .debug_info    0x0000250d       0xb7 /home/ubuntu/NXT/gnuarm/lib/gcc/arm-elf/4.4.2/../../../../arm-elf/lib/thumb/interwork/libc.a(lib_a-strcpy.o)
 .debug_info    0x000025c4       0xcb /home/ubuntu/NXT/gnuarm/lib/gcc/arm-elf/4.4.2/../../../../arm-elf/lib/thumb/interwork/libc.a(lib_a-strlen.o)
 .debug_info    0x0000268f      0x124 /home/ubuntu/NXT/gnuarm/lib/gcc/arm-elf/4.4.2/../../../../arm-elf/lib/thumb/interwork/libc.a(lib_a-strncpy.o)

.debug_line     0x00000000     0x1f5e
 .debug_line    0x00000000      0x119 /home/ubuntu/NXT/gnuarm/lib/gcc/arm-elf/4.4.2/../../../../arm-elf/lib/thumb/interwork/libm.a(lib_a-sf_sin.o)
 .debug_line    0x00000119      0x133 /home/ubuntu/NXT/gnuarm/lib/gcc/arm-elf/4.4.2/../../../../arm-elf/lib/thumb/interwork/libm.a(lib_a-s_round.o)
 .debug_line    0x0000024c      0x178 /home/ubuntu/NXT/gnuarm/lib/gcc/arm-elf/4.4.2/../../../../arm-elf/lib/thumb/interwork/libm.a(lib_a-ef_rem_pio2.o)
 .debug_line    0x000003c4      0x12a /home/ubuntu/NXT/gnuarm/lib/gcc/arm-elf/4.4.2/../../../../arm-elf/lib/thumb/interwork/libm.a(lib_a-kf_cos.o)
 .debug_line    0x000004ee      0x278 /home/ubuntu/NXT/gnuarm/lib/gcc/arm-elf/4.4.2/../../../../arm-elf/lib/thumb/interwork/libm.a(lib_a-kf_rem_pio2.o)
 .debug_line    0x00000766      0x11f /home/ubuntu/NXT/gnuarm/lib/gcc/arm-elf/4.4.2/../../../../arm-elf/lib/thumb/interwork/libm.a(lib_a-kf_sin.o)
 .debug_line    0x00000885      0x105 /home/ubuntu/NXT/gnuarm/lib/gcc/arm-elf/4.4.2/../../../../arm-elf/lib/thumb/interwork/libm.a(lib_a-sf_fabs.o)
 .debug_line    0x0000098a      0x11e /home/ubuntu/NXT/gnuarm/lib/gcc/arm-elf/4.4.2/../../../../arm-elf/lib/thumb/interwork/libm.a(lib_a-sf_floor.o)
 .debug_line    0x00000aa8      0x134 /home/ubuntu/NXT/gnuarm/lib/gcc/arm-elf/4.4.2/../../../../arm-elf/lib/thumb/interwork/libm.a(lib_a-sf_scalbn.o)
 .debug_line    0x00000bdc      0x109 /home/ubuntu/NXT/gnuarm/lib/gcc/arm-elf/4.4.2/../../../../arm-elf/lib/thumb/interwork/libm.a(lib_a-sf_copysign.o)
 .debug_line    0x00000ce5       0x8c /home/ubuntu/NXT/gnuarm/lib/gcc/arm-elf/4.4.2/thumb/interwork/libgcc.a(_udivsi3.o)
 .debug_line    0x00000d71       0x98 /home/ubuntu/NXT/gnuarm/lib/gcc/arm-elf/4.4.2/thumb/interwork/libgcc.a(_divsi3.o)
 .debug_line    0x00000e09       0x84 /home/ubuntu/NXT/gnuarm/lib/gcc/arm-elf/4.4.2/thumb/interwork/libgcc.a(_umodsi3.o)
 .debug_line    0x00000e8d       0x8d /home/ubuntu/NXT/gnuarm/lib/gcc/arm-elf/4.4.2/thumb/interwork/libgcc.a(_modsi3.o)
 .debug_line    0x00000f1a       0x76 /home/ubuntu/NXT/gnuarm/lib/gcc/arm-elf/4.4.2/thumb/interwork/libgcc.a(_dvmd_tls.o)
 .debug_line    0x00000f90      0x17e /home/ubuntu/NXT/gnuarm/lib/gcc/arm-elf/4.4.2/thumb/interwork/libgcc.a(_arm_addsubdf3.o)
 .debug_line    0x0000110e      0x193 /home/ubuntu/NXT/gnuarm/lib/gcc/arm-elf/4.4.2/thumb/interwork/libgcc.a(_arm_muldivdf3.o)
 .debug_line    0x000012a1       0xc0 /home/ubuntu/NXT/gnuarm/lib/gcc/arm-elf/4.4.2/thumb/interwork/libgcc.a(_arm_cmpdf2.o)
 .debug_line    0x00001361       0x8b /home/ubuntu/NXT/gnuarm/lib/gcc/arm-elf/4.4.2/thumb/interwork/libgcc.a(_arm_fixdfsi.o)
 .debug_line    0x000013ec      0x12c /home/ubuntu/NXT/gnuarm/lib/gcc/arm-elf/4.4.2/thumb/interwork/libgcc.a(_arm_addsubsf3.o)
 .debug_line    0x00001518      0x136 /home/ubuntu/NXT/gnuarm/lib/gcc/arm-elf/4.4.2/thumb/interwork/libgcc.a(_arm_muldivsf3.o)
 .debug_line    0x0000164e       0xb4 /home/ubuntu/NXT/gnuarm/lib/gcc/arm-elf/4.4.2/thumb/interwork/libgcc.a(_arm_cmpsf2.o)
 .debug_line    0x00001702       0x8b /home/ubuntu/NXT/gnuarm/lib/gcc/arm-elf/4.4.2/thumb/interwork/libgcc.a(_arm_fixsfsi.o)
 .debug_line    0x0000178d       0x81 /home/ubuntu/NXT/gnuarm/lib/gcc/arm-elf/4.4.2/thumb/interwork/libgcc.a(_muldi3.o)
 .debug_line    0x0000180e       0xe2 /home/ubuntu/NXT/gnuarm/lib/gcc/arm-elf/4.4.2/thumb/interwork/libgcc.a(_divdi3.o)
 .debug_line    0x000018f0       0x83 /home/ubuntu/NXT/gnuarm/lib/gcc/arm-elf/4.4.2/thumb/interwork/libgcc.a(_clzsi2.o)
 .debug_line    0x00001973      0x13b /home/ubuntu/NXT/gnuarm/lib/gcc/arm-elf/4.4.2/../../../../arm-elf/lib/thumb/interwork/libc.a(lib_a-memcpy.o)
 .debug_line    0x00001aae      0x136 /home/ubuntu/NXT/gnuarm/lib/gcc/arm-elf/4.4.2/../../../../arm-elf/lib/thumb/interwork/libc.a(lib_a-memset.o)
 .debug_line    0x00001be4       0xb7 /home/ubuntu/NXT/gnuarm/lib/gcc/arm-elf/4.4.2/../../../../arm-elf/lib/thumb/interwork/libc.a(lib_a-strcmp.o)
 .debug_line    0x00001c9b       0xb7 /home/ubuntu/NXT/gnuarm/lib/gcc/arm-elf/4.4.2/../../../../arm-elf/lib/thumb/interwork/libc.a(lib_a-strcpy.o)
 .debug_line    0x00001d52       0xfc /home/ubuntu/NXT/gnuarm/lib/gcc/arm-elf/4.4.2/../../../../arm-elf/lib/thumb/interwork/libc.a(lib_a-strlen.o)
 .debug_line    0x00001e4e      0x110 /home/ubuntu/NXT/gnuarm/lib/gcc/arm-elf/4.4.2/../../../../arm-elf/lib/thumb/interwork/libc.a(lib_a-strncpy.o)

.debug_loc      0x00000000     0x1db8
 .debug_loc     0x00000000       0x9e /home/ubuntu/NXT/gnuarm/lib/gcc/arm-elf/4.4.2/../../../../arm-elf/lib/thumb/interwork/libm.a(lib_a-sf_sin.o)
 .debug_loc     0x0000009e      0x203 /home/ubuntu/NXT/gnuarm/lib/gcc/arm-elf/4.4.2/../../../../arm-elf/lib/thumb/interwork/libm.a(lib_a-s_round.o)
 .debug_loc     0x000002a1      0x294 /home/ubuntu/NXT/gnuarm/lib/gcc/arm-elf/4.4.2/../../../../arm-elf/lib/thumb/interwork/libm.a(lib_a-ef_rem_pio2.o)
 .debug_loc     0x00000535      0x12c /home/ubuntu/NXT/gnuarm/lib/gcc/arm-elf/4.4.2/../../../../arm-elf/lib/thumb/interwork/libm.a(lib_a-kf_cos.o)
 .debug_loc     0x00000661      0x723 /home/ubuntu/NXT/gnuarm/lib/gcc/arm-elf/4.4.2/../../../../arm-elf/lib/thumb/interwork/libm.a(lib_a-kf_rem_pio2.o)
 .debug_loc     0x00000d84       0xc4 /home/ubuntu/NXT/gnuarm/lib/gcc/arm-elf/4.4.2/../../../../arm-elf/lib/thumb/interwork/libm.a(lib_a-kf_sin.o)
 .debug_loc     0x00000e48       0x13 /home/ubuntu/NXT/gnuarm/lib/gcc/arm-elf/4.4.2/../../../../arm-elf/lib/thumb/interwork/libm.a(lib_a-sf_fabs.o)
 .debug_loc     0x00000e5b      0x118 /home/ubuntu/NXT/gnuarm/lib/gcc/arm-elf/4.4.2/../../../../arm-elf/lib/thumb/interwork/libm.a(lib_a-sf_floor.o)
 .debug_loc     0x00000f73      0x15a /home/ubuntu/NXT/gnuarm/lib/gcc/arm-elf/4.4.2/../../../../arm-elf/lib/thumb/interwork/libm.a(lib_a-sf_scalbn.o)
 .debug_loc     0x000010cd       0x13 /home/ubuntu/NXT/gnuarm/lib/gcc/arm-elf/4.4.2/../../../../arm-elf/lib/thumb/interwork/libm.a(lib_a-sf_copysign.o)
 .debug_loc     0x000010e0      0x156 /home/ubuntu/NXT/gnuarm/lib/gcc/arm-elf/4.4.2/thumb/interwork/libgcc.a(_muldi3.o)
 .debug_loc     0x00001236      0x800 /home/ubuntu/NXT/gnuarm/lib/gcc/arm-elf/4.4.2/thumb/interwork/libgcc.a(_divdi3.o)